<!doctype html public "-//w3c//dtd html 4.0 transitional//en">
<html><head>
<title>Static Call Graph - [.\Server_Use_OTA_ServiceManager\Objects\BLE_Chat_Server_Use_OTA_ServiceManager.axf]</title></head>
<body><HR>
<H1>Static Call Graph for image .\Server_Use_OTA_ServiceManager\Objects\BLE_Chat_Server_Use_OTA_ServiceManager.axf</H1><HR>
<BR><P>#&#060CALLGRAPH&#062# ARM Linker, 5060750: Last Updated: Thu Feb 27 22:20:23 2020
<BR><P>
<H3>Maximum Stack Usage =        200 bytes + Unknown(Functions without stacksize, Cycles, Untraceable Function Pointers)</H3><H3>
Call chain for Maximum Stack Depth:</H3>
RESET_HANDLER &rArr; main &rArr; CHAT_DeviceInit &rArr; Add_Chat_Service &rArr; __2printf
<P>
<H3>
Functions with no stack information
</H3><UL>
 <LI><a href="#[89]">ATT_fill_error_resp</a>
 <LI><a href="#[93]">Accu_Handles_Requiring_Auth</a>
 <LI><a href="#[94]">Accu_UuidTypes_Requiring_Auth</a>
 <LI><a href="#[c3]">Acl_Init</a>
 <LI><a href="#[96]">Acl_Rcv_Pkt_Handler</a>
 <LI><a href="#[99]">Acl_Transmit_Data</a>
 <LI><a href="#[9f]">Acl_Tx_Cmpl_Pkt_Handler</a>
 <LI><a href="#[a4]">Att_Check_Perms</a>
 <LI><a href="#[ab]">BTLE_StackTick</a>
 <LI><a href="#[bb]">BlueNRG_Stack_Initialization</a>
 <LI><a href="#[d1]">Blue_Init_Global</a>
 <LI><a href="#[d2]">Blue_Set_Radio_Config_Data</a>
 <LI><a href="#[d4]">Build_Notif_Or_Ind</a>
 <LI><a href="#[db]">CheckSecForSignedWrite</a>
 <LI><a href="#[135]">Check_Encry_Key_Size</a>
 <LI><a href="#[dc]">Check_For_Service_Change</a>
 <LI><a href="#[a6]">Check_Permission</a>
 <LI><a href="#[ae]">Controller_Process_Q</a>
 <LI><a href="#[e6]">Data_Len_Update_Offline_Processing_ucfg</a>
 <LI><a href="#[2ac]">Data_Length_Update_Control_ISR_ucfg</a>
 <LI><a href="#[2c6]">Delay_With_NOP_Cycles</a>
 <LI><a href="#[e7]">Disconnection_Offline_Processing</a>
 <LI><a href="#[cb]">Dynamic_allocator</a>
 <LI><a href="#[cc]">Dynamic_allocator_noRet</a>
 <LI><a href="#[af]">Events_Process_Q</a>
 <LI><a href="#[c9]">Events_Process_init</a>
 <LI><a href="#[f5]">Exchg_Mtu_Resp</a>
 <LI><a href="#[f6]">Exec_Write_Resp</a>
 <LI><a href="#[e0]">Find_Attr_Index</a>
 <LI><a href="#[fe]">Find_By_Type_Val_Resp</a>
 <LI><a href="#[df]">Find_Gatt_Client</a>
 <LI><a href="#[101]">Find_Info_Resp</a>
 <LI><a href="#[129]">Find_Timed_Out_Connection</a>
 <LI><a href="#[102]">Flash_Write_Flagged</a>
 <LI><a href="#[103]">GAP_Connection_Complete_Handler</a>
 <LI><a href="#[225]">GAP_DiscProcTimeoutcb_ucfg</a>
 <LI><a href="#[105]">GAP_Init</a>
 <LI><a href="#[c6]">GAP_Init_Context</a>
 <LI><a href="#[10d]">GAP_LL_Event_Handler_ISR</a>
 <LI><a href="#[224]">GAP_LimDiscTimeoutcb_ucfg</a>
 <LI><a href="#[10f]">GAP_Notify_Add_Charac</a>
 <LI><a href="#[112]">GAP_Privacy1v2</a>
 <LI><a href="#[11a]">GAP_PrivateAddrTimercb</a>
 <LI><a href="#[b2]">GAP_Process_Q</a>
 <LI><a href="#[11f]">GAP_Set_Discoverable_Mode</a>
 <LI><a href="#[108]">GAP_check_and_set_role_ucfg</a>
 <LI><a href="#[11e]">GAP_discover_peer_name_ucfg</a>
 <LI><a href="#[109]">GAP_enable_controller_privacy_ucfg</a>
 <LI><a href="#[121]">GATT_Connection_Complete_Handler</a>
 <LI><a href="#[110]">GATT_Num_Charac_Present</a>
 <LI><a href="#[125]">GATT_Send_Packet</a>
 <LI><a href="#[128]">GATT_TimeOut_Handler</a>
 <LI><a href="#[2cd]">GapIsPrivacySupported</a>
 <LI><a href="#[12f]">Gatt_Add_Charac_Desc</a>
 <LI><a href="#[10b]">Gatt_Add_Characteristic</a>
 <LI><a href="#[133]">Gatt_Add_Descriptor</a>
 <LI><a href="#[10a]">Gatt_Add_Service</a>
 <LI><a href="#[1d6]">Gatt_Find_Srv_From_Handle</a>
 <LI><a href="#[8e]">Gatt_Find_Srv_Owner_Of_Handle</a>
 <LI><a href="#[142]">Gatt_Find_Timed_Out_Connection_Index</a>
 <LI><a href="#[b3]">Gatt_Process_Q</a>
 <LI><a href="#[130]">Gatt_Server_Db_Check</a>
 <LI><a href="#[144]">Gatt_Server_Init</a>
 <LI><a href="#[146]">Gatt_Server_L2C_Handler</a>
 <LI><a href="#[14b]">Gatt_Server_L2C_Handler_ISR</a>
 <LI><a href="#[10c]">Gatt_Update_Charac_Value</a>
 <LI><a href="#[14e]">Gatt_Update_Charac_Value_Ext</a>
 <LI><a href="#[de]">Gatt_fetch_handle</a>
 <LI><a href="#[8f]">Gatt_search_handle</a>
 <LI><a href="#[124]">Gatt_search_service_handle</a>
 <LI><a href="#[116]">Generate_Non_Resolvable_Private_Address</a>
 <LI><a href="#[123]">Get_GAP_Handle</a>
 <LI><a href="#[107]">Get_StaticRandAddr</a>
 <LI><a href="#[151]">HAL_Flash_Store_Data</a>
 <LI><a href="#[152]">HAL_Generate_Random_Bytes_To</a>
 <LI><a href="#[233]">HAL_Set_TX_Power_Level</a>
 <LI><a href="#[156]">HAL_VTimerAcc_sysT32_ms</a>
 <LI><a href="#[298]">HAL_VTimerDiff_ms_sysT32</a>
 <LI><a href="#[153]">HAL_VTimerGetCurrentTime_sysT32</a>
 <LI><a href="#[155]">HAL_VTimerStart_ms</a>
 <LI><a href="#[157]">HAL_VTimerStart_sysT32</a>
 <LI><a href="#[226]">HAL_VTimerTimeoutCallback</a>
 <LI><a href="#[159]">HAL_Write_ConfigData</a>
 <LI><a href="#[c7]">HCI_Init</a>
 <LI><a href="#[150]">Hal_Get_Random_Number</a>
 <LI><a href="#[164]">Hal_Get_Random_Number32</a>
 <LI><a href="#[106]">IDD_Initialize_Device_IDs</a>
 <LI><a href="#[e1]">Ind_Service_Change_Charac</a>
 <LI><a href="#[18d]">Is_Address_Initialized</a>
 <LI><a href="#[1d0]">Is_Flash_Write_On_Going</a>
 <LI><a href="#[175]">L2C_Build_Command_Reject_Pdu</a>
 <LI><a href="#[177]">L2C_Connection_Complete_Handler</a>
 <LI><a href="#[17a]">L2C_Connection_Complete_Signal_Handler</a>
 <LI><a href="#[182]">L2C_Get_PDU_Len</a>
 <LI><a href="#[c4]">L2C_Init</a>
 <LI><a href="#[184]">L2C_Rcv_Event_Handler</a>
 <LI><a href="#[185]">L2C_Rcv_Event_Handler_ISR</a>
 <LI><a href="#[126]">L2C_Send_Data</a>
 <LI><a href="#[189]">L2C_SigChan_Req_TimeOut_Handler</a>
 <LI><a href="#[17c]">L2C_Signal_Channel_Handler</a>
 <LI><a href="#[179]">L2C_Signal_Channel_Handler_ISR</a>
 <LI><a href="#[113]">LL_Allow_Address_Setting</a>
 <LI><a href="#[18c]">LL_Check_And_Set_Addresses</a>
 <LI><a href="#[2b4]">LL_Data_Length_Change_Event_ucfg</a>
 <LI><a href="#[193]">LL_Enable_Disable_Adv</a>
 <LI><a href="#[199]">LL_Encrypt_Plain_Data_ucfg</a>
 <LI><a href="#[18b]">LL_Get_Address</a>
 <LI><a href="#[114]">LL_Get_AdvAddress</a>
 <LI><a href="#[19c]">LL_Get_Adv_Tx_Power_Level</a>
 <LI><a href="#[115]">LL_Get_ScanAddress</a>
 <LI><a href="#[c1]">LL_Init</a>
 <LI><a href="#[19e]">LL_LE_Clear_White_List</a>
 <LI><a href="#[9a]">LL_Send_ACL_Data</a>
 <LI><a href="#[ec]">LL_Send_Disconnection_Req</a>
 <LI><a href="#[2b5]">LL_Send_Length_Resp_ucfg</a>
 <LI><a href="#[1a0]">LL_Set_Adv_Data</a>
 <LI><a href="#[196]">LL_Set_Adv_PDU_Format</a>
 <LI><a href="#[1a1]">LL_Set_Adv_Params</a>
 <LI><a href="#[195]">LL_Set_Advertising_Buffers</a>
 <LI><a href="#[1a3]">LL_Set_LTK</a>
 <LI><a href="#[191]">LL_Set_OwnAddress</a>
 <LI><a href="#[2a3]">LL_Set_Scan_Resp_Data</a>
 <LI><a href="#[198]">LL_Sleep_Req</a>
 <LI><a href="#[1a4]">LL_Update_Advertising_Buffers</a>
 <LI><a href="#[1a5]">LL_Update_Scanning_Initiating_Buffers</a>
 <LI><a href="#[1a6]">LL_receive_data</a>
 <LI><a href="#[25f]">LL_update_proc</a>
 <LI><a href="#[131]">List_Circular_Get_Size</a>
 <LI><a href="#[137]">List_Circular_Insert_Tail</a>
 <LI><a href="#[1a8]">List_Circular_Node_Present</a>
 <LI><a href="#[22a]">List_Circular_Remove_Head</a>
 <LI><a href="#[136]">List_Circular_Remove_Node</a>
 <LI><a href="#[180]">Mem_Buff_Append</a>
 <LI><a href="#[1ac]">Mem_Buff_Block_Copy</a>
 <LI><a href="#[1ae]">Mem_Buff_Block_Write</a>
 <LI><a href="#[1af]">Mem_Buff_Clone</a>
 <LI><a href="#[1b0]">Mem_Buff_Cmp</a>
 <LI><a href="#[1b1]">Mem_Buff_Compact</a>
 <LI><a href="#[1bc]">Mem_Buff_Get</a>
 <LI><a href="#[1b9]">Mem_Buff_Get_Chain_Count</a>
 <LI><a href="#[1c0]">Mem_Buff_Get_Chain_Size</a>
 <LI><a href="#[1bd]">Mem_Buff_Init</a>
 <LI><a href="#[1b2]">Mem_Buff_Read</a>
 <LI><a href="#[1be]">Mem_Buff_Release</a>
 <LI><a href="#[1c1]">Mem_Buff_Resize</a>
 <LI><a href="#[1b3]">Mem_Buff_Write</a>
 <LI><a href="#[e5]">PKA_Offline_Processing_ucfg</a>
 <LI><a href="#[1b8]">PM_Clone_Pckt</a>
 <LI><a href="#[181]">PM_Compact</a>
 <LI><a href="#[f9]">PM_Copy_Pckt_Data</a>
 <LI><a href="#[15a]">PM_Eng_Config</a>
 <LI><a href="#[17f]">PM_Extract_Pdu_MBuff</a>
 <LI><a href="#[141]">PM_Get_Available_Buffer</a>
 <LI><a href="#[1ba]">PM_Get_Mem_Buff_Count</a>
 <LI><a href="#[149]">PM_Get_Pckt</a>
 <LI><a href="#[c2]">PM_Init</a>
 <LI><a href="#[100]">PM_Pckt_Cmp</a>
 <LI><a href="#[fb]">PM_Release_Acl_Pckt</a>
 <LI><a href="#[1bf]">PM_Resize_Pckt_Pdu_Size</a>
 <LI><a href="#[8c]">PM_Write_Pckt_Data</a>
 <LI><a href="#[18e]">PRIVWHIT_u8SearchAddrInList</a>
 <LI><a href="#[1c2]">PRIVWHIT_vInit_Struct</a>
 <LI><a href="#[2a9]">PRIV_SearchAddrInWhiteList</a>
 <LI><a href="#[230]">PRIV_controller_privacy_csr_ucfg</a>
 <LI><a href="#[2a8]">PRIV_u32ProcessAdvPacket_ucfg</a>
 <LI><a href="#[e4]">PRIV_u8OfflineProcessing_ucfg</a>
 <LI><a href="#[18f]">PRIV_vGeneratePrivateAddress_ucfg</a>
 <LI><a href="#[2b1]">PRIV_vGenerate_hci_le_enhanced_connection_complete_event_ucfg</a>
 <LI><a href="#[1c3]">Prepare_Write_Resp</a>
 <LI><a href="#[13e]">Process_Peer_Client_Data</a>
 <LI><a href="#[13c]">Process_Peer_Server_Data</a>
 <LI><a href="#[d0]">RAL_Isr</a>
 <LI><a href="#[1c8]">Read_Blob_Resp</a>
 <LI><a href="#[1ca]">Read_By_Grp_Type_Resp</a>
 <LI><a href="#[1c6]">Read_By_Type_Resp</a>
 <LI><a href="#[1c9]">Read_Multi_Resp</a>
 <LI><a href="#[1c7]">Read_Resp</a>
 <LI><a href="#[2b3]">Reclassify_All_Channels_ucfg</a>
 <LI><a href="#[1d8]">SDB_Add_Record</a>
 <LI><a href="#[1de]">SDB_Find_Matching_LTK</a>
 <LI><a href="#[1e2]">SDB_Find_Record</a>
 <LI><a href="#[111]">SDB_Get_Number_Of_Valid_Records</a>
 <LI><a href="#[14d]">SDB_flash_write_client_data</a>
 <LI><a href="#[1e0]">SDB_get_security_data_record</a>
 <LI><a href="#[dd]">SDB_read_peer_bonded_data</a>
 <LI><a href="#[1e1]">SMA_Diversify</a>
 <LI><a href="#[1e6]">SMA_Generate_CSRK</a>
 <LI><a href="#[1e7]">SMA_Generate_IRK</a>
 <LI><a href="#[1e8]">SMA_LP_s1_Generate_STK</a>
 <LI><a href="#[1df]">SMA_generate_EDIV_recovery_DIV</a>
 <LI><a href="#[13b]">SMP_Check_Is_Device_Bonded</a>
 <LI><a href="#[13a]">SMP_Forget_Device_by_ConnHandle</a>
 <LI><a href="#[c5]">SMP_Init</a>
 <LI><a href="#[b4]">SMP_Process_Q</a>
 <LI><a href="#[1f2]">SMP_Repeated_Attacks_Timer_cb</a>
 <LI><a href="#[1f3]">SMP_Timer_cb</a>
 <LI><a href="#[1f6]">SMP_Validate_Signed_Packet</a>
 <LI><a href="#[15b]">SMP_sc_force_debug_key_usage</a>
 <LI><a href="#[e3]">SM_Check_Encryption_KeySize</a>
 <LI><a href="#[117]">SM_Generate_Resolvable_Private_Address</a>
 <LI><a href="#[e2]">SM_Get_Link_Status</a>
 <LI><a href="#[a5]">SM_Get_Remote_Device_Info</a>
 <LI><a href="#[186]">SM_L2CAP_Encryption_changed_Handler_ISR</a>
 <LI><a href="#[17d]">SM_L2CAP_Handler</a>
 <LI><a href="#[178]">SM_L2CAP_Handler_ISR</a>
 <LI><a href="#[1e3]">SM_Resolve_Private_Address</a>
 <LI><a href="#[21d]">Select_Next_Notification_Client</a>
 <LI><a href="#[14a]">Send_Notif_Or_Ind</a>
 <LI><a href="#[229]">Set_Host_Timer_value</a>
 <LI><a href="#[148]">Start_Gatt_Timer</a>
 <LI><a href="#[147]">Stop_Gatt_Timer</a>
 <LI><a href="#[1cf]">Timer_ExpiryCallback</a>
 <LI><a href="#[c0]">Timer_Init</a>
 <LI><a href="#[ac]">Timer_ProcessQ</a>
 <LI><a href="#[119]">Timer_StartOneShot</a>
 <LI><a href="#[158]">Timer_StartOneShot_sysTime32</a>
 <LI><a href="#[118]">Timer_StopOneShot</a>
 <LI><a href="#[154]">Timer_sysTime32_convMachineTime</a>
 <LI><a href="#[251]">WindowWiden1</a>
 <LI><a href="#[255]">WindowWiden2</a>
 <LI><a href="#[1cc]">Write_Cmd</a>
 <LI><a href="#[1cb]">Write_Resp</a>
 <LI><a href="#[bd]">_BlueNRG_Stack_Initialization</a>
 <LI><a href="#[2aa]">__ARM_common_memcpy1_6</a>
 <LI><a href="#[120]">_gap_set_discoverable_connectable</a>
 <LI><a href="#[260]">aci_att_exchange_mtu_resp_event</a>
 <LI><a href="#[261]">aci_att_exec_write_resp_event</a>
 <LI><a href="#[262]">aci_att_find_by_type_value_resp_event</a>
 <LI><a href="#[263]">aci_att_find_info_resp_event</a>
 <LI><a href="#[264]">aci_att_prepare_write_resp_event</a>
 <LI><a href="#[265]">aci_att_read_blob_resp_event</a>
 <LI><a href="#[266]">aci_att_read_by_group_type_resp_event</a>
 <LI><a href="#[267]">aci_att_read_by_type_resp_event</a>
 <LI><a href="#[268]">aci_att_read_multiple_resp_event</a>
 <LI><a href="#[269]">aci_att_read_resp_event</a>
 <LI><a href="#[26a]">aci_att_write_resp_event</a>
 <LI><a href="#[98]">aci_event_fifo_push</a>
 <LI><a href="#[97]">aci_event_fifo_push_header</a>
 <LI><a href="#[26b]">aci_gap_addr_not_resolved_event</a>
 <LI><a href="#[26c]">aci_gap_authorization_req_event</a>
 <LI><a href="#[26d]">aci_gap_bond_lost_event</a>
 <LI><a href="#[26e]">aci_gap_device_found_event</a>
 <LI><a href="#[d9]">aci_gap_init</a>
 <LI><a href="#[26f]">aci_gap_keypress_notification_event</a>
 <LI><a href="#[270]">aci_gap_limited_discoverable_event</a>
 <LI><a href="#[271]">aci_gap_numeric_comparison_value_event</a>
 <LI><a href="#[272]">aci_gap_pairing_complete_event</a>
 <LI><a href="#[273]">aci_gap_pass_key_req_event</a>
 <LI><a href="#[274]">aci_gap_proc_complete_event</a>
 <LI><a href="#[1ab]">aci_gap_set_discoverable</a>
 <LI><a href="#[275]">aci_gap_slave_security_initiated_event</a>
 <LI><a href="#[a2]">aci_gatt_add_char</a>
 <LI><a href="#[a1]">aci_gatt_add_service</a>
 <LI><a href="#[276]">aci_gatt_disc_read_char_by_uuid_resp_event</a>
 <LI><a href="#[277]">aci_gatt_error_resp_event</a>
 <LI><a href="#[278]">aci_gatt_indication_event</a>
 <LI><a href="#[d8]">aci_gatt_init</a>
 <LI><a href="#[279]">aci_gatt_notification_event</a>
 <LI><a href="#[27a]">aci_gatt_prepare_write_permit_req_event</a>
 <LI><a href="#[27b]">aci_gatt_proc_complete_event</a>
 <LI><a href="#[27c]">aci_gatt_proc_timeout_event</a>
 <LI><a href="#[27d]">aci_gatt_read_multi_permit_req_event</a>
 <LI><a href="#[27f]">aci_gatt_server_confirmation_event</a>
 <LI><a href="#[92]">aci_gatt_update_char_value</a>
 <LI><a href="#[da]">aci_gatt_update_char_value_ext</a>
 <LI><a href="#[281]">aci_gatt_write_permit_req_event</a>
 <LI><a href="#[282]">aci_hal_fw_error_event</a>
 <LI><a href="#[283]">aci_hal_scan_req_report_event</a>
 <LI><a href="#[d7]">aci_hal_set_tx_power_level</a>
 <LI><a href="#[d6]">aci_hal_write_config_data</a>
 <LI><a href="#[284]">aci_l2cap_command_reject_event</a>
 <LI><a href="#[285]">aci_l2cap_connection_update_req_event</a>
 <LI><a href="#[286]">aci_l2cap_connection_update_resp_event</a>
 <LI><a href="#[287]">aci_l2cap_proc_timeout_event</a>
 <LI><a href="#[f7]">acl_list_first</a>
 <LI><a href="#[1c4]">acl_list_full_on_packt</a>
 <LI><a href="#[145]">acl_list_init</a>
 <LI><a href="#[140]">acl_list_insert_head</a>
 <LI><a href="#[127]">acl_list_insert_tail</a>
 <LI><a href="#[13d]">acl_list_is_empty</a>
 <LI><a href="#[f8]">acl_list_remove</a>
 <LI><a href="#[13f]">acl_list_remove_head</a>
 <LI><a href="#[23d]">advParamsCheckAndSet</a>
 <LI><a href="#[24f]">advance_slave_timing_MultiSlave</a>
 <LI><a href="#[b1]">advance_transmit</a>
 <LI><a href="#[9e]">advance_wakeup_timer</a>
 <LI><a href="#[c8]">ble_HAL_Init</a>
 <LI><a href="#[25e]">cancel_connect_master_ucfg</a>
 <LI><a href="#[25c]">cancel_current_master</a>
 <LI><a href="#[25b]">cancel_master</a>
 <LI><a href="#[258]">cancel_slave</a>
 <LI><a href="#[42]">cb_aci_att_exchange_mtu_resp_event</a>
 <LI><a href="#[4c]">cb_aci_att_exec_write_resp_event</a>
 <LI><a href="#[44]">cb_aci_att_find_by_type_value_resp_event</a>
 <LI><a href="#[43]">cb_aci_att_find_info_resp_event</a>
 <LI><a href="#[4b]">cb_aci_att_prepare_write_resp_event</a>
 <LI><a href="#[47]">cb_aci_att_read_blob_resp_event</a>
 <LI><a href="#[49]">cb_aci_att_read_by_group_type_resp_event</a>
 <LI><a href="#[45]">cb_aci_att_read_by_type_resp_event</a>
 <LI><a href="#[48]">cb_aci_att_read_multiple_resp_event</a>
 <LI><a href="#[46]">cb_aci_att_read_resp_event</a>
 <LI><a href="#[4a]">cb_aci_att_write_resp_event</a>
 <LI><a href="#[38]">cb_aci_gap_addr_not_resolved_event</a>
 <LI><a href="#[33]">cb_aci_gap_authorization_req_event</a>
 <LI><a href="#[35]">cb_aci_gap_bond_lost_event</a>
 <LI><a href="#[36]">cb_aci_gap_device_found_event</a>
 <LI><a href="#[3a]">cb_aci_gap_keypress_notification_event</a>
 <LI><a href="#[30]">cb_aci_gap_limited_discoverable_event</a>
 <LI><a href="#[39]">cb_aci_gap_numeric_comparison_value_event</a>
 <LI><a href="#[31]">cb_aci_gap_pairing_complete_event</a>
 <LI><a href="#[32]">cb_aci_gap_pass_key_req_event</a>
 <LI><a href="#[37]">cb_aci_gap_proc_complete_event</a>
 <LI><a href="#[34]">cb_aci_gap_slave_security_initiated_event</a>
 <LI><a href="#[40]">cb_aci_gatt_attribute_modified_event</a>
 <LI><a href="#[51]">cb_aci_gatt_disc_read_char_by_uuid_resp_event</a>
 <LI><a href="#[50]">cb_aci_gatt_error_resp_event</a>
 <LI><a href="#[4d]">cb_aci_gatt_indication_event</a>
 <LI><a href="#[4e]">cb_aci_gatt_notification_event</a>
 <LI><a href="#[53]">cb_aci_gatt_prepare_write_permit_req_event</a>
 <LI><a href="#[4f]">cb_aci_gatt_proc_complete_event</a>
 <LI><a href="#[41]">cb_aci_gatt_proc_timeout_event</a>
 <LI><a href="#[55]">cb_aci_gatt_read_multi_permit_req_event</a>
 <LI><a href="#[54]">cb_aci_gatt_read_permit_req_event</a>
 <LI><a href="#[57]">cb_aci_gatt_server_confirmation_event</a>
 <LI><a href="#[56]">cb_aci_gatt_tx_pool_available_event</a>
 <LI><a href="#[52]">cb_aci_gatt_write_permit_req_event</a>
 <LI><a href="#[3f]">cb_aci_hal_fw_error_event</a>
 <LI><a href="#[2d]">cb_aci_hal_scan_req_report_event</a>
 <LI><a href="#[3e]">cb_aci_l2cap_command_reject_event</a>
 <LI><a href="#[3d]">cb_aci_l2cap_connection_update_req_event</a>
 <LI><a href="#[3b]">cb_aci_l2cap_connection_update_resp_event</a>
 <LI><a href="#[3c]">cb_aci_l2cap_proc_timeout_event</a>
 <LI><a href="#[29]">cb_hci_data_buffer_overflow_event</a>
 <LI><a href="#[1e]">cb_hci_disconnection_complete_event</a>
 <LI><a href="#[1f]">cb_hci_encryption_change_event</a>
 <LI><a href="#[20]">cb_hci_encryption_key_refresh_complete_event</a>
 <LI><a href="#[23]">cb_hci_le_advertising_report_event</a>
 <LI><a href="#[21]">cb_hci_le_connection_complete_event</a>
 <LI><a href="#[2b]">cb_hci_le_connection_update_complete_event</a>
 <LI><a href="#[24]">cb_hci_le_data_length_change_event</a>
 <LI><a href="#[28]">cb_hci_le_direct_advertising_report_event</a>
 <LI><a href="#[27]">cb_hci_le_enhanced_connection_complete_event</a>
 <LI><a href="#[26]">cb_hci_le_generate_dhkey_complete_event</a>
 <LI><a href="#[22]">cb_hci_le_long_term_key_request_event</a>
 <LI><a href="#[25]">cb_hci_le_read_local_p256_public_key_complete_event</a>
 <LI><a href="#[2c]">cb_hci_le_read_remote_used_features_complete_event</a>
 <LI><a href="#[2e]">cb_hci_number_of_completed_packets_event</a>
 <LI><a href="#[2a]">cb_hci_read_remote_version_information_complete_event</a>
 <LI><a href="#[2f]">cb_hci_rx_acl_data_event</a>
 <LI><a href="#[d3]">char_copy</a>
 <LI><a href="#[2b7]">copy_4_u32</a>
 <LI><a href="#[259]">copy_tx_data_packet</a>
 <LI><a href="#[ca]">data_length_extension_csr_ucfg</a>
 <LI><a href="#[19a]">encrypt</a>
 <LI><a href="#[23c]">gapClearAllModeFlags</a>
 <LI><a href="#[299]">get_adv_addr</a>
 <LI><a href="#[11b]">get_advertiser</a>
 <LI><a href="#[9b]">get_connection_no</a>
 <LI><a href="#[194]">get_next_free_slot</a>
 <LI><a href="#[29a]">get_scan_addr</a>
 <LI><a href="#[11c]">get_scan_connection</a>
 <LI><a href="#[29b]">go_to_connect</a>
 <LI><a href="#[f1]">hal_radio_activity_state_callback_check</a>
 <LI><a href="#[f2]">hal_radio_activity_state_init</a>
 <LI><a href="#[29d]">hal_read_radio_activity_state</a>
 <LI><a href="#[ad]">hci_acl_Process_Q</a>
 <LI><a href="#[289]">hci_encryption_change_event</a>
 <LI><a href="#[28a]">hci_encryption_key_refresh_complete_event</a>
 <LI><a href="#[f0]">hci_hardware_error_event</a>
 <LI><a href="#[28b]">hci_le_advertising_report_event</a>
 <LI><a href="#[28d]">hci_le_connection_update_complete_event</a>
 <LI><a href="#[28e]">hci_le_data_length_change_event</a>
 <LI><a href="#[28f]">hci_le_direct_advertising_report_event</a>
 <LI><a href="#[290]">hci_le_enhanced_connection_complete_event</a>
 <LI><a href="#[291]">hci_le_generate_dhkey_complete_event</a>
 <LI><a href="#[292]">hci_le_long_term_key_request_event</a>
 <LI><a href="#[1ed]">hci_le_long_term_key_request_reply</a>
 <LI><a href="#[1ec]">hci_le_long_term_key_requested_negative_reply</a>
 <LI><a href="#[293]">hci_le_read_local_p256_public_key_complete_event</a>
 <LI><a href="#[294]">hci_le_read_remote_used_features_complete_event</a>
 <LI><a href="#[1aa]">hci_le_set_scan_response_data</a>
 <LI><a href="#[295]">hci_number_of_completed_packets_event</a>
 <LI><a href="#[296]">hci_read_remote_version_information_complete_event</a>
 <LI><a href="#[2a4]">hci_rx_acl_data</a>
 <LI><a href="#[297]">hci_rx_acl_data_event</a>
 <LI><a href="#[2a5]">hci_tx_acl_data_done</a>
 <LI><a href="#[59]">int_cb_hci_acl_data_ind_event</a>
 <LI><a href="#[58]">int_cb_hci_acl_data_tx_cmpl_event</a>
 <LI><a href="#[5a]">int_cb_hci_disconnection_complete_event</a>
 <LI><a href="#[5b]">int_cb_hci_encryption_change_event</a>
 <LI><a href="#[5c]">int_cb_hci_encryption_key_refresh_complete_event</a>
 <LI><a href="#[5f]">int_cb_hci_le_advertising_report_event</a>
 <LI><a href="#[5d]">int_cb_hci_le_connection_complete_event</a>
 <LI><a href="#[60]">int_cb_hci_le_data_length_change_event</a>
 <LI><a href="#[64]">int_cb_hci_le_direct_advertising_report_event</a>
 <LI><a href="#[63]">int_cb_hci_le_enhanced_connection_complete_event</a>
 <LI><a href="#[62]">int_cb_hci_le_generate_dhkey_complete_event</a>
 <LI><a href="#[5e]">int_cb_hci_le_long_term_key_request_event</a>
 <LI><a href="#[61]">int_cb_hci_le_read_local_p256_public_key_complete_event</a>
 <LI><a href="#[166]">is_Buffer_All_Set_To</a>
 <LI><a href="#[9c]">is_slave</a>
 <LI><a href="#[1a7]">isr_Acl_Data_Indication_Queue_Full</a>
 <LI><a href="#[2af]">isr_Acl_Data_TX_Cmpl_Queue_Full</a>
 <LI><a href="#[1d2]">isr_event_handler</a>
 <LI><a href="#[2b2]">isr_event_handler_scan_data_ucfg</a>
 <LI><a href="#[1d3]">isr_postproc</a>
 <LI><a href="#[2b0]">isr_postproc1</a>
 <LI><a href="#[2ab]">isr_postproc_encrypt_data</a>
 <LI><a href="#[15c]">ll_write_supported_data_ucfg</a>
 <LI><a href="#[cf]">machine_time_trans</a>
 <LI><a href="#[22e]">mem_alloc_ctx_init</a>
 <LI><a href="#[25a]">microseconds_to_machine_time</a>
 <LI><a href="#[253]">modulo_37</a>
 <LI><a href="#[19f]">nsar_init</a>
 <LI><a href="#[1d1]">read_rssi</a>
 <LI><a href="#[197]">schedule_advertise_slot</a>
 <LI><a href="#[231]">secure_connections_csr_ucfg</a>
 <LI><a href="#[23e]">setGapAdvData</a>
 <LI><a href="#[ce]">set_freq</a>
 <LI><a href="#[250]">set_sca</a>
 <LI><a href="#[257]">set_string</a>
 <LI><a href="#[9d]">slave_advance</a>
 <LI><a href="#[2c7]">sm_RepeatedAttacks_Protection</a>
 <LI><a href="#[1f8]">sma_CMAC_generate_tag</a>
 <LI><a href="#[2cb]">smp_Execute_Actions_wrt_Current_State_MI_excerpt_ucfg</a>
 <LI><a href="#[2cc]">smp_Execute_Actions_wrt_Current_State_sc_excerpt_phase2as2_ucfg</a>
 <LI><a href="#[2d0]">smp_Execute_Actions_wrt_Current_State_sc_excerpt_phase_1_to_2_ucfg</a>
 <LI><a href="#[2d3]">smp_MI_Start_Encryption_ucfg</a>
 <LI><a href="#[1f1]">smp_Process_Rx_Packet_Exception_Cases_sc_excerpt_ucfg</a>
 <LI><a href="#[2dd]">smp_Process_Rx_Packet_wrt_Current_State_MI_excerpt_ucfg</a>
 <LI><a href="#[2d6]">smp_Process_Rx_Packet_wrt_Current_State_sc_excerpt_ucfg</a>
 <LI><a href="#[1f0]">smp____PairingFailed_Receive</a>
 <LI><a href="#[2e4]">smp_add_to_sdb</a>
 <LI><a href="#[1fc]">smp_find_remote_device_index</a>
 <LI><a href="#[1f7]">smp_get_CSRK</a>
 <LI><a href="#[2d4]">smp_get_local_identity_address</a>
 <LI><a href="#[2d2]">smp_keys_distribution_start</a>
 <LI><a href="#[2d8]">smp_keys_receiving</a>
 <LI><a href="#[2e8]">smp_oob_check_is_remote_data_present</a>
 <LI><a href="#[2eb]">smp_pairing_2octets_packet_send</a>
 <LI><a href="#[2cf]">smp_pairing_completed</a>
 <LI><a href="#[2d7]">smp_pairing_failed_send</a>
 <LI><a href="#[2e2]">smp_sc_SR_PairingConfirm_Receive_sc_excerpt_ucfg</a>
 <LI><a href="#[2e3]">smp_sc_SR_PairingRandom_Receive_sc_excerpt_ucfg</a>
 <LI><a href="#[2d1]">smp_sc_SR_Pairing_Phase_2AS1_Start_sc_excerpt_ucfg</a>
 <LI><a href="#[1ea]">smp_sc_check_for_ecc_pk_generation_request_ucfg</a>
 <LI><a href="#[2e7]">smp_sc_continue_on_exclusive_sc_pairing_ucfg</a>
 <LI><a href="#[2a6]">smp_sc_hci_le_generate_dhkey_complete_evt_hndl_ucfg</a>
 <LI><a href="#[2a7]">smp_sc_hci_le_read_local_p256_public_key_complete_evt_hndl_ucfg</a>
 <LI><a href="#[1e9]">smp_sc_init_ucfg</a>
 <LI><a href="#[1f9]">smp_sc_is_any_other_sc_pairing_ongoing</a>
 <LI><a href="#[1f5]">smp_sc_update_statistics_on_pairing_complete_ucfg</a>
 <LI><a href="#[2d5]">smp_send_packet</a>
 <LI><a href="#[2c5]">start_timebase</a>
 <LI><a href="#[22f]">state_func_call_init_csr_ucfg</a>
 <LI><a href="#[14c]">store_data</a>
 <LI><a href="#[254]">swap_slaves</a>
 <LI><a href="#[228]">system_time_trans</a>
 <LI><a href="#[227]">system_time_trans_ext</a>
 <LI><a href="#[252]">time_offset1</a>
 <LI><a href="#[256]">time_offset2</a>
 <LI><a href="#[29c]">timebase_start_connect</a>
 <LI><a href="#[2ae]">unpack_channel_map</a>
 <LI><a href="#[2ad]">unpack_update_request</a>
 <LI><a href="#[245]">_aci_gap_set_discoverable_param_check</a>
 <LI><a href="#[23f]">_load_uuid</a>
 <LI><a href="#[be]">BlueNRG_Stack_Initialize_ConfigData</a>
 <LI><a href="#[bf]">BlueNRG_Stack_Initialize_Layers</a>
 <LI><a href="#[bc]">BlueNRG_Stack_Initialize_RAM_check</a>
 <LI><a href="#[b0]">BlueNRG_Stack_Perform_Crystal_Check</a>
 <LI><a href="#[cd]">BlueNRG_Start_Crystal_Measurement</a>
 <LI><a href="#[223]">TimerCallback</a>
 <LI><a href="#[1]">isr_advertise_state</a>
 <LI><a href="#[2]">isr_connect_slave_state</a>
 <LI><a href="#[4]">isr_test_rx_state</a>
 <LI><a href="#[3]">isr_test_tx_state</a>
 <LI><a href="#[0]">isr_unknown_state</a>
 <LI><a href="#[243]">fifoBuf_getFreeHeader</a>
 <LI><a href="#[f3]">fifoCtrl_init</a>
 <LI><a href="#[10e]">_GAP_Parse_Advertising_Report</a>
 <LI><a href="#[11d]">aci_gap_limited_discoverable_event_push</a>
 <LI><a href="#[104]">aci_gap_proc_complete_event_push</a>
 <LI><a href="#[122]">GATT_Server_Set_Flag</a>
 <LI><a href="#[138]">Gatt_Flush_Pending_AclPacket_Lists</a>
 <LI><a href="#[139]">Gatt_Reset_To_Closed_State</a>
 <LI><a href="#[143]">Gatt_Store_Server_Database_And_Reset_CCCD</a>
 <LI><a href="#[14f]">Pm_Resize_Host_Acl_Pckt</a>
 <LI><a href="#[1cd]">aci_gatt_indication_event_push</a>
 <LI><a href="#[1ce]">aci_gatt_notification_event_push</a>
 <LI><a href="#[176]">L2C_Get_Connection_Info</a>
 <LI><a href="#[188]">L2C_Get_Connection_Info_Index</a>
 <LI><a href="#[17b]">L2C_Mux_Acl_Packet</a>
 <LI><a href="#[17e]">L2C_Rcv_Data</a>
 <LI><a href="#[187]">L2C_Reset_To_Closed_State</a>
 <LI><a href="#[183]">L2C_discard_corrupted_acl_packet</a>
 <LI><a href="#[18a]">aci_l2cap_connection_update_req_event_push</a>
 <LI><a href="#[29f]">hci_encryption_change_event_push</a>
 <LI><a href="#[2a0]">hci_encryption_key_refresh_complete_event_push</a>
 <LI><a href="#[2a1]">hci_le_connection_complete_event_push</a>
 <LI><a href="#[2a2]">hci_le_connection_update_complete_event_push</a>
 <LI><a href="#[ed]">Mem_assign</a>
 <LI><a href="#[247]">adapt_slot</a>
 <LI><a href="#[249]">nsar_insertSlotListEntry</a>
 <LI><a href="#[24a]">nsar_searchBestFreeSlot</a>
 <LI><a href="#[2c4]">nsar_updateBestFreeSlot</a>
 <LI><a href="#[248]">nsar_updateSlotListEntry</a>
 <LI><a href="#[25d]">swap_u16</a>
 <LI><a href="#[1bb]">PM_Check_And_Set</a>
 <LI><a href="#[2b6]">wait_for_aes_ready</a>
 <LI><a href="#[24b]">addr_u32_from_u8</a>
 <LI><a href="#[24d]">le2ByteToInt16</a>
 <LI><a href="#[24c]">le4ByteToInt32</a>
 <LI><a href="#[190]">LL_Set_DirectAddress</a>
 <LI><a href="#[1a2]">addr_u32_from_u8</a>
 <LI><a href="#[19b]">int32ToLe4Byte</a>
 <LI><a href="#[24e]">le4ByteToInt32</a>
 <LI><a href="#[19d]">convert_power</a>
 <LI><a href="#[2ee]">swap_u16</a>
 <LI><a href="#[2ed]">swap_u32</a>
 <LI><a href="#[2ec]">swap_u8</a>
 <LI><a href="#[ee]">Erase_Sector</a>
 <LI><a href="#[1e4]">Write_Client_Data</a>
 <LI><a href="#[22c]">int32ToLe4Byte</a>
 <LI><a href="#[1db]">sdb_delete</a>
 <LI><a href="#[1e5]">sdb_find_client_data</a>
 <LI><a href="#[22b]">sdb_get_gatt_db_start_address</a>
 <LI><a href="#[1dc]">sdb_invalidate_record</a>
 <LI><a href="#[1da]">sdb_read_record</a>
 <LI><a href="#[1d9]">sdb_read_record_validity</a>
 <LI><a href="#[1dd]">sdb_write_record</a>
 <LI><a href="#[2df]">int32ToLe4Byte</a>
 <LI><a href="#[2e6]">smp_Build_AuthReq_Field</a>
 <LI><a href="#[2ea]">smp_Build_Pairing_ReqResp_Packet</a>
 <LI><a href="#[2e5]">smp_Check_Incoming_Pairing_Parameters</a>
 <LI><a href="#[2ca]">smp_Determine_Key_Association_Method</a>
 <LI><a href="#[1ee]">smp_Execute_Actions_wrt_Current_State</a>
 <LI><a href="#[1eb]">smp_Get_Long_Term_Key</a>
 <LI><a href="#[2e9]">smp_Get_Pairing_Parameters_From_Peer_Packet</a>
 <LI><a href="#[2ce]">smp_Keys_Distribution_Send</a>
 <LI><a href="#[1ef]">smp_Process_Rx_Packet_wrt_Current_State</a>
 <LI><a href="#[2d9]">smp_Reset_Timer</a>
 <LI><a href="#[2de]">smp_SR_Compute_c1_Confirm_Value</a>
 <LI><a href="#[2e0]">smp_Set_Key_Association_Method</a>
 <LI><a href="#[2db]">smp____SR_PairingConfirm_Receive</a>
 <LI><a href="#[2dc]">smp____SR_PairingRandom_Receive</a>
 <LI><a href="#[2da]">smp____SR_PairingRequest_Receive</a>
 <LI><a href="#[1fa]">SM_Connection_Complete_Handler</a>
 <LI><a href="#[244]">aci_gap_authorization_req_event_push</a>
 <LI><a href="#[1f4]">aci_gap_pairing_complete_event_push</a>
 <LI><a href="#[1fd]">smp_Keys_Distribution_Complete</a>
 <LI><a href="#[2e1]">smp____Pairing_Process_Abort</a>
 <LI><a href="#[8b]">ATT_fill_type_val_entry</a>
 <LI><a href="#[8d]">ATT_validate_prepare_req</a>
 <LI><a href="#[ff]">Pm_Resize_Host_Acl_Pckt</a>
 <LI><a href="#[fa]">aci_gatt_attribute_modified_event_push</a>
 <LI><a href="#[1d7]">aci_gatt_read_multi_permit_req_event_push</a>
 <LI><a href="#[1d5]">aci_gatt_read_permit_req_event_push</a>
 <LI><a href="#[22d]">aci_gatt_write_permit_req_event_push</a>
 <LI><a href="#[1fb]">sma_Calculate_Hash</a>
 <LI><a href="#[2c8]">sma_generate_subkeys</a>
 <LI><a href="#[2c9]">sma_left_shift</a>
</UL>
</UL>
<P>
<H3>
Mutually Recursive functions
</H3> <LI><a href="#[7]">HardFault_Handler</a>&nbsp;&nbsp;&nbsp;&rArr;&nbsp;&nbsp;&nbsp;<a href="#[7]">HardFault_Handler</a><BR>
</UL>
<P>
<H3>
Function Pointers
</H3><UL>
 <LI><a href="#[11]">ADC_Handler</a> from system_bluenrg1.o(i.ADC_Handler) referenced from system_bluenrg1.o(.intvec)
 <LI><a href="#[f]">Blue_Handler</a> from bluenrg1_it.o(i.Blue_Handler) referenced from system_bluenrg1.o(.intvec)
 <LI><a href="#[1a]">DMA_Handler</a> from system_bluenrg1.o(i.DMA_Handler) referenced from system_bluenrg1.o(.intvec)
 <LI><a href="#[b]">GPIO_Handler</a> from bluenrg1_it.o(i.GPIO_Handler) referenced from system_bluenrg1.o(.intvec)
 <LI><a href="#[7]">HardFault_Handler</a> from bluenrg1_it.o(i.HardFault_Handler) referenced from system_bluenrg1.o(.intvec)
 <LI><a href="#[13]">I2C1_Handler</a> from system_bluenrg1.o(i.I2C1_Handler) referenced from system_bluenrg1.o(.intvec)
 <LI><a href="#[12]">I2C2_Handler</a> from system_bluenrg1.o(i.I2C2_Handler) referenced from system_bluenrg1.o(.intvec)
 <LI><a href="#[14]">MFT1A_Handler</a> from system_bluenrg1.o(i.MFT1A_Handler) referenced from system_bluenrg1.o(.intvec)
 <LI><a href="#[15]">MFT1B_Handler</a> from system_bluenrg1.o(i.MFT1B_Handler) referenced from system_bluenrg1.o(.intvec)
 <LI><a href="#[16]">MFT2A_Handler</a> from system_bluenrg1.o(i.MFT2A_Handler) referenced from system_bluenrg1.o(.intvec)
 <LI><a href="#[17]">MFT2B_Handler</a> from system_bluenrg1.o(i.MFT2B_Handler) referenced from system_bluenrg1.o(.intvec)
 <LI><a href="#[6]">NMI_Handler</a> from bluenrg1_it.o(i.NMI_Handler) referenced from system_bluenrg1.o(.intvec)
 <LI><a href="#[c]">NVM_Handler</a> from system_bluenrg1.o(i.NVM_Handler) referenced from system_bluenrg1.o(.intvec)
 <LI><a href="#[19]">PKA_Handler</a> from system_bluenrg1.o(i.PKA_Handler) referenced from system_bluenrg1.o(.intvec)
 <LI><a href="#[9]">PendSV_Handler</a> from system_bluenrg1.o(i.PendSV_Handler) referenced from system_bluenrg1.o(.intvec)
 <LI><a href="#[1d]">Process_InputData</a> from chat.o(i.Process_InputData) referenced from ble_chat_main.o(i.main)
 <LI><a href="#[5]">RESET_HANDLER</a> from system_bluenrg1.o(i.RESET_HANDLER) referenced from system_bluenrg1.o(.intvec)
 <LI><a href="#[18]">RTC_Handler</a> from system_bluenrg1.o(i.RTC_Handler) referenced from system_bluenrg1.o(.intvec)
 <LI><a href="#[e]">SPI_Handler</a> from system_bluenrg1.o(i.SPI_Handler) referenced from system_bluenrg1.o(.intvec)
 <LI><a href="#[8]">SVC_Handler</a> from bluenrg1_it.o(i.SVC_Handler) referenced from system_bluenrg1.o(.intvec)
 <LI><a href="#[a]">SysTick_Handler</a> from bluenrg1_it.o(i.SysTick_Handler) referenced from system_bluenrg1.o(.intvec)
 <LI><a href="#[d]">UART_Handler</a> from bluenrg1_it.o(i.UART_Handler) referenced from system_bluenrg1.o(.intvec)
 <LI><a href="#[10]">WDG_Handler</a> from system_bluenrg1.o(i.WDG_Handler) referenced from system_bluenrg1.o(.intvec)
 <LI><a href="#[42]">cb_aci_att_exchange_mtu_resp_event</a> from aci_events.o(i.cb_aci_att_exchange_mtu_resp_event) referenced from aci_events.o(.constdata)
 <LI><a href="#[4c]">cb_aci_att_exec_write_resp_event</a> from aci_events.o(i.cb_aci_att_exec_write_resp_event) referenced from aci_events.o(.constdata)
 <LI><a href="#[44]">cb_aci_att_find_by_type_value_resp_event</a> from aci_events.o(i.cb_aci_att_find_by_type_value_resp_event) referenced from aci_events.o(.constdata)
 <LI><a href="#[43]">cb_aci_att_find_info_resp_event</a> from aci_events.o(i.cb_aci_att_find_info_resp_event) referenced from aci_events.o(.constdata)
 <LI><a href="#[4b]">cb_aci_att_prepare_write_resp_event</a> from aci_events.o(i.cb_aci_att_prepare_write_resp_event) referenced from aci_events.o(.constdata)
 <LI><a href="#[47]">cb_aci_att_read_blob_resp_event</a> from aci_events.o(i.cb_aci_att_read_blob_resp_event) referenced from aci_events.o(.constdata)
 <LI><a href="#[49]">cb_aci_att_read_by_group_type_resp_event</a> from aci_events.o(i.cb_aci_att_read_by_group_type_resp_event) referenced from aci_events.o(.constdata)
 <LI><a href="#[45]">cb_aci_att_read_by_type_resp_event</a> from aci_events.o(i.cb_aci_att_read_by_type_resp_event) referenced from aci_events.o(.constdata)
 <LI><a href="#[48]">cb_aci_att_read_multiple_resp_event</a> from aci_events.o(i.cb_aci_att_read_multiple_resp_event) referenced from aci_events.o(.constdata)
 <LI><a href="#[46]">cb_aci_att_read_resp_event</a> from aci_events.o(i.cb_aci_att_read_resp_event) referenced from aci_events.o(.constdata)
 <LI><a href="#[4a]">cb_aci_att_write_resp_event</a> from aci_events.o(i.cb_aci_att_write_resp_event) referenced from aci_events.o(.constdata)
 <LI><a href="#[38]">cb_aci_gap_addr_not_resolved_event</a> from aci_events.o(i.cb_aci_gap_addr_not_resolved_event) referenced from aci_events.o(.constdata)
 <LI><a href="#[33]">cb_aci_gap_authorization_req_event</a> from aci_events.o(i.cb_aci_gap_authorization_req_event) referenced from aci_events.o(.constdata)
 <LI><a href="#[35]">cb_aci_gap_bond_lost_event</a> from aci_events.o(i.cb_aci_gap_bond_lost_event) referenced from aci_events.o(.constdata)
 <LI><a href="#[36]">cb_aci_gap_device_found_event</a> from aci_events.o(i.cb_aci_gap_device_found_event) referenced from aci_events.o(.constdata)
 <LI><a href="#[3a]">cb_aci_gap_keypress_notification_event</a> from aci_events.o(i.cb_aci_gap_keypress_notification_event) referenced from aci_events.o(.constdata)
 <LI><a href="#[30]">cb_aci_gap_limited_discoverable_event</a> from aci_events.o(i.cb_aci_gap_limited_discoverable_event) referenced from aci_events.o(.constdata)
 <LI><a href="#[39]">cb_aci_gap_numeric_comparison_value_event</a> from aci_events.o(i.cb_aci_gap_numeric_comparison_value_event) referenced from aci_events.o(.constdata)
 <LI><a href="#[31]">cb_aci_gap_pairing_complete_event</a> from aci_events.o(i.cb_aci_gap_pairing_complete_event) referenced from aci_events.o(.constdata)
 <LI><a href="#[32]">cb_aci_gap_pass_key_req_event</a> from aci_events.o(i.cb_aci_gap_pass_key_req_event) referenced from aci_events.o(.constdata)
 <LI><a href="#[37]">cb_aci_gap_proc_complete_event</a> from aci_events.o(i.cb_aci_gap_proc_complete_event) referenced from aci_events.o(.constdata)
 <LI><a href="#[34]">cb_aci_gap_slave_security_initiated_event</a> from aci_events.o(i.cb_aci_gap_slave_security_initiated_event) referenced from aci_events.o(.constdata)
 <LI><a href="#[40]">cb_aci_gatt_attribute_modified_event</a> from aci_events.o(i.cb_aci_gatt_attribute_modified_event) referenced from aci_events.o(.constdata)
 <LI><a href="#[51]">cb_aci_gatt_disc_read_char_by_uuid_resp_event</a> from aci_events.o(i.cb_aci_gatt_disc_read_char_by_uuid_resp_event) referenced from aci_events.o(.constdata)
 <LI><a href="#[50]">cb_aci_gatt_error_resp_event</a> from aci_events.o(i.cb_aci_gatt_error_resp_event) referenced from aci_events.o(.constdata)
 <LI><a href="#[4d]">cb_aci_gatt_indication_event</a> from aci_events.o(i.cb_aci_gatt_indication_event) referenced from aci_events.o(.constdata)
 <LI><a href="#[4e]">cb_aci_gatt_notification_event</a> from aci_events.o(i.cb_aci_gatt_notification_event) referenced from aci_events.o(.constdata)
 <LI><a href="#[53]">cb_aci_gatt_prepare_write_permit_req_event</a> from aci_events.o(i.cb_aci_gatt_prepare_write_permit_req_event) referenced from aci_events.o(.constdata)
 <LI><a href="#[4f]">cb_aci_gatt_proc_complete_event</a> from aci_events.o(i.cb_aci_gatt_proc_complete_event) referenced from aci_events.o(.constdata)
 <LI><a href="#[41]">cb_aci_gatt_proc_timeout_event</a> from aci_events.o(i.cb_aci_gatt_proc_timeout_event) referenced from aci_events.o(.constdata)
 <LI><a href="#[55]">cb_aci_gatt_read_multi_permit_req_event</a> from aci_events.o(i.cb_aci_gatt_read_multi_permit_req_event) referenced from aci_events.o(.constdata)
 <LI><a href="#[54]">cb_aci_gatt_read_permit_req_event</a> from aci_events.o(i.cb_aci_gatt_read_permit_req_event) referenced from aci_events.o(.constdata)
 <LI><a href="#[57]">cb_aci_gatt_server_confirmation_event</a> from aci_events.o(i.cb_aci_gatt_server_confirmation_event) referenced from aci_events.o(.constdata)
 <LI><a href="#[56]">cb_aci_gatt_tx_pool_available_event</a> from aci_events.o(i.cb_aci_gatt_tx_pool_available_event) referenced from aci_events.o(.constdata)
 <LI><a href="#[52]">cb_aci_gatt_write_permit_req_event</a> from aci_events.o(i.cb_aci_gatt_write_permit_req_event) referenced from aci_events.o(.constdata)
 <LI><a href="#[3f]">cb_aci_hal_fw_error_event</a> from aci_events.o(i.cb_aci_hal_fw_error_event) referenced from aci_events.o(.constdata)
 <LI><a href="#[2d]">cb_aci_hal_scan_req_report_event</a> from aci_events.o(i.cb_aci_hal_scan_req_report_event) referenced from aci_events.o(.constdata)
 <LI><a href="#[3e]">cb_aci_l2cap_command_reject_event</a> from aci_events.o(i.cb_aci_l2cap_command_reject_event) referenced from aci_events.o(.constdata)
 <LI><a href="#[3d]">cb_aci_l2cap_connection_update_req_event</a> from aci_events.o(i.cb_aci_l2cap_connection_update_req_event) referenced from aci_events.o(.constdata)
 <LI><a href="#[3b]">cb_aci_l2cap_connection_update_resp_event</a> from aci_events.o(i.cb_aci_l2cap_connection_update_resp_event) referenced from aci_events.o(.constdata)
 <LI><a href="#[3c]">cb_aci_l2cap_proc_timeout_event</a> from aci_events.o(i.cb_aci_l2cap_proc_timeout_event) referenced from aci_events.o(.constdata)
 <LI><a href="#[29]">cb_hci_data_buffer_overflow_event</a> from aci_events.o(i.cb_hci_data_buffer_overflow_event) referenced from aci_events.o(.constdata)
 <LI><a href="#[1e]">cb_hci_disconnection_complete_event</a> from aci_events.o(i.cb_hci_disconnection_complete_event) referenced from aci_events.o(.constdata)
 <LI><a href="#[1f]">cb_hci_encryption_change_event</a> from aci_events.o(i.cb_hci_encryption_change_event) referenced from aci_events.o(.constdata)
 <LI><a href="#[20]">cb_hci_encryption_key_refresh_complete_event</a> from aci_events.o(i.cb_hci_encryption_key_refresh_complete_event) referenced from aci_events.o(.constdata)
 <LI><a href="#[23]">cb_hci_le_advertising_report_event</a> from aci_events.o(i.cb_hci_le_advertising_report_event) referenced from aci_events.o(.constdata)
 <LI><a href="#[21]">cb_hci_le_connection_complete_event</a> from aci_events.o(i.cb_hci_le_connection_complete_event) referenced from aci_events.o(.constdata)
 <LI><a href="#[2b]">cb_hci_le_connection_update_complete_event</a> from aci_events.o(i.cb_hci_le_connection_update_complete_event) referenced from aci_events.o(.constdata)
 <LI><a href="#[24]">cb_hci_le_data_length_change_event</a> from aci_events.o(i.cb_hci_le_data_length_change_event) referenced from aci_events.o(.constdata)
 <LI><a href="#[28]">cb_hci_le_direct_advertising_report_event</a> from aci_events.o(i.cb_hci_le_direct_advertising_report_event) referenced from aci_events.o(.constdata)
 <LI><a href="#[27]">cb_hci_le_enhanced_connection_complete_event</a> from aci_events.o(i.cb_hci_le_enhanced_connection_complete_event) referenced from aci_events.o(.constdata)
 <LI><a href="#[26]">cb_hci_le_generate_dhkey_complete_event</a> from aci_events.o(i.cb_hci_le_generate_dhkey_complete_event) referenced from aci_events.o(.constdata)
 <LI><a href="#[22]">cb_hci_le_long_term_key_request_event</a> from aci_events.o(i.cb_hci_le_long_term_key_request_event) referenced from aci_events.o(.constdata)
 <LI><a href="#[25]">cb_hci_le_read_local_p256_public_key_complete_event</a> from aci_events.o(i.cb_hci_le_read_local_p256_public_key_complete_event) referenced from aci_events.o(.constdata)
 <LI><a href="#[2c]">cb_hci_le_read_remote_used_features_complete_event</a> from aci_events.o(i.cb_hci_le_read_remote_used_features_complete_event) referenced from aci_events.o(.constdata)
 <LI><a href="#[2e]">cb_hci_number_of_completed_packets_event</a> from aci_events.o(i.cb_hci_number_of_completed_packets_event) referenced from aci_events.o(.constdata)
 <LI><a href="#[2a]">cb_hci_read_remote_version_information_complete_event</a> from aci_events.o(i.cb_hci_read_remote_version_information_complete_event) referenced from aci_events.o(.constdata)
 <LI><a href="#[2f]">cb_hci_rx_acl_data_event</a> from aci_events.o(i.cb_hci_rx_acl_data_event) referenced from aci_events.o(.constdata)
 <LI><a href="#[1c]">fputc</a> from sdk_eval_com.o(i.fputc) referenced from printfa.o(i.__0printf)
 <LI><a href="#[59]">int_cb_hci_acl_data_ind_event</a> from acl.o(i.int_cb_hci_acl_data_ind_event) referenced from aci_events.o(.constdata)
 <LI><a href="#[58]">int_cb_hci_acl_data_tx_cmpl_event</a> from acl.o(i.int_cb_hci_acl_data_tx_cmpl_event) referenced from aci_events.o(.constdata)
 <LI><a href="#[5a]">int_cb_hci_disconnection_complete_event</a> from aci_events.o(i.int_cb_hci_disconnection_complete_event) referenced from aci_events.o(.constdata)
 <LI><a href="#[5b]">int_cb_hci_encryption_change_event</a> from aci_events.o(i.int_cb_hci_encryption_change_event) referenced from aci_events.o(.constdata)
 <LI><a href="#[5c]">int_cb_hci_encryption_key_refresh_complete_event</a> from aci_events.o(i.int_cb_hci_encryption_key_refresh_complete_event) referenced from aci_events.o(.constdata)
 <LI><a href="#[5f]">int_cb_hci_le_advertising_report_event</a> from aci_events.o(i.int_cb_hci_le_advertising_report_event) referenced from aci_events.o(.constdata)
 <LI><a href="#[5d]">int_cb_hci_le_connection_complete_event</a> from aci_events.o(i.int_cb_hci_le_connection_complete_event) referenced from aci_events.o(.constdata)
 <LI><a href="#[60]">int_cb_hci_le_data_length_change_event</a> from aci_events.o(i.int_cb_hci_le_data_length_change_event) referenced from aci_events.o(.constdata)
 <LI><a href="#[64]">int_cb_hci_le_direct_advertising_report_event</a> from aci_events.o(i.int_cb_hci_le_direct_advertising_report_event) referenced from aci_events.o(.constdata)
 <LI><a href="#[63]">int_cb_hci_le_enhanced_connection_complete_event</a> from aci_events.o(i.int_cb_hci_le_enhanced_connection_complete_event) referenced from aci_events.o(.constdata)
 <LI><a href="#[62]">int_cb_hci_le_generate_dhkey_complete_event</a> from aci_events.o(i.int_cb_hci_le_generate_dhkey_complete_event) referenced from aci_events.o(.constdata)
 <LI><a href="#[5e]">int_cb_hci_le_long_term_key_request_event</a> from aci_events.o(i.int_cb_hci_le_long_term_key_request_event) referenced from aci_events.o(.constdata)
 <LI><a href="#[61]">int_cb_hci_le_read_local_p256_public_key_complete_event</a> from aci_events.o(i.int_cb_hci_le_read_local_p256_public_key_complete_event) referenced from aci_events.o(.constdata)
 <LI><a href="#[1]">isr_advertise_state</a> from ll_isr.o(i.isr_advertise_state) referenced 2 times from ll_isr.o(.data)
 <LI><a href="#[2]">isr_connect_slave_state</a> from ll_isr.o(i.isr_connect_slave_state) referenced 2 times from ll_isr.o(.data)
 <LI><a href="#[4]">isr_test_rx_state</a> from ll_isr.o(i.isr_test_rx_state) referenced 2 times from ll_isr.o(.data)
 <LI><a href="#[3]">isr_test_tx_state</a> from ll_isr.o(i.isr_test_tx_state) referenced 2 times from ll_isr.o(.data)
 <LI><a href="#[0]">isr_unknown_state</a> from ll_isr.o(i.isr_unknown_state) referenced 8 times from ll_isr.o(.data)
 <LI><a href="#[1b]">main</a> from ble_chat_main.o(i.main) referenced from entry9a.o(.ARM.Collect$$$$0000000B)
</UL>
<P>
<H3>
Global Symbols
</H3>
<P><STRONG><a name="[2ef]"></a>CS_contextSave</STRONG> (Thumb, 82 bytes, Stack size 0 bytes, context_switch.o(. text), UNUSED)

<P><STRONG><a name="[238]"></a>CS_contextRestore</STRONG> (Thumb, 42 bytes, Stack size 0 bytes, context_switch.o(. text))
<BR><BR>[Called By]<UL><LI><a href="#[1d4]">&gt;&gt;</a>&nbsp;&nbsp;&nbsp;__low_level_init
</UL>

<P><STRONG><a name="[65]"></a>__main</STRONG> (Thumb, 0 bytes, Stack size unknown bytes, entry.o(.ARM.Collect$$$$00000000))
<BR><BR>[Called By]<UL><LI><a href="#[5]">&gt;&gt;</a>&nbsp;&nbsp;&nbsp;RESET_HANDLER
</UL>

<P><STRONG><a name="[2f0]"></a>_main_stk</STRONG> (Thumb, 0 bytes, Stack size unknown bytes, entry3.o(.ARM.Collect$$$$00000002))

<P><STRONG><a name="[66]"></a>_main_scatterload</STRONG> (Thumb, 0 bytes, Stack size unknown bytes, entry5.o(.ARM.Collect$$$$00000004))
<BR><BR>[Calls]<UL><LI><a href="#[67]">&gt;&gt;</a>&nbsp;&nbsp;&nbsp;__scatterload
</UL>

<P><STRONG><a name="[7e]"></a>__main_after_scatterload</STRONG> (Thumb, 0 bytes, Stack size unknown bytes, entry5.o(.ARM.Collect$$$$00000004))
<BR><BR>[Called By]<UL><LI><a href="#[67]">&gt;&gt;</a>&nbsp;&nbsp;&nbsp;__scatterload
</UL>

<P><STRONG><a name="[2f1]"></a>_main_clock</STRONG> (Thumb, 0 bytes, Stack size unknown bytes, entry7b.o(.ARM.Collect$$$$00000008))

<P><STRONG><a name="[2f2]"></a>_main_cpp_init</STRONG> (Thumb, 0 bytes, Stack size unknown bytes, entry8b.o(.ARM.Collect$$$$0000000A))

<P><STRONG><a name="[2f3]"></a>_main_init</STRONG> (Thumb, 0 bytes, Stack size unknown bytes, entry9a.o(.ARM.Collect$$$$0000000B))

<P><STRONG><a name="[2f4]"></a>__rt_final_cpp</STRONG> (Thumb, 0 bytes, Stack size unknown bytes, entry10a.o(.ARM.Collect$$$$0000000D))

<P><STRONG><a name="[2f5]"></a>__rt_final_exit</STRONG> (Thumb, 0 bytes, Stack size unknown bytes, entry11a.o(.ARM.Collect$$$$0000000F))

<P><STRONG><a name="[2f6]"></a>__aeabi_uidiv</STRONG> (Thumb, 0 bytes, Stack size 12 bytes, uidiv.o(.text), UNUSED)

<P><STRONG><a name="[69]"></a>__aeabi_uidivmod</STRONG> (Thumb, 44 bytes, Stack size 12 bytes, uidiv.o(.text))
<BR><BR>[Stack]<UL><LI>Max Depth = 12<LI>Call Chain = __aeabi_uidivmod
</UL>
<BR>[Called By]<UL><LI><a href="#[165]">&gt;&gt;</a>&nbsp;&nbsp;&nbsp;I2C_Init
<LI><a href="#[207]">&gt;&gt;</a>&nbsp;&nbsp;&nbsp;UART_Init
<LI><a href="#[b3]">&gt;&gt;</a>&nbsp;&nbsp;&nbsp;Gatt_Process_Q
<LI><a href="#[247]">&gt;&gt;</a>&nbsp;&nbsp;&nbsp;adapt_slot
<LI><a href="#[235]">&gt;&gt;</a>&nbsp;&nbsp;&nbsp;_printf_core
<LI><a href="#[68]">&gt;&gt;</a>&nbsp;&nbsp;&nbsp;__aeabi_idivmod
</UL>

<P><STRONG><a name="[2f7]"></a>__aeabi_idiv</STRONG> (Thumb, 0 bytes, Stack size 16 bytes, idiv.o(.text), UNUSED)

<P><STRONG><a name="[68]"></a>__aeabi_idivmod</STRONG> (Thumb, 40 bytes, Stack size 16 bytes, idiv.o(.text))
<BR><BR>[Stack]<UL><LI>Max Depth = 28<LI>Call Chain = __aeabi_idivmod &rArr; __aeabi_uidivmod
</UL>
<BR>[Calls]<UL><LI><a href="#[69]">&gt;&gt;</a>&nbsp;&nbsp;&nbsp;__aeabi_uidivmod
</UL>
<BR>[Called By]<UL><LI><a href="#[88]">&gt;&gt;</a>&nbsp;&nbsp;&nbsp;AccGyro_Update
</UL>

<P><STRONG><a name="[2f8]"></a>____aeabi_memcpy8$ret$move</STRONG> (Thumb, 0 bytes, Stack size 8 bytes, memmove.o(.text), UNUSED)

<P><STRONG><a name="[2f9]"></a>___aeabi_memmove$ret</STRONG> (Thumb, 0 bytes, Stack size 8 bytes, memmove.o(.text), UNUSED)

<P><STRONG><a name="[2fa]"></a>___aeabi_memmove8$ret</STRONG> (Thumb, 0 bytes, Stack size 8 bytes, memmove.o(.text), UNUSED)

<P><STRONG><a name="[134]"></a>__aeabi_memcpy</STRONG> (Thumb, 66 bytes, Stack size 8 bytes, memmove.o(.text))
<BR><BR>[Stack]<UL><LI>Max Depth = 8<LI>Call Chain = __aeabi_memcpy
</UL>
<BR>[Called By]<UL><LI><a href="#[10a]">&gt;&gt;</a>&nbsp;&nbsp;&nbsp;Gatt_Add_Service
<LI><a href="#[10b]">&gt;&gt;</a>&nbsp;&nbsp;&nbsp;Gatt_Add_Characteristic
</UL>

<P><STRONG><a name="[e9]"></a>__aeabi_memcpy4</STRONG> (Thumb, 0 bytes, Stack size 8 bytes, memmove.o(.text))
<BR><BR>[Stack]<UL><LI>Max Depth = 8<LI>Call Chain = __aeabi_memcpy4
</UL>
<BR>[Called By]<UL><LI><a href="#[e8]">&gt;&gt;</a>&nbsp;&nbsp;&nbsp;DeviceConfiguration
<LI><a href="#[2e4]">&gt;&gt;</a>&nbsp;&nbsp;&nbsp;smp_add_to_sdb
<LI><a href="#[2ca]">&gt;&gt;</a>&nbsp;&nbsp;&nbsp;smp_Determine_Key_Association_Method
</UL>

<P><STRONG><a name="[1ad]"></a>__aeabi_memmove4</STRONG> (Thumb, 0 bytes, Stack size 8 bytes, memmove.o(.text))
<BR><BR>[Stack]<UL><LI>Max Depth = 8<LI>Call Chain = __aeabi_memmove4
</UL>
<BR>[Called By]<UL><LI><a href="#[1ac]">&gt;&gt;</a>&nbsp;&nbsp;&nbsp;Mem_Buff_Block_Copy
<LI><a href="#[1ae]">&gt;&gt;</a>&nbsp;&nbsp;&nbsp;Mem_Buff_Block_Write
</UL>

<P><STRONG><a name="[1b7]"></a>memcpy</STRONG> (Thumb, 0 bytes, Stack size 8 bytes, memmove.o(.text))
<BR><BR>[Stack]<UL><LI>Max Depth = 8<LI>Call Chain = memcpy
</UL>
<BR>[Called By]<UL><LI><a href="#[8a]">&gt;&gt;</a>&nbsp;&nbsp;&nbsp;Osal_MemCpy
</UL>

<P><STRONG><a name="[2fb]"></a>memmove</STRONG> (Thumb, 0 bytes, Stack size 8 bytes, memmove.o(.text), UNUSED)

<P><STRONG><a name="[6b]"></a>__aeabi_memset</STRONG> (Thumb, 14 bytes, Stack size 0 bytes, memseta.o(.text))
<BR><BR>[Called By]<UL><LI><a href="#[6c]">&gt;&gt;</a>&nbsp;&nbsp;&nbsp;memset
<LI><a href="#[6a]">&gt;&gt;</a>&nbsp;&nbsp;&nbsp;__aeabi_memclr
</UL>

<P><STRONG><a name="[2fc]"></a>__aeabi_memset4</STRONG> (Thumb, 0 bytes, Stack size 0 bytes, memseta.o(.text), UNUSED)

<P><STRONG><a name="[2fd]"></a>__aeabi_memset8</STRONG> (Thumb, 0 bytes, Stack size 0 bytes, memseta.o(.text), UNUSED)

<P><STRONG><a name="[6a]"></a>__aeabi_memclr</STRONG> (Thumb, 4 bytes, Stack size 0 bytes, memseta.o(.text))
<BR><BR>[Calls]<UL><LI><a href="#[6b]">&gt;&gt;</a>&nbsp;&nbsp;&nbsp;__aeabi_memset
</UL>
<BR>[Called By]<UL><LI><a href="#[7f]">&gt;&gt;</a>&nbsp;&nbsp;&nbsp;APP_Tick
</UL>

<P><STRONG><a name="[23b]"></a>__aeabi_memclr4</STRONG> (Thumb, 0 bytes, Stack size 0 bytes, memseta.o(.text))
<BR><BR>[Called By]<UL><LI><a href="#[120]">&gt;&gt;</a>&nbsp;&nbsp;&nbsp;_gap_set_discoverable_connectable
</UL>

<P><STRONG><a name="[2fe]"></a>__aeabi_memclr8</STRONG> (Thumb, 0 bytes, Stack size 0 bytes, memseta.o(.text), UNUSED)

<P><STRONG><a name="[6c]"></a>memset</STRONG> (Thumb, 18 bytes, Stack size 8 bytes, memseta.o(.text))
<BR><BR>[Stack]<UL><LI>Max Depth = 8<LI>Call Chain = memset
</UL>
<BR>[Calls]<UL><LI><a href="#[6b]">&gt;&gt;</a>&nbsp;&nbsp;&nbsp;__aeabi_memset
</UL>
<BR>[Called By]<UL><LI><a href="#[f4]">&gt;&gt;</a>&nbsp;&nbsp;&nbsp;Osal_MemSet
</UL>

<P><STRONG><a name="[1b6]"></a>memcmp</STRONG> (Thumb, 26 bytes, Stack size 12 bytes, memcmp.o(.text))
<BR><BR>[Stack]<UL><LI>Max Depth = 12<LI>Call Chain = memcmp
</UL>
<BR>[Called By]<UL><LI><a href="#[95]">&gt;&gt;</a>&nbsp;&nbsp;&nbsp;Osal_MemCmp
</UL>

<P><STRONG><a name="[a8]"></a>strncmp</STRONG> (Thumb, 30 bytes, Stack size 12 bytes, strncmp.o(.text))
<BR><BR>[Stack]<UL><LI>Max Depth = 12<LI>Call Chain = strncmp
</UL>
<BR>[Called By]<UL><LI><a href="#[a7]">&gt;&gt;</a>&nbsp;&nbsp;&nbsp;Attribute_Modified_CB
<LI><a href="#[1d]">&gt;&gt;</a>&nbsp;&nbsp;&nbsp;Process_InputData
</UL>

<P><STRONG><a name="[192]"></a>__aeabi_uread4</STRONG> (Thumb, 20 bytes, Stack size 0 bytes, uread4.o(.text))
<BR><BR>[Called By]<UL><LI><a href="#[1e4]">&gt;&gt;</a>&nbsp;&nbsp;&nbsp;Write_Client_Data
<LI><a href="#[18c]">&gt;&gt;</a>&nbsp;&nbsp;&nbsp;LL_Check_And_Set_Addresses
</UL>

<P><STRONG><a name="[2ff]"></a>__rt_uread4</STRONG> (Thumb, 0 bytes, Stack size 0 bytes, uread4.o(.text), UNUSED)

<P><STRONG><a name="[300]"></a>_uread4</STRONG> (Thumb, 0 bytes, Stack size 0 bytes, uread4.o(.text), UNUSED)

<P><STRONG><a name="[84]"></a>__aeabi_fmul</STRONG> (Thumb, 122 bytes, Stack size 16 bytes, fmul.o(.text))
<BR><BR>[Stack]<UL><LI>Max Depth = 16<LI>Call Chain = __aeabi_fmul
</UL>
<BR>[Called By]<UL><LI><a href="#[7f]">&gt;&gt;</a>&nbsp;&nbsp;&nbsp;APP_Tick
</UL>

<P><STRONG><a name="[6d]"></a>__aeabi_fdiv</STRONG> (Thumb, 124 bytes, Stack size 16 bytes, fdiv.o(.text))
<BR><BR>[Stack]<UL><LI>Max Depth = 16<LI>Call Chain = __aeabi_fdiv
</UL>
<BR>[Calls]<UL><LI><a href="#[6e]">&gt;&gt;</a>&nbsp;&nbsp;&nbsp;_float_round
</UL>
<BR>[Called By]<UL><LI><a href="#[87]">&gt;&gt;</a>&nbsp;&nbsp;&nbsp;acc_gyro_data_print
<LI><a href="#[7f]">&gt;&gt;</a>&nbsp;&nbsp;&nbsp;APP_Tick
</UL>

<P><STRONG><a name="[6f]"></a>__aeabi_dadd</STRONG> (Thumb, 328 bytes, Stack size 48 bytes, dadd.o(.text), UNUSED)
<BR><BR>[Calls]<UL><LI><a href="#[71]">&gt;&gt;</a>&nbsp;&nbsp;&nbsp;__aeabi_lasr
<LI><a href="#[70]">&gt;&gt;</a>&nbsp;&nbsp;&nbsp;__aeabi_llsl
<LI><a href="#[73]">&gt;&gt;</a>&nbsp;&nbsp;&nbsp;_double_round
<LI><a href="#[72]">&gt;&gt;</a>&nbsp;&nbsp;&nbsp;_double_epilogue
</UL>
<BR>[Called By]<UL><LI><a href="#[74]">&gt;&gt;</a>&nbsp;&nbsp;&nbsp;__aeabi_dsub
<LI><a href="#[75]">&gt;&gt;</a>&nbsp;&nbsp;&nbsp;__aeabi_drsub
<LI><a href="#[239]">&gt;&gt;</a>&nbsp;&nbsp;&nbsp;_fp_digits
</UL>

<P><STRONG><a name="[74]"></a>__aeabi_dsub</STRONG> (Thumb, 12 bytes, Stack size 8 bytes, dadd.o(.text), UNUSED)
<BR><BR>[Calls]<UL><LI><a href="#[6f]">&gt;&gt;</a>&nbsp;&nbsp;&nbsp;__aeabi_dadd
</UL>

<P><STRONG><a name="[75]"></a>__aeabi_drsub</STRONG> (Thumb, 12 bytes, Stack size 8 bytes, dadd.o(.text), UNUSED)
<BR><BR>[Calls]<UL><LI><a href="#[6f]">&gt;&gt;</a>&nbsp;&nbsp;&nbsp;__aeabi_dadd
</UL>

<P><STRONG><a name="[76]"></a>__aeabi_dmul</STRONG> (Thumb, 202 bytes, Stack size 72 bytes, dmul.o(.text), UNUSED)
<BR><BR>[Calls]<UL><LI><a href="#[72]">&gt;&gt;</a>&nbsp;&nbsp;&nbsp;_double_epilogue
</UL>
<BR>[Called By]<UL><LI><a href="#[239]">&gt;&gt;</a>&nbsp;&nbsp;&nbsp;_fp_digits
</UL>

<P><STRONG><a name="[77]"></a>__aeabi_i2f</STRONG> (Thumb, 22 bytes, Stack size 8 bytes, fflti.o(.text))
<BR><BR>[Stack]<UL><LI>Max Depth = 20<LI>Call Chain = __aeabi_i2f &rArr; _float_epilogue
</UL>
<BR>[Calls]<UL><LI><a href="#[78]">&gt;&gt;</a>&nbsp;&nbsp;&nbsp;_float_epilogue
</UL>
<BR>[Called By]<UL><LI><a href="#[7f]">&gt;&gt;</a>&nbsp;&nbsp;&nbsp;APP_Tick
</UL>

<P><STRONG><a name="[86]"></a>__aeabi_f2iz</STRONG> (Thumb, 50 bytes, Stack size 0 bytes, ffixi.o(.text))
<BR><BR>[Called By]<UL><LI><a href="#[7f]">&gt;&gt;</a>&nbsp;&nbsp;&nbsp;APP_Tick
</UL>

<P><STRONG><a name="[242]"></a>__aeabi_f2d</STRONG> (Thumb, 40 bytes, Stack size 0 bytes, f2d.o(.text))
<BR><BR>[Called By]<UL><LI><a href="#[87]">&gt;&gt;</a>&nbsp;&nbsp;&nbsp;acc_gyro_data_print
</UL>

<P><STRONG><a name="[79]"></a>__aeabi_uldivmod</STRONG> (Thumb, 96 bytes, Stack size 48 bytes, uldiv.o(.text), UNUSED)
<BR><BR>[Calls]<UL><LI><a href="#[7a]">&gt;&gt;</a>&nbsp;&nbsp;&nbsp;__aeabi_llsr
<LI><a href="#[70]">&gt;&gt;</a>&nbsp;&nbsp;&nbsp;__aeabi_llsl
</UL>
<BR>[Called By]<UL><LI><a href="#[235]">&gt;&gt;</a>&nbsp;&nbsp;&nbsp;_printf_core
<LI><a href="#[239]">&gt;&gt;</a>&nbsp;&nbsp;&nbsp;_fp_digits
</UL>

<P><STRONG><a name="[70]"></a>__aeabi_llsl</STRONG> (Thumb, 32 bytes, Stack size 8 bytes, llshl.o(.text), UNUSED)
<BR><BR>[Called By]<UL><LI><a href="#[6f]">&gt;&gt;</a>&nbsp;&nbsp;&nbsp;__aeabi_dadd
<LI><a href="#[7d]">&gt;&gt;</a>&nbsp;&nbsp;&nbsp;__aeabi_d2ulz
<LI><a href="#[79]">&gt;&gt;</a>&nbsp;&nbsp;&nbsp;__aeabi_uldivmod
<LI><a href="#[72]">&gt;&gt;</a>&nbsp;&nbsp;&nbsp;_double_epilogue
</UL>

<P><STRONG><a name="[301]"></a>_ll_shift_l</STRONG> (Thumb, 0 bytes, Stack size 8 bytes, llshl.o(.text), UNUSED)

<P><STRONG><a name="[71]"></a>__aeabi_lasr</STRONG> (Thumb, 38 bytes, Stack size 8 bytes, llsshr.o(.text), UNUSED)
<BR><BR>[Called By]<UL><LI><a href="#[6f]">&gt;&gt;</a>&nbsp;&nbsp;&nbsp;__aeabi_dadd
</UL>

<P><STRONG><a name="[302]"></a>_ll_sshift_r</STRONG> (Thumb, 0 bytes, Stack size 8 bytes, llsshr.o(.text), UNUSED)

<P><STRONG><a name="[303]"></a>__I$use$fp</STRONG> (Thumb, 0 bytes, Stack size 0 bytes, iusefp.o(.text), UNUSED)

<P><STRONG><a name="[6e]"></a>_float_round</STRONG> (Thumb, 16 bytes, Stack size 0 bytes, fepilogue.o(.text))
<BR><BR>[Called By]<UL><LI><a href="#[6d]">&gt;&gt;</a>&nbsp;&nbsp;&nbsp;__aeabi_fdiv
</UL>

<P><STRONG><a name="[78]"></a>_float_epilogue</STRONG> (Thumb, 114 bytes, Stack size 12 bytes, fepilogue.o(.text))
<BR><BR>[Stack]<UL><LI>Max Depth = 12<LI>Call Chain = _float_epilogue
</UL>
<BR>[Called By]<UL><LI><a href="#[77]">&gt;&gt;</a>&nbsp;&nbsp;&nbsp;__aeabi_i2f
</UL>

<P><STRONG><a name="[73]"></a>_double_round</STRONG> (Thumb, 26 bytes, Stack size 8 bytes, depilogue.o(.text), UNUSED)
<BR><BR>[Called By]<UL><LI><a href="#[6f]">&gt;&gt;</a>&nbsp;&nbsp;&nbsp;__aeabi_dadd
<LI><a href="#[7c]">&gt;&gt;</a>&nbsp;&nbsp;&nbsp;__aeabi_ddiv
<LI><a href="#[72]">&gt;&gt;</a>&nbsp;&nbsp;&nbsp;_double_epilogue
</UL>

<P><STRONG><a name="[72]"></a>_double_epilogue</STRONG> (Thumb, 164 bytes, Stack size 48 bytes, depilogue.o(.text), UNUSED)
<BR><BR>[Calls]<UL><LI><a href="#[7a]">&gt;&gt;</a>&nbsp;&nbsp;&nbsp;__aeabi_llsr
<LI><a href="#[7b]">&gt;&gt;</a>&nbsp;&nbsp;&nbsp;__ARM_clz
<LI><a href="#[70]">&gt;&gt;</a>&nbsp;&nbsp;&nbsp;__aeabi_llsl
<LI><a href="#[73]">&gt;&gt;</a>&nbsp;&nbsp;&nbsp;_double_round
</UL>
<BR>[Called By]<UL><LI><a href="#[76]">&gt;&gt;</a>&nbsp;&nbsp;&nbsp;__aeabi_dmul
<LI><a href="#[6f]">&gt;&gt;</a>&nbsp;&nbsp;&nbsp;__aeabi_dadd
</UL>

<P><STRONG><a name="[7c]"></a>__aeabi_ddiv</STRONG> (Thumb, 234 bytes, Stack size 40 bytes, ddiv.o(.text), UNUSED)
<BR><BR>[Calls]<UL><LI><a href="#[73]">&gt;&gt;</a>&nbsp;&nbsp;&nbsp;_double_round
</UL>
<BR>[Called By]<UL><LI><a href="#[239]">&gt;&gt;</a>&nbsp;&nbsp;&nbsp;_fp_digits
</UL>

<P><STRONG><a name="[7d]"></a>__aeabi_d2ulz</STRONG> (Thumb, 54 bytes, Stack size 8 bytes, dfixul.o(.text), UNUSED)
<BR><BR>[Calls]<UL><LI><a href="#[7a]">&gt;&gt;</a>&nbsp;&nbsp;&nbsp;__aeabi_llsr
<LI><a href="#[70]">&gt;&gt;</a>&nbsp;&nbsp;&nbsp;__aeabi_llsl
</UL>
<BR>[Called By]<UL><LI><a href="#[239]">&gt;&gt;</a>&nbsp;&nbsp;&nbsp;_fp_digits
</UL>

<P><STRONG><a name="[23a]"></a>__aeabi_cdrcmple</STRONG> (Thumb, 38 bytes, Stack size 0 bytes, cdrcmple.o(.text), UNUSED)
<BR><BR>[Called By]<UL><LI><a href="#[239]">&gt;&gt;</a>&nbsp;&nbsp;&nbsp;_fp_digits
</UL>

<P><STRONG><a name="[67]"></a>__scatterload</STRONG> (Thumb, 28 bytes, Stack size 0 bytes, init.o(.text))
<BR><BR>[Calls]<UL><LI><a href="#[7e]">&gt;&gt;</a>&nbsp;&nbsp;&nbsp;__main_after_scatterload
</UL>
<BR>[Called By]<UL><LI><a href="#[66]">&gt;&gt;</a>&nbsp;&nbsp;&nbsp;_main_scatterload
</UL>

<P><STRONG><a name="[304]"></a>__scatterload_rt2</STRONG> (Thumb, 0 bytes, Stack size 0 bytes, init.o(.text), UNUSED)

<P><STRONG><a name="[7a]"></a>__aeabi_llsr</STRONG> (Thumb, 34 bytes, Stack size 8 bytes, llushr.o(.text), UNUSED)
<BR><BR>[Called By]<UL><LI><a href="#[7d]">&gt;&gt;</a>&nbsp;&nbsp;&nbsp;__aeabi_d2ulz
<LI><a href="#[79]">&gt;&gt;</a>&nbsp;&nbsp;&nbsp;__aeabi_uldivmod
<LI><a href="#[72]">&gt;&gt;</a>&nbsp;&nbsp;&nbsp;_double_epilogue
</UL>

<P><STRONG><a name="[305]"></a>_ll_ushift_r</STRONG> (Thumb, 0 bytes, Stack size 8 bytes, llushr.o(.text), UNUSED)

<P><STRONG><a name="[306]"></a>__decompress</STRONG> (Thumb, 0 bytes, Stack size unknown bytes, __dczerorl2.o(.text), UNUSED)

<P><STRONG><a name="[307]"></a>__decompress1</STRONG> (Thumb, 86 bytes, Stack size unknown bytes, __dczerorl2.o(.text), UNUSED)

<P><STRONG><a name="[11]"></a>ADC_Handler</STRONG> (Thumb, 2 bytes, Stack size 0 bytes, system_bluenrg1.o(i.ADC_Handler))
<BR>[Address Reference Count : 1]<UL><LI> system_bluenrg1.o(.intvec)
</UL>
<P><STRONG><a name="[7f]"></a>APP_Tick</STRONG> (Thumb, 284 bytes, Stack size 24 bytes, chat.o(i.APP_Tick))
<BR><BR>[Stack]<UL><LI>Max Depth = 104 + Unknown Stack Size
<LI>Call Chain = APP_Tick &rArr; lsm6dso_gy_data_rate_set &rArr; lsm6dso_read_reg &rArr; SdkEvalI2CRead &rArr; I2C_BeginTransaction
</UL>
<BR>[Calls]<UL><LI><a href="#[77]">&gt;&gt;</a>&nbsp;&nbsp;&nbsp;__aeabi_i2f
<LI><a href="#[84]">&gt;&gt;</a>&nbsp;&nbsp;&nbsp;__aeabi_fmul
<LI><a href="#[6d]">&gt;&gt;</a>&nbsp;&nbsp;&nbsp;__aeabi_fdiv
<LI><a href="#[80]">&gt;&gt;</a>&nbsp;&nbsp;&nbsp;Clock_Wait
<LI><a href="#[86]">&gt;&gt;</a>&nbsp;&nbsp;&nbsp;__aeabi_f2iz
<LI><a href="#[6a]">&gt;&gt;</a>&nbsp;&nbsp;&nbsp;__aeabi_memclr
<LI><a href="#[82]">&gt;&gt;</a>&nbsp;&nbsp;&nbsp;lsm6dso_gy_data_rate_set
<LI><a href="#[85]">&gt;&gt;</a>&nbsp;&nbsp;&nbsp;lsm6dso_angular_rate_raw_get
<LI><a href="#[83]">&gt;&gt;</a>&nbsp;&nbsp;&nbsp;lsm6dso_acceleration_raw_get
<LI><a href="#[88]">&gt;&gt;</a>&nbsp;&nbsp;&nbsp;AccGyro_Update
<LI><a href="#[87]">&gt;&gt;</a>&nbsp;&nbsp;&nbsp;acc_gyro_data_print
<LI><a href="#[81]">&gt;&gt;</a>&nbsp;&nbsp;&nbsp;lsm6dso_xl_data_rate_set
</UL>
<BR>[Called By]<UL><LI><a href="#[1b]">&gt;&gt;</a>&nbsp;&nbsp;&nbsp;main
</UL>

<P><STRONG><a name="[89]"></a>ATT_fill_error_resp</STRONG> (Thumb, 38 bytes, Stack size unknown bytes, att.o(i.ATT_fill_error_resp))
<BR><BR>[Stack]<UL><LI>Max Depth = 16 + Unknown Stack Size
<LI>Call Chain = ATT_fill_error_resp &rArr; Osal_MemCpy &rArr; memcpy
</UL>
<BR>[Calls]<UL><LI><a href="#[8a]">&gt;&gt;</a>&nbsp;&nbsp;&nbsp;Osal_MemCpy
</UL>
<BR>[Called By]<UL><LI><a href="#[1cb]">&gt;&gt;</a>&nbsp;&nbsp;&nbsp;Write_Resp
<LI><a href="#[1c7]">&gt;&gt;</a>&nbsp;&nbsp;&nbsp;Read_Resp
<LI><a href="#[1c9]">&gt;&gt;</a>&nbsp;&nbsp;&nbsp;Read_Multi_Resp
<LI><a href="#[1c6]">&gt;&gt;</a>&nbsp;&nbsp;&nbsp;Read_By_Type_Resp
<LI><a href="#[1ca]">&gt;&gt;</a>&nbsp;&nbsp;&nbsp;Read_By_Grp_Type_Resp
<LI><a href="#[1c8]">&gt;&gt;</a>&nbsp;&nbsp;&nbsp;Read_Blob_Resp
<LI><a href="#[1c3]">&gt;&gt;</a>&nbsp;&nbsp;&nbsp;Prepare_Write_Resp
<LI><a href="#[101]">&gt;&gt;</a>&nbsp;&nbsp;&nbsp;Find_Info_Resp
<LI><a href="#[fe]">&gt;&gt;</a>&nbsp;&nbsp;&nbsp;Find_By_Type_Val_Resp
<LI><a href="#[f6]">&gt;&gt;</a>&nbsp;&nbsp;&nbsp;Exec_Write_Resp
<LI><a href="#[f5]">&gt;&gt;</a>&nbsp;&nbsp;&nbsp;Exchg_Mtu_Resp
<LI><a href="#[13e]">&gt;&gt;</a>&nbsp;&nbsp;&nbsp;Process_Peer_Client_Data
<LI><a href="#[146]">&gt;&gt;</a>&nbsp;&nbsp;&nbsp;Gatt_Server_L2C_Handler
</UL>

<P><STRONG><a name="[88]"></a>AccGyro_Update</STRONG> (Thumb, 182 bytes, Stack size 24 bytes, gatt_db.o(i.AccGyro_Update))
<BR><BR>[Stack]<UL><LI>Max Depth = 52 + Unknown Stack Size
<LI>Call Chain = AccGyro_Update &rArr; __aeabi_idivmod &rArr; __aeabi_uidivmod
</UL>
<BR>[Calls]<UL><LI><a href="#[80]">&gt;&gt;</a>&nbsp;&nbsp;&nbsp;Clock_Wait
<LI><a href="#[90]">&gt;&gt;</a>&nbsp;&nbsp;&nbsp;__2printf
<LI><a href="#[68]">&gt;&gt;</a>&nbsp;&nbsp;&nbsp;__aeabi_idivmod
<LI><a href="#[92]">&gt;&gt;</a>&nbsp;&nbsp;&nbsp;aci_gatt_update_char_value
<LI><a href="#[91]">&gt;&gt;</a>&nbsp;&nbsp;&nbsp;getTimestamp
</UL>
<BR>[Called By]<UL><LI><a href="#[7f]">&gt;&gt;</a>&nbsp;&nbsp;&nbsp;APP_Tick
</UL>

<P><STRONG><a name="[93]"></a>Accu_Handles_Requiring_Auth</STRONG> (Thumb, 110 bytes, Stack size unknown bytes, rom_att.o(i.Accu_Handles_Requiring_Auth))
<BR><BR>[Stack]<UL><LI>Max Depth = 16 + Unknown Stack Size
<LI>Call Chain = Accu_Handles_Requiring_Auth &rArr; Osal_MemCpy &rArr; memcpy
</UL>
<BR>[Calls]<UL><LI><a href="#[8a]">&gt;&gt;</a>&nbsp;&nbsp;&nbsp;Osal_MemCpy
<LI><a href="#[8f]">&gt;&gt;</a>&nbsp;&nbsp;&nbsp;Gatt_search_handle
<LI><a href="#[8e]">&gt;&gt;</a>&nbsp;&nbsp;&nbsp;Gatt_Find_Srv_Owner_Of_Handle
</UL>
<BR>[Called By]<UL><LI><a href="#[1c9]">&gt;&gt;</a>&nbsp;&nbsp;&nbsp;Read_Multi_Resp
</UL>

<P><STRONG><a name="[94]"></a>Accu_UuidTypes_Requiring_Auth</STRONG> (Thumb, 234 bytes, Stack size unknown bytes, rom_att.o(i.Accu_UuidTypes_Requiring_Auth))
<BR><BR>[Stack]<UL><LI>Max Depth = 20 + Unknown Stack Size
<LI>Call Chain = Accu_UuidTypes_Requiring_Auth &rArr; Osal_MemCmp &rArr; memcmp
</UL>
<BR>[Calls]<UL><LI><a href="#[8a]">&gt;&gt;</a>&nbsp;&nbsp;&nbsp;Osal_MemCpy
<LI><a href="#[95]">&gt;&gt;</a>&nbsp;&nbsp;&nbsp;Osal_MemCmp
<LI><a href="#[8e]">&gt;&gt;</a>&nbsp;&nbsp;&nbsp;Gatt_Find_Srv_Owner_Of_Handle
</UL>
<BR>[Called By]<UL><LI><a href="#[1c6]">&gt;&gt;</a>&nbsp;&nbsp;&nbsp;Read_By_Type_Resp
</UL>

<P><STRONG><a name="[c3]"></a>Acl_Init</STRONG> (Thumb, 26 bytes, Stack size unknown bytes, acl.o(i.Acl_Init))
<BR><BR>[Called By]<UL><LI><a href="#[bf]">&gt;&gt;</a>&nbsp;&nbsp;&nbsp;BlueNRG_Stack_Initialize_Layers
</UL>

<P><STRONG><a name="[96]"></a>Acl_Rcv_Pkt_Handler</STRONG> (Thumb, 56 bytes, Stack size unknown bytes, acl.o(i.Acl_Rcv_Pkt_Handler))
<BR><BR>[Calls]<UL><LI><a href="#[97]">&gt;&gt;</a>&nbsp;&nbsp;&nbsp;aci_event_fifo_push_header
<LI><a href="#[98]">&gt;&gt;</a>&nbsp;&nbsp;&nbsp;aci_event_fifo_push
</UL>
<BR>[Called By]<UL><LI><a href="#[1d2]">&gt;&gt;</a>&nbsp;&nbsp;&nbsp;isr_event_handler
</UL>

<P><STRONG><a name="[99]"></a>Acl_Transmit_Data</STRONG> (Thumb, 92 bytes, Stack size unknown bytes, acl.o(i.Acl_Transmit_Data))
<BR><BR>[Stack]<UL><LI>Max Depth = 16 + Unknown Stack Size
<LI>Call Chain = Acl_Transmit_Data &rArr; advance_wakeup_timer &rArr; cancel_master &rArr; isr_event_handler &rArr; Osal_MemCpy &rArr; memcpy
</UL>
<BR>[Calls]<UL><LI><a href="#[9c]">&gt;&gt;</a>&nbsp;&nbsp;&nbsp;is_slave
<LI><a href="#[9b]">&gt;&gt;</a>&nbsp;&nbsp;&nbsp;get_connection_no
<LI><a href="#[9a]">&gt;&gt;</a>&nbsp;&nbsp;&nbsp;LL_Send_ACL_Data
<LI><a href="#[9d]">&gt;&gt;</a>&nbsp;&nbsp;&nbsp;slave_advance
<LI><a href="#[9e]">&gt;&gt;</a>&nbsp;&nbsp;&nbsp;advance_wakeup_timer
</UL>
<BR>[Called By]<UL><LI><a href="#[ad]">&gt;&gt;</a>&nbsp;&nbsp;&nbsp;hci_acl_Process_Q
<LI><a href="#[126]">&gt;&gt;</a>&nbsp;&nbsp;&nbsp;L2C_Send_Data
</UL>

<P><STRONG><a name="[9f]"></a>Acl_Tx_Cmpl_Pkt_Handler</STRONG> (Thumb, 64 bytes, Stack size unknown bytes, acl.o(i.Acl_Tx_Cmpl_Pkt_Handler))
<BR><BR>[Calls]<UL><LI><a href="#[97]">&gt;&gt;</a>&nbsp;&nbsp;&nbsp;aci_event_fifo_push_header
<LI><a href="#[98]">&gt;&gt;</a>&nbsp;&nbsp;&nbsp;aci_event_fifo_push
</UL>
<BR>[Called By]<UL><LI><a href="#[1d2]">&gt;&gt;</a>&nbsp;&nbsp;&nbsp;isr_event_handler
</UL>

<P><STRONG><a name="[a0]"></a>Add_Chat_Service</STRONG> (Thumb, 226 bytes, Stack size 112 bytes, gatt_db.o(i.Add_Chat_Service))
<BR><BR>[Stack]<UL><LI>Max Depth = 136 + Unknown Stack Size
<LI>Call Chain = Add_Chat_Service &rArr; __2printf
</UL>
<BR>[Calls]<UL><LI><a href="#[8a]">&gt;&gt;</a>&nbsp;&nbsp;&nbsp;Osal_MemCpy
<LI><a href="#[a1]">&gt;&gt;</a>&nbsp;&nbsp;&nbsp;aci_gatt_add_service
<LI><a href="#[a2]">&gt;&gt;</a>&nbsp;&nbsp;&nbsp;aci_gatt_add_char
<LI><a href="#[90]">&gt;&gt;</a>&nbsp;&nbsp;&nbsp;__2printf
</UL>
<BR>[Called By]<UL><LI><a href="#[d5]">&gt;&gt;</a>&nbsp;&nbsp;&nbsp;CHAT_DeviceInit
</UL>

<P><STRONG><a name="[a3]"></a>Add_Chat_Service_test</STRONG> (Thumb, 184 bytes, Stack size 96 bytes, gatt_db.o(i.Add_Chat_Service_test))
<BR><BR>[Stack]<UL><LI>Max Depth = 120 + Unknown Stack Size
<LI>Call Chain = Add_Chat_Service_test &rArr; __2printf
</UL>
<BR>[Calls]<UL><LI><a href="#[8a]">&gt;&gt;</a>&nbsp;&nbsp;&nbsp;Osal_MemCpy
<LI><a href="#[a1]">&gt;&gt;</a>&nbsp;&nbsp;&nbsp;aci_gatt_add_service
<LI><a href="#[a2]">&gt;&gt;</a>&nbsp;&nbsp;&nbsp;aci_gatt_add_char
<LI><a href="#[90]">&gt;&gt;</a>&nbsp;&nbsp;&nbsp;__2printf
</UL>
<BR>[Called By]<UL><LI><a href="#[d5]">&gt;&gt;</a>&nbsp;&nbsp;&nbsp;CHAT_DeviceInit
</UL>

<P><STRONG><a name="[a4]"></a>Att_Check_Perms</STRONG> (Thumb, 80 bytes, Stack size unknown bytes, att.o(i.Att_Check_Perms))
<BR><BR>[Calls]<UL><LI><a href="#[a5]">&gt;&gt;</a>&nbsp;&nbsp;&nbsp;SM_Get_Remote_Device_Info
<LI><a href="#[a6]">&gt;&gt;</a>&nbsp;&nbsp;&nbsp;Check_Permission
</UL>
<BR>[Called By]<UL><LI><a href="#[14e]">&gt;&gt;</a>&nbsp;&nbsp;&nbsp;Gatt_Update_Charac_Value_Ext
<LI><a href="#[1cb]">&gt;&gt;</a>&nbsp;&nbsp;&nbsp;Write_Resp
<LI><a href="#[1c7]">&gt;&gt;</a>&nbsp;&nbsp;&nbsp;Read_Resp
<LI><a href="#[1c9]">&gt;&gt;</a>&nbsp;&nbsp;&nbsp;Read_Multi_Resp
<LI><a href="#[1c6]">&gt;&gt;</a>&nbsp;&nbsp;&nbsp;Read_By_Type_Resp
<LI><a href="#[1c8]">&gt;&gt;</a>&nbsp;&nbsp;&nbsp;Read_Blob_Resp
<LI><a href="#[1c3]">&gt;&gt;</a>&nbsp;&nbsp;&nbsp;Prepare_Write_Resp
<LI><a href="#[fe]">&gt;&gt;</a>&nbsp;&nbsp;&nbsp;Find_By_Type_Val_Resp
<LI><a href="#[db]">&gt;&gt;</a>&nbsp;&nbsp;&nbsp;CheckSecForSignedWrite
</UL>

<P><STRONG><a name="[a7]"></a>Attribute_Modified_CB</STRONG> (Thumb, 134 bytes, Stack size 16 bytes, gatt_db.o(i.Attribute_Modified_CB))
<BR><BR>[Stack]<UL><LI>Max Depth = 40<LI>Call Chain = Attribute_Modified_CB &rArr; __2printf
</UL>
<BR>[Calls]<UL><LI><a href="#[90]">&gt;&gt;</a>&nbsp;&nbsp;&nbsp;__2printf
<LI><a href="#[a8]">&gt;&gt;</a>&nbsp;&nbsp;&nbsp;strncmp
</UL>
<BR>[Called By]<UL><LI><a href="#[246]">&gt;&gt;</a>&nbsp;&nbsp;&nbsp;aci_gatt_attribute_modified_event
</UL>

<P><STRONG><a name="[a9]"></a>BLEPLAT_get_part_info</STRONG> (Thumb, 32 bytes, Stack size 28 bytes, miscutil.o(i.BLEPLAT_get_part_info))
<BR><BR>[Stack]<UL><LI>Max Depth = 36<LI>Call Chain = BLEPLAT_get_part_info &rArr; HAL_GetPartInfo
</UL>
<BR>[Calls]<UL><LI><a href="#[aa]">&gt;&gt;</a>&nbsp;&nbsp;&nbsp;HAL_GetPartInfo
</UL>
<BR>[Called By]<UL><LI><a href="#[be]">&gt;&gt;</a>&nbsp;&nbsp;&nbsp;BlueNRG_Stack_Initialize_ConfigData
</UL>

<P><STRONG><a name="[ea]"></a>BOR_ConfigSave</STRONG> (Thumb, 54 bytes, Stack size 16 bytes, system_bluenrg1.o(i.BOR_ConfigSave))
<BR><BR>[Stack]<UL><LI>Max Depth = 16<LI>Call Chain = BOR_ConfigSave
</UL>
<BR>[Called By]<UL><LI><a href="#[e8]">&gt;&gt;</a>&nbsp;&nbsp;&nbsp;DeviceConfiguration
</UL>

<P><STRONG><a name="[ab]"></a>BTLE_StackTick</STRONG> (Thumb, 128 bytes, Stack size unknown bytes, bluenrg_main_func.o(i.BTLE_StackTick))
<BR><BR>[Stack]<UL><LI>Max Depth = 20 + Unknown Stack Size
<LI>Call Chain = BTLE_StackTick &rArr; Timer_ProcessQ &rArr; TimerCallback &rArr; SMP_Repeated_Attacks_Timer_cb &rArr; Osal_MemCmp &rArr; memcmp
</UL>
<BR>[Calls]<UL><LI><a href="#[ad]">&gt;&gt;</a>&nbsp;&nbsp;&nbsp;hci_acl_Process_Q
<LI><a href="#[b1]">&gt;&gt;</a>&nbsp;&nbsp;&nbsp;advance_transmit
<LI><a href="#[ac]">&gt;&gt;</a>&nbsp;&nbsp;&nbsp;Timer_ProcessQ
<LI><a href="#[b4]">&gt;&gt;</a>&nbsp;&nbsp;&nbsp;SMP_Process_Q
<LI><a href="#[b3]">&gt;&gt;</a>&nbsp;&nbsp;&nbsp;Gatt_Process_Q
<LI><a href="#[b2]">&gt;&gt;</a>&nbsp;&nbsp;&nbsp;GAP_Process_Q
<LI><a href="#[af]">&gt;&gt;</a>&nbsp;&nbsp;&nbsp;Events_Process_Q
<LI><a href="#[ae]">&gt;&gt;</a>&nbsp;&nbsp;&nbsp;Controller_Process_Q
<LI><a href="#[b0]">&gt;&gt;</a>&nbsp;&nbsp;&nbsp;BlueNRG_Stack_Perform_Crystal_Check
</UL>
<BR>[Called By]<UL><LI><a href="#[1b]">&gt;&gt;</a>&nbsp;&nbsp;&nbsp;main
</UL>

<P><STRONG><a name="[b5]"></a>BUTTON_IrqHandler</STRONG> (Thumb, 72 bytes, Stack size 8 bytes, chat.o(i.BUTTON_IrqHandler))
<BR><BR>[Stack]<UL><LI>Max Depth = 16<LI>Call Chain = BUTTON_IrqHandler &rArr; SdkEvalLedOn
</UL>
<BR>[Calls]<UL><LI><a href="#[b6]">&gt;&gt;</a>&nbsp;&nbsp;&nbsp;GPIO_GetITPendingBit
<LI><a href="#[b7]">&gt;&gt;</a>&nbsp;&nbsp;&nbsp;GPIO_EXTICmd
<LI><a href="#[b8]">&gt;&gt;</a>&nbsp;&nbsp;&nbsp;GPIO_ClearITPendingBit
<LI><a href="#[b9]">&gt;&gt;</a>&nbsp;&nbsp;&nbsp;SdkEvalLedOn
<LI><a href="#[ba]">&gt;&gt;</a>&nbsp;&nbsp;&nbsp;SdkEvalLedOff
</UL>
<BR>[Called By]<UL><LI><a href="#[b]">&gt;&gt;</a>&nbsp;&nbsp;&nbsp;GPIO_Handler
</UL>

<P><STRONG><a name="[bb]"></a>BlueNRG_Stack_Initialization</STRONG> (Thumb, 62 bytes, Stack size unknown bytes, bluenrg_main_func.o(i.BlueNRG_Stack_Initialization))
<BR><BR>[Stack]<UL><LI>Max Depth = 36 + Unknown Stack Size
<LI>Call Chain = BlueNRG_Stack_Initialization &rArr; _BlueNRG_Stack_Initialization &rArr; BlueNRG_Stack_Initialize_ConfigData &rArr; BLEPLAT_get_part_info &rArr; HAL_GetPartInfo
</UL>
<BR>[Calls]<UL><LI><a href="#[8a]">&gt;&gt;</a>&nbsp;&nbsp;&nbsp;Osal_MemCpy
<LI><a href="#[bd]">&gt;&gt;</a>&nbsp;&nbsp;&nbsp;_BlueNRG_Stack_Initialization
<LI><a href="#[bc]">&gt;&gt;</a>&nbsp;&nbsp;&nbsp;BlueNRG_Stack_Initialize_RAM_check
</UL>
<BR>[Called By]<UL><LI><a href="#[1b]">&gt;&gt;</a>&nbsp;&nbsp;&nbsp;main
</UL>

<P><STRONG><a name="[f]"></a>Blue_Handler</STRONG> (Thumb, 8 bytes, Stack size 8 bytes, bluenrg1_it.o(i.Blue_Handler))
<BR><BR>[Stack]<UL><LI>Max Depth = 24 + Unknown Stack Size
<LI>Call Chain = Blue_Handler &rArr; RAL_Isr &rArr; isr_event_handler &rArr; Osal_MemCpy &rArr; memcpy
</UL>
<BR>[Calls]<UL><LI><a href="#[d0]">&gt;&gt;</a>&nbsp;&nbsp;&nbsp;RAL_Isr
</UL>
<BR>[Address Reference Count : 1]<UL><LI> system_bluenrg1.o(.intvec)
</UL>
<P><STRONG><a name="[d1]"></a>Blue_Init_Global</STRONG> (Thumb, 146 bytes, Stack size unknown bytes, routines_support.o(i.Blue_Init_Global))
<BR><BR>[Calls]<UL><LI><a href="#[d2]">&gt;&gt;</a>&nbsp;&nbsp;&nbsp;Blue_Set_Radio_Config_Data
</UL>
<BR>[Called By]<UL><LI><a href="#[c1]">&gt;&gt;</a>&nbsp;&nbsp;&nbsp;LL_Init
</UL>

<P><STRONG><a name="[d2]"></a>Blue_Set_Radio_Config_Data</STRONG> (Thumb, 28 bytes, Stack size unknown bytes, rom_ll_routines_support.o(i.Blue_Set_Radio_Config_Data))
<BR><BR>[Calls]<UL><LI><a href="#[d3]">&gt;&gt;</a>&nbsp;&nbsp;&nbsp;char_copy
</UL>
<BR>[Called By]<UL><LI><a href="#[d1]">&gt;&gt;</a>&nbsp;&nbsp;&nbsp;Blue_Init_Global
</UL>

<P><STRONG><a name="[d4]"></a>Build_Notif_Or_Ind</STRONG> (Thumb, 62 bytes, Stack size unknown bytes, gatt_server.o(i.Build_Notif_Or_Ind))
<BR><BR>[Stack]<UL><LI>Max Depth = 16 + Unknown Stack Size
<LI>Call Chain = Build_Notif_Or_Ind &rArr; Osal_MemCpy &rArr; memcpy
</UL>
<BR>[Calls]<UL><LI><a href="#[8a]">&gt;&gt;</a>&nbsp;&nbsp;&nbsp;Osal_MemCpy
<LI><a href="#[8c]">&gt;&gt;</a>&nbsp;&nbsp;&nbsp;PM_Write_Pckt_Data
</UL>
<BR>[Called By]<UL><LI><a href="#[14e]">&gt;&gt;</a>&nbsp;&nbsp;&nbsp;Gatt_Update_Charac_Value_Ext
</UL>

<P><STRONG><a name="[d5]"></a>CHAT_DeviceInit</STRONG> (Thumb, 200 bytes, Stack size 56 bytes, chat.o(i.CHAT_DeviceInit))
<BR><BR>[Stack]<UL><LI>Max Depth = 192 + Unknown Stack Size
<LI>Call Chain = CHAT_DeviceInit &rArr; Add_Chat_Service &rArr; __2printf
</UL>
<BR>[Calls]<UL><LI><a href="#[da]">&gt;&gt;</a>&nbsp;&nbsp;&nbsp;aci_gatt_update_char_value_ext
<LI><a href="#[90]">&gt;&gt;</a>&nbsp;&nbsp;&nbsp;__2printf
<LI><a href="#[d6]">&gt;&gt;</a>&nbsp;&nbsp;&nbsp;aci_hal_write_config_data
<LI><a href="#[d7]">&gt;&gt;</a>&nbsp;&nbsp;&nbsp;aci_hal_set_tx_power_level
<LI><a href="#[d8]">&gt;&gt;</a>&nbsp;&nbsp;&nbsp;aci_gatt_init
<LI><a href="#[d9]">&gt;&gt;</a>&nbsp;&nbsp;&nbsp;aci_gap_init
<LI><a href="#[a3]">&gt;&gt;</a>&nbsp;&nbsp;&nbsp;Add_Chat_Service_test
<LI><a href="#[a0]">&gt;&gt;</a>&nbsp;&nbsp;&nbsp;Add_Chat_Service
</UL>
<BR>[Called By]<UL><LI><a href="#[1b]">&gt;&gt;</a>&nbsp;&nbsp;&nbsp;main
</UL>

<P><STRONG><a name="[db]"></a>CheckSecForSignedWrite</STRONG> (Thumb, 44 bytes, Stack size unknown bytes, att.o(i.CheckSecForSignedWrite))
<BR><BR>[Calls]<UL><LI><a href="#[a4]">&gt;&gt;</a>&nbsp;&nbsp;&nbsp;Att_Check_Perms
<LI><a href="#[a5]">&gt;&gt;</a>&nbsp;&nbsp;&nbsp;SM_Get_Remote_Device_Info
</UL>
<BR>[Called By]<UL><LI><a href="#[1cc]">&gt;&gt;</a>&nbsp;&nbsp;&nbsp;Write_Cmd
</UL>

<P><STRONG><a name="[135]"></a>Check_Encry_Key_Size</STRONG> (Thumb, 24 bytes, Stack size unknown bytes, rom_gatt_server.o(i.Check_Encry_Key_Size))
<BR><BR>[Called By]<UL><LI><a href="#[10b]">&gt;&gt;</a>&nbsp;&nbsp;&nbsp;Gatt_Add_Characteristic
<LI><a href="#[133]">&gt;&gt;</a>&nbsp;&nbsp;&nbsp;Gatt_Add_Descriptor
</UL>

<P><STRONG><a name="[dc]"></a>Check_For_Service_Change</STRONG> (Thumb, 826 bytes, Stack size unknown bytes, gatt_server.o(i.Check_For_Service_Change))
<BR><BR>[Stack]<UL><LI>Max Depth = 20 + Unknown Stack Size
<LI>Call Chain = Check_For_Service_Change &rArr; Osal_MemCmp &rArr; memcmp
</UL>
<BR>[Calls]<UL><LI><a href="#[8a]">&gt;&gt;</a>&nbsp;&nbsp;&nbsp;Osal_MemCpy
<LI><a href="#[95]">&gt;&gt;</a>&nbsp;&nbsp;&nbsp;Osal_MemCmp
<LI><a href="#[dd]">&gt;&gt;</a>&nbsp;&nbsp;&nbsp;SDB_read_peer_bonded_data
<LI><a href="#[e1]">&gt;&gt;</a>&nbsp;&nbsp;&nbsp;Ind_Service_Change_Charac
<LI><a href="#[de]">&gt;&gt;</a>&nbsp;&nbsp;&nbsp;Gatt_fetch_handle
<LI><a href="#[e0]">&gt;&gt;</a>&nbsp;&nbsp;&nbsp;Find_Attr_Index
<LI><a href="#[df]">&gt;&gt;</a>&nbsp;&nbsp;&nbsp;Find_Gatt_Client
</UL>
<BR>[Called By]<UL><LI><a href="#[b3]">&gt;&gt;</a>&nbsp;&nbsp;&nbsp;Gatt_Process_Q
</UL>

<P><STRONG><a name="[a6]"></a>Check_Permission</STRONG> (Thumb, 160 bytes, Stack size unknown bytes, att.o(i.Check_Permission))
<BR><BR>[Calls]<UL><LI><a href="#[e2]">&gt;&gt;</a>&nbsp;&nbsp;&nbsp;SM_Get_Link_Status
<LI><a href="#[e3]">&gt;&gt;</a>&nbsp;&nbsp;&nbsp;SM_Check_Encryption_KeySize
</UL>
<BR>[Called By]<UL><LI><a href="#[a4]">&gt;&gt;</a>&nbsp;&nbsp;&nbsp;Att_Check_Perms
</UL>

<P><STRONG><a name="[2c2]"></a>Clock_Init</STRONG> (Thumb, 32 bytes, Stack size 8 bytes, clock.o(i.Clock_Init))
<BR><BR>[Stack]<UL><LI>Max Depth = 8<LI>Call Chain = Clock_Init
</UL>
<BR>[Called By]<UL><LI><a href="#[1b]">&gt;&gt;</a>&nbsp;&nbsp;&nbsp;main
</UL>

<P><STRONG><a name="[80]"></a>Clock_Wait</STRONG> (Thumb, 14 bytes, Stack size 0 bytes, clock.o(i.Clock_Wait))
<BR><BR>[Called By]<UL><LI><a href="#[88]">&gt;&gt;</a>&nbsp;&nbsp;&nbsp;AccGyro_Update
<LI><a href="#[7f]">&gt;&gt;</a>&nbsp;&nbsp;&nbsp;APP_Tick
</UL>

<P><STRONG><a name="[ae]"></a>Controller_Process_Q</STRONG> (Thumb, 28 bytes, Stack size unknown bytes, hci.o(i.Controller_Process_Q))
<BR><BR>[Calls]<UL><LI><a href="#[e5]">&gt;&gt;</a>&nbsp;&nbsp;&nbsp;PKA_Offline_Processing_ucfg
<LI><a href="#[e4]">&gt;&gt;</a>&nbsp;&nbsp;&nbsp;PRIV_u8OfflineProcessing_ucfg
<LI><a href="#[e7]">&gt;&gt;</a>&nbsp;&nbsp;&nbsp;Disconnection_Offline_Processing
<LI><a href="#[e6]">&gt;&gt;</a>&nbsp;&nbsp;&nbsp;Data_Len_Update_Offline_Processing_ucfg
<LI><a href="#[ca]">&gt;&gt;</a>&nbsp;&nbsp;&nbsp;data_length_extension_csr_ucfg
</UL>
<BR>[Called By]<UL><LI><a href="#[ab]">&gt;&gt;</a>&nbsp;&nbsp;&nbsp;BTLE_StackTick
</UL>

<P><STRONG><a name="[1a]"></a>DMA_Handler</STRONG> (Thumb, 2 bytes, Stack size 0 bytes, system_bluenrg1.o(i.DMA_Handler))
<BR>[Address Reference Count : 1]<UL><LI> system_bluenrg1.o(.intvec)
</UL>
<P><STRONG><a name="[e6]"></a>Data_Len_Update_Offline_Processing_ucfg</STRONG> (Thumb, 2 bytes, Stack size unknown bytes, ll_routines.o(i.Data_Len_Update_Offline_Processing_ucfg))
<BR><BR>[Called By]<UL><LI><a href="#[ae]">&gt;&gt;</a>&nbsp;&nbsp;&nbsp;Controller_Process_Q
</UL>

<P><STRONG><a name="[2ac]"></a>Data_Length_Update_Control_ISR_ucfg</STRONG> (Thumb, 4 bytes, Stack size unknown bytes, ll_isr.o(i.Data_Length_Update_Control_ISR_ucfg))
<BR><BR>[Called By]<UL><LI><a href="#[2]">&gt;&gt;</a>&nbsp;&nbsp;&nbsp;isr_connect_slave_state
</UL>

<P><STRONG><a name="[2c6]"></a>Delay_With_NOP_Cycles</STRONG> (Thumb, 14 bytes, Stack size unknown bytes, utils.o(i.Delay_With_NOP_Cycles))
<BR><BR>[Called By]<UL><LI><a href="#[1dd]">&gt;&gt;</a>&nbsp;&nbsp;&nbsp;sdb_write_record
</UL>

<P><STRONG><a name="[e8]"></a>DeviceConfiguration</STRONG> (Thumb, 288 bytes, Stack size 64 bytes, system_bluenrg1.o(i.DeviceConfiguration))
<BR><BR>[Stack]<UL><LI>Max Depth = 80<LI>Call Chain = DeviceConfiguration &rArr; BOR_ConfigSave
</UL>
<BR>[Calls]<UL><LI><a href="#[aa]">&gt;&gt;</a>&nbsp;&nbsp;&nbsp;HAL_GetPartInfo
<LI><a href="#[e9]">&gt;&gt;</a>&nbsp;&nbsp;&nbsp;__aeabi_memcpy4
<LI><a href="#[eb]">&gt;&gt;</a>&nbsp;&nbsp;&nbsp;Set_RF_FrontEnd
<LI><a href="#[ea]">&gt;&gt;</a>&nbsp;&nbsp;&nbsp;BOR_ConfigSave
</UL>
[...]
</UL>

<P><STRONG><a name="[2e9]"></a>smp_Get_Pairing_Parameters_From_Peer_Packet</STRONG> (Thumb, 132 bytes, Stack size unknown bytes, securitymgr.o(i.smp_Get_Pairing_Parameters_From_Peer_Packet))
<BR><BR>[Called By]<UL><LI><a href="#[2da]">&gt;&gt;</a>&nbsp;&nbsp;&nbsp;smp____SR_PairingRequest_Receive
</UL>

<P><STRONG><a name="[2ce]"></a>smp_Keys_Distribution_Send</STRONG> (Thumb, 280 bytes, Stack size unknown bytes, securitymgr.o(i.smp_Keys_Distribution_Send))
<BR><BR>[Stack]<UL><LI>Max Depth = 16 + Unknown Stack Size
<LI>Call Chain = smp_Keys_Distribution_Send &rArr; PM_Write_Pckt_Data &rArr; Mem_Buff_Write &rArr; Osal_MemCpy &rArr; memcpy
</UL>
<BR>[Calls]<UL><LI><a href="#[8c]">&gt;&gt;</a>&nbsp;&nbsp;&nbsp;PM_Write_Pckt_Data
<LI><a href="#[149]">&gt;&gt;</a>&nbsp;&nbsp;&nbsp;PM_Get_Pckt
<LI><a href="#[152]">&gt;&gt;</a>&nbsp;&nbsp;&nbsp;HAL_Generate_Random_Bytes_To
<LI><a href="#[2d4]">&gt;&gt;</a>&nbsp;&nbsp;&nbsp;smp_get_local_identity_address
<LI><a href="#[1e6]">&gt;&gt;</a>&nbsp;&nbsp;&nbsp;SMA_Generate_CSRK
<LI><a href="#[2d5]">&gt;&gt;</a>&nbsp;&nbsp;&nbsp;smp_send_packet
<LI><a href="#[1df]">&gt;&gt;</a>&nbsp;&nbsp;&nbsp;SMA_generate_EDIV_recovery_DIV
<LI><a href="#[1e1]">&gt;&gt;</a>&nbsp;&nbsp;&nbsp;SMA_Diversify
<LI><a href="#[1e7]">&gt;&gt;</a>&nbsp;&nbsp;&nbsp;SMA_Generate_IRK
</UL>
<BR>[Called By]<UL><LI><a href="#[1ee]">&gt;&gt;</a>&nbsp;&nbsp;&nbsp;smp_Execute_Actions_wrt_Current_State
</UL>

<P><STRONG><a name="[1ef]"></a>smp_Process_Rx_Packet_wrt_Current_State</STRONG> (Thumb, 238 bytes, Stack size unknown bytes, securitymgr.o(i.smp_Process_Rx_Packet_wrt_Current_State))
<BR><BR>[Stack]<UL><LI>Max Depth = 20 + Unknown Stack Size
<LI>Call Chain = smp_Process_Rx_Packet_wrt_Current_State &rArr; smp_pairing_failed_send &rArr; smp____Pairing_Process_Abort &rArr; sm_RepeatedAttacks_Protection &rArr; Osal_MemCmp &rArr; memcmp
</UL>
<BR>[Calls]<UL><LI><a href="#[97]">&gt;&gt;</a>&nbsp;&nbsp;&nbsp;aci_event_fifo_push_header
<LI><a href="#[98]">&gt;&gt;</a>&nbsp;&nbsp;&nbsp;aci_event_fifo_push
<LI><a href="#[2d6]">&gt;&gt;</a>&nbsp;&nbsp;&nbsp;smp_Process_Rx_Packet_wrt_Current_State_sc_excerpt_ucfg
<LI><a href="#[2dd]">&gt;&gt;</a>&nbsp;&nbsp;&nbsp;smp_Process_Rx_Packet_wrt_Current_State_MI_excerpt_ucfg
<LI><a href="#[2d7]">&gt;&gt;</a>&nbsp;&nbsp;&nbsp;smp_pairing_failed_send
<LI><a href="#[2d8]">&gt;&gt;</a>&nbsp;&nbsp;&nbsp;smp_keys_receiving
<LI><a href="#[1fc]">&gt;&gt;</a>&nbsp;&nbsp;&nbsp;smp_find_remote_device_index
<LI><a href="#[2da]">&gt;&gt;</a>&nbsp;&nbsp;&nbsp;smp____SR_PairingRequest_Receive
<LI><a href="#[2dc]">&gt;&gt;</a>&nbsp;&nbsp;&nbsp;smp____SR_PairingRandom_Receive
<LI><a href="#[2db]">&gt;&gt;</a>&nbsp;&nbsp;&nbsp;smp____SR_PairingConfirm_Receive
<LI><a href="#[2d9]">&gt;&gt;</a>&nbsp;&nbsp;&nbsp;smp_Reset_Timer
</UL>
<BR>[Called By]<UL><LI><a href="#[b4]">&gt;&gt;</a>&nbsp;&nbsp;&nbsp;SMP_Process_Q
</UL>

<P><STRONG><a name="[2d9]"></a>smp_Reset_Timer</STRONG> (Thumb, 26 bytes, Stack size unknown bytes, securitymgr.o(i.smp_Reset_Timer))
<BR><BR>[Stack]<UL><LI>Max Depth = 16 + Unknown Stack Size
<LI>Call Chain = smp_Reset_Timer &rArr; Timer_StartOneShot &rArr; Timer_StartOneShot_sysTime32 &rArr; Osal_MemCpy &rArr; memcpy
</UL>
<BR>[Calls]<UL><LI><a href="#[118]">&gt;&gt;</a>&nbsp;&nbsp;&nbsp;Timer_StopOneShot
<LI><a href="#[119]">&gt;&gt;</a>&nbsp;&nbsp;&nbsp;Timer_StartOneShot
</UL>
<BR>[Called By]<UL><LI><a href="#[2d5]">&gt;&gt;</a>&nbsp;&nbsp;&nbsp;smp_send_packet
<LI><a href="#[1ef]">&gt;&gt;</a>&nbsp;&nbsp;&nbsp;smp_Process_Rx_Packet_wrt_Current_State
</UL>

<P><STRONG><a name="[2de]"></a>smp_SR_Compute_c1_Confirm_Value</STRONG> (Thumb, 362 bytes, Stack size unknown bytes, securitymgr.o(i.smp_SR_Compute_c1_Confirm_Value))
<BR><BR>[Stack]<UL><LI>Max Depth = 16 + Unknown Stack Size
<LI>Call Chain = smp_SR_Compute_c1_Confirm_Value &rArr; Osal_MemSet &rArr; memset
</UL>
<BR>[Calls]<UL><LI><a href="#[f4]">&gt;&gt;</a>&nbsp;&nbsp;&nbsp;Osal_MemSet
<LI><a href="#[8a]">&gt;&gt;</a>&nbsp;&nbsp;&nbsp;Osal_MemCpy
<LI><a href="#[199]">&gt;&gt;</a>&nbsp;&nbsp;&nbsp;LL_Encrypt_Plain_Data_ucfg
<LI><a href="#[2df]">&gt;&gt;</a>&nbsp;&nbsp;&nbsp;int32ToLe4Byte
<LI><a href="#[18b]">&gt;&gt;</a>&nbsp;&nbsp;&nbsp;LL_Get_Address
</UL>
<BR>[Called By]<UL><LI><a href="#[2dc]">&gt;&gt;</a>&nbsp;&nbsp;&nbsp;smp____SR_PairingRandom_Receive
<LI><a href="#[2db]">&gt;&gt;</a>&nbsp;&nbsp;&nbsp;smp____SR_PairingConfirm_Receive
</UL>

<P><STRONG><a name="[2e0]"></a>smp_Set_Key_Association_Method</STRONG> (Thumb, 116 bytes, Stack size unknown bytes, securitymgr.o(i.smp_Set_Key_Association_Method))
<BR><BR>[Stack]<UL><LI>Max Depth = 8 + Unknown Stack Size
<LI>Call Chain = smp_Set_Key_Association_Method &rArr; smp_Determine_Key_Association_Method &rArr; __aeabi_memcpy4
</UL>
<BR>[Calls]<UL><LI><a href="#[97]">&gt;&gt;</a>&nbsp;&nbsp;&nbsp;aci_event_fifo_push_header
<LI><a href="#[98]">&gt;&gt;</a>&nbsp;&nbsp;&nbsp;aci_event_fifo_push
<LI><a href="#[2ca]">&gt;&gt;</a>&nbsp;&nbsp;&nbsp;smp_Determine_Key_Association_Method
</UL>
<BR>[Called By]<UL><LI><a href="#[2da]">&gt;&gt;</a>&nbsp;&nbsp;&nbsp;smp____SR_PairingRequest_Receive
</UL>

<P><STRONG><a name="[2db]"></a>smp____SR_PairingConfirm_Receive</STRONG> (Thumb, 124 bytes, Stack size unknown bytes, securitymgr.o(i.smp____SR_PairingConfirm_Receive))
<BR><BR>[Stack]<UL><LI>Max Depth = 16 + Unknown Stack Size
<LI>Call Chain = smp____SR_PairingConfirm_Receive &rArr; PM_Write_Pckt_Data &rArr; Mem_Buff_Write &rArr; Osal_MemCpy &rArr; memcpy
</UL>
<BR>[Calls]<UL><LI><a href="#[8c]">&gt;&gt;</a>&nbsp;&nbsp;&nbsp;PM_Write_Pckt_Data
<LI><a href="#[149]">&gt;&gt;</a>&nbsp;&nbsp;&nbsp;PM_Get_Pckt
<LI><a href="#[f9]">&gt;&gt;</a>&nbsp;&nbsp;&nbsp;PM_Copy_Pckt_Data
<LI><a href="#[2e2]">&gt;&gt;</a>&nbsp;&nbsp;&nbsp;smp_sc_SR_PairingConfirm_Receive_sc_excerpt_ucfg
<LI><a href="#[2d5]">&gt;&gt;</a>&nbsp;&nbsp;&nbsp;smp_send_packet
<LI><a href="#[2de]">&gt;&gt;</a>&nbsp;&nbsp;&nbsp;smp_SR_Compute_c1_Confirm_Value
</UL>
<BR>[Called By]<UL><LI><a href="#[1ef]">&gt;&gt;</a>&nbsp;&nbsp;&nbsp;smp_Process_Rx_Packet_wrt_Current_State
</UL>

<P><STRONG><a name="[2dc]"></a>smp____SR_PairingRandom_Receive</STRONG> (Thumb, 296 bytes, Stack size unknown bytes, securitymgr.o(i.smp____SR_PairingRandom_Receive))
<BR><BR>[Stack]<UL><LI>Max Depth = 20 + Unknown Stack Size
<LI>Call Chain = smp____SR_PairingRandom_Receive &rArr; Osal_MemCmp &rArr; memcmp
</UL>
<BR>[Calls]<UL><LI><a href="#[f4]">&gt;&gt;</a>&nbsp;&nbsp;&nbsp;Osal_MemSet
<LI><a href="#[8a]">&gt;&gt;</a>&nbsp;&nbsp;&nbsp;Osal_MemCpy
<LI><a href="#[95]">&gt;&gt;</a>&nbsp;&nbsp;&nbsp;Osal_MemCmp
<LI><a href="#[8c]">&gt;&gt;</a>&nbsp;&nbsp;&nbsp;PM_Write_Pckt_Data
<LI><a href="#[149]">&gt;&gt;</a>&nbsp;&nbsp;&nbsp;PM_Get_Pckt
<LI><a href="#[f9]">&gt;&gt;</a>&nbsp;&nbsp;&nbsp;PM_Copy_Pckt_Data
<LI><a href="#[2e3]">&gt;&gt;</a>&nbsp;&nbsp;&nbsp;smp_sc_SR_PairingRandom_Receive_sc_excerpt_ucfg
<LI><a href="#[2d7]">&gt;&gt;</a>&nbsp;&nbsp;&nbsp;smp_pairing_failed_send
<LI><a href="#[1e8]">&gt;&gt;</a>&nbsp;&nbsp;&nbsp;SMA_LP_s1_Generate_STK
<LI><a href="#[2d5]">&gt;&gt;</a>&nbsp;&nbsp;&nbsp;smp_send_packet
<LI><a href="#[2de]">&gt;&gt;</a>&nbsp;&nbsp;&nbsp;smp_SR_Compute_c1_Confirm_Value
<LI><a href="#[2df]">&gt;&gt;</a>&nbsp;&nbsp;&nbsp;int32ToLe4Byte
</UL>
<BR>[Called By]<UL><LI><a href="#[1ef]">&gt;&gt;</a>&nbsp;&nbsp;&nbsp;smp_Process_Rx_Packet_wrt_Current_State
</UL>

<P><STRONG><a name="[2da]"></a>smp____SR_PairingRequest_Receive</STRONG> (Thumb, 444 bytes, Stack size unknown bytes, securitymgr.o(i.smp____SR_PairingRequest_Receive))
<BR><BR>[Stack]<UL><LI>Max Depth = 20 + Unknown Stack Size
<LI>Call Chain = smp____SR_PairingRequest_Receive &rArr; smp_pairing_failed_send &rArr; smp____Pairing_Process_Abort &rArr; sm_RepeatedAttacks_Protection &rArr; Osal_MemCmp &rArr; memcmp
</UL>
<BR>[Calls]<UL><LI><a href="#[149]">&gt;&gt;</a>&nbsp;&nbsp;&nbsp;PM_Get_Pckt
<LI><a href="#[2e7]">&gt;&gt;</a>&nbsp;&nbsp;&nbsp;smp_sc_continue_on_exclusive_sc_pairing_ucfg
<LI><a href="#[2d7]">&gt;&gt;</a>&nbsp;&nbsp;&nbsp;smp_pairing_failed_send
<LI><a href="#[2e8]">&gt;&gt;</a>&nbsp;&nbsp;&nbsp;smp_oob_check_is_remote_data_present
<LI><a href="#[2e4]">&gt;&gt;</a>&nbsp;&nbsp;&nbsp;smp_add_to_sdb
<LI><a href="#[2d5]">&gt;&gt;</a>&nbsp;&nbsp;&nbsp;smp_send_packet
<LI><a href="#[2e0]">&gt;&gt;</a>&nbsp;&nbsp;&nbsp;smp_Set_Key_Association_Method
<LI><a href="#[2e9]">&gt;&gt;</a>&nbsp;&nbsp;&nbsp;smp_Get_Pairing_Parameters_From_Peer_Packet
<LI><a href="#[2e5]">&gt;&gt;</a>&nbsp;&nbsp;&nbsp;smp_Check_Incoming_Pairing_Parameters
<LI><a href="#[2ea]">&gt;&gt;</a>&nbsp;&nbsp;&nbsp;smp_Build_Pairing_ReqResp_Packet
<LI><a href="#[2e6]">&gt;&gt;</a>&nbsp;&nbsp;&nbsp;smp_Build_AuthReq_Field
</UL>
<BR>[Called By]<UL><LI><a href="#[1ef]">&gt;&gt;</a>&nbsp;&nbsp;&nbsp;smp_Process_Rx_Packet_wrt_Current_State
</UL>

<P><STRONG><a name="[1fa]"></a>SM_Connection_Complete_Handler</STRONG> (Thumb, 122 bytes, Stack size unknown bytes, smp_common.o(i.SM_Connection_Complete_Handler))
<BR><BR>[Stack]<UL><LI>Max Depth = 16 + Unknown Stack Size
<LI>Call Chain = SM_Connection_Complete_Handler &rArr; Osal_MemCpy &rArr; memcpy
</UL>
<BR>[Calls]<UL><LI><a href="#[8a]">&gt;&gt;</a>&nbsp;&nbsp;&nbsp;Osal_MemCpy
</UL>
<BR>[Called By]<UL><LI><a href="#[178]">&gt;&gt;</a>&nbsp;&nbsp;&nbsp;SM_L2CAP_Handler_ISR
</UL>

<P><STRONG><a name="[244]"></a>aci_gap_authorization_req_event_push</STRONG> (Thumb, 80 bytes, Stack size unknown bytes, smp_common.o(i.aci_gap_authorization_req_event_push))
<BR><BR>[Calls]<UL><LI><a href="#[97]">&gt;&gt;</a>&nbsp;&nbsp;&nbsp;aci_event_fifo_push_header
<LI><a href="#[98]">&gt;&gt;</a>&nbsp;&nbsp;&nbsp;aci_event_fifo_push
</UL>
<BR>[Called By]<UL><LI><a href="#[2cf]">&gt;&gt;</a>&nbsp;&nbsp;&nbsp;smp_pairing_completed
</UL>

<P><STRONG><a name="[1f4]"></a>aci_gap_pairing_complete_event_push</STRONG> (Thumb, 88 bytes, Stack size unknown bytes, smp_common.o(i.aci_gap_pairing_complete_event_push))
<BR><BR>[Calls]<UL><LI><a href="#[97]">&gt;&gt;</a>&nbsp;&nbsp;&nbsp;aci_event_fifo_push_header
<LI><a href="#[98]">&gt;&gt;</a>&nbsp;&nbsp;&nbsp;aci_event_fifo_push
</UL>
<BR>[Called By]<UL><LI><a href="#[1f3]">&gt;&gt;</a>&nbsp;&nbsp;&nbsp;SMP_Timer_cb
<LI><a href="#[2e1]">&gt;&gt;</a>&nbsp;&nbsp;&nbsp;smp____Pairing_Process_Abort
<LI><a href="#[2cf]">&gt;&gt;</a>&nbsp;&nbsp;&nbsp;smp_pairing_completed
<LI><a href="#[186]">&gt;&gt;</a>&nbsp;&nbsp;&nbsp;SM_L2CAP_Encryption_changed_Handler_ISR
</UL>

<P><STRONG><a name="[1fd]"></a>smp_Keys_Distribution_Complete</STRONG> (Thumb, 52 bytes, Stack size unknown bytes, smp_common.o(i.smp_Keys_Distribution_Complete))
<BR><BR>[Stack]<UL><LI>Max Depth = 20 + Unknown Stack Size
<LI>Call Chain = smp_Keys_Distribution_Complete &rArr; smp_pairing_completed &rArr; smp_add_to_sdb &rArr; SDB_Add_Record &rArr; Osal_MemCmp &rArr; memcmp
</UL>
<BR>[Calls]<UL><LI><a href="#[2d3]">&gt;&gt;</a>&nbsp;&nbsp;&nbsp;smp_MI_Start_Encryption_ucfg
<LI><a href="#[2cf]">&gt;&gt;</a>&nbsp;&nbsp;&nbsp;smp_pairing_completed
</UL>
<BR>[Called By]<UL><LI><a href="#[17d]">&gt;&gt;</a>&nbsp;&nbsp;&nbsp;SM_L2CAP_Handler
</UL>

<P><STRONG><a name="[2e1]"></a>smp____Pairing_Process_Abort</STRONG> (Thumb, 110 bytes, Stack size unknown bytes, smp_common.o(i.smp____Pairing_Process_Abort))
<BR><BR>[Stack]<UL><LI>Max Depth = 20 + Unknown Stack Size
<LI>Call Chain = smp____Pairing_Process_Abort &rArr; sm_RepeatedAttacks_Protection &rArr; Osal_MemCmp &rArr; memcmp
</UL>
<BR>[Calls]<UL><LI><a href="#[118]">&gt;&gt;</a>&nbsp;&nbsp;&nbsp;Timer_StopOneShot
<LI><a href="#[1f4]">&gt;&gt;</a>&nbsp;&nbsp;&nbsp;aci_gap_pairing_complete_event_push
<LI><a href="#[1fc]">&gt;&gt;</a>&nbsp;&nbsp;&nbsp;smp_find_remote_device_index
<LI><a href="#[2c7]">&gt;&gt;</a>&nbsp;&nbsp;&nbsp;sm_RepeatedAttacks_Protection
<LI><a href="#[1f5]">&gt;&gt;</a>&nbsp;&nbsp;&nbsp;smp_sc_update_statistics_on_pairing_complete_ucfg
</UL>
<BR>[Called By]<UL><LI><a href="#[2d7]">&gt;&gt;</a>&nbsp;&nbsp;&nbsp;smp_pairing_failed_send
<LI><a href="#[1f0]">&gt;&gt;</a>&nbsp;&nbsp;&nbsp;smp____PairingFailed_Receive
</UL>

<P><STRONG><a name="[8b]"></a>ATT_fill_type_val_entry</STRONG> (Thumb, 52 bytes, Stack size unknown bytes, att.o(i.ATT_fill_type_val_entry))
<BR><BR>[Stack]<UL><LI>Max Depth = 16 + Unknown Stack Size
<LI>Call Chain = ATT_fill_type_val_entry &rArr; PM_Write_Pckt_Data &rArr; Mem_Buff_Write &rArr; Osal_MemCpy &rArr; memcpy
</UL>
<BR>[Calls]<UL><LI><a href="#[8c]">&gt;&gt;</a>&nbsp;&nbsp;&nbsp;PM_Write_Pckt_Data
</UL>
<BR>[Called By]<UL><LI><a href="#[fe]">&gt;&gt;</a>&nbsp;&nbsp;&nbsp;Find_By_Type_Val_Resp
</UL>

<P><STRONG><a name="[8d]"></a>ATT_validate_prepare_req</STRONG> (Thumb, 162 bytes, Stack size unknown bytes, att.o(i.ATT_validate_prepare_req))
<BR><BR>[Stack]<UL><LI>Max Depth = 16 + Unknown Stack Size
<LI>Call Chain = ATT_validate_prepare_req &rArr; Osal_MemCpy &rArr; memcpy
</UL>
<BR>[Calls]<UL><LI><a href="#[8a]">&gt;&gt;</a>&nbsp;&nbsp;&nbsp;Osal_MemCpy
<LI><a href="#[8f]">&gt;&gt;</a>&nbsp;&nbsp;&nbsp;Gatt_search_handle
<LI><a href="#[8e]">&gt;&gt;</a>&nbsp;&nbsp;&nbsp;Gatt_Find_Srv_Owner_Of_Handle
</UL>
<BR>[Called By]<UL><LI><a href="#[f6]">&gt;&gt;</a>&nbsp;&nbsp;&nbsp;Exec_Write_Resp
</UL>

<P><STRONG><a name="[ff]"></a>Pm_Resize_Host_Acl_Pckt</STRONG> (Thumb, 14 bytes, Stack size unknown bytes, att.o(i.Pm_Resize_Host_Acl_Pckt))
<BR><BR>[Calls]<UL><LI><a href="#[1bf]">&gt;&gt;</a>&nbsp;&nbsp;&nbsp;PM_Resize_Pckt_Pdu_Size
</UL>
<BR>[Called By]<UL><LI><a href="#[1c7]">&gt;&gt;</a>&nbsp;&nbsp;&nbsp;Read_Resp
<LI><a href="#[1c9]">&gt;&gt;</a>&nbsp;&nbsp;&nbsp;Read_Multi_Resp
<LI><a href="#[1c6]">&gt;&gt;</a>&nbsp;&nbsp;&nbsp;Read_By_Type_Resp
<LI><a href="#[1ca]">&gt;&gt;</a>&nbsp;&nbsp;&nbsp;Read_By_Grp_Type_Resp
<LI><a href="#[1c8]">&gt;&gt;</a>&nbsp;&nbsp;&nbsp;Read_Blob_Resp
<LI><a href="#[1c3]">&gt;&gt;</a>&nbsp;&nbsp;&nbsp;Prepare_Write_Resp
<LI><a href="#[101]">&gt;&gt;</a>&nbsp;&nbsp;&nbsp;Find_Info_Resp
<LI><a href="#[fe]">&gt;&gt;</a>&nbsp;&nbsp;&nbsp;Find_By_Type_Val_Resp
</UL>

<P><STRONG><a name="[fa]"></a>aci_gatt_attribute_modified_event_push</STRONG> (Thumb, 116 bytes, Stack size unknown bytes, att.o(i.aci_gatt_attribute_modified_event_push))
<BR><BR>[Stack]<UL><LI>Max Depth = 16 + Unknown Stack Size
<LI>Call Chain = aci_gatt_attribute_modified_event_push &rArr; Osal_MemCpy &rArr; memcpy
</UL>
<BR>[Calls]<UL><LI><a href="#[8a]">&gt;&gt;</a>&nbsp;&nbsp;&nbsp;Osal_MemCpy
<LI><a href="#[97]">&gt;&gt;</a>&nbsp;&nbsp;&nbsp;aci_event_fifo_push_header
<LI><a href="#[98]">&gt;&gt;</a>&nbsp;&nbsp;&nbsp;aci_event_fifo_push
</UL>
<BR>[Called By]<UL><LI><a href="#[1cb]">&gt;&gt;</a>&nbsp;&nbsp;&nbsp;Write_Resp
<LI><a href="#[1cc]">&gt;&gt;</a>&nbsp;&nbsp;&nbsp;Write_Cmd
<LI><a href="#[f6]">&gt;&gt;</a>&nbsp;&nbsp;&nbsp;Exec_Write_Resp
</UL>

<P><STRONG><a name="[1d7]"></a>aci_gatt_read_multi_permit_req_event_push</STRONG> (Thumb, 98 bytes, Stack size unknown bytes, att.o(i.aci_gatt_read_multi_permit_req_event_push))
<BR><BR>[Stack]<UL><LI>Max Depth = 16 + Unknown Stack Size
<LI>Call Chain = aci_gatt_read_multi_permit_req_event_push &rArr; Osal_MemCpy &rArr; memcpy
</UL>
<BR>[Calls]<UL><LI><a href="#[8a]">&gt;&gt;</a>&nbsp;&nbsp;&nbsp;Osal_MemCpy
<LI><a href="#[97]">&gt;&gt;</a>&nbsp;&nbsp;&nbsp;aci_event_fifo_push_header
<LI><a href="#[98]">&gt;&gt;</a>&nbsp;&nbsp;&nbsp;aci_event_fifo_push
</UL>
<BR>[Called By]<UL><LI><a href="#[1c9]">&gt;&gt;</a>&nbsp;&nbsp;&nbsp;Read_Multi_Resp
<LI><a href="#[1c6]">&gt;&gt;</a>&nbsp;&nbsp;&nbsp;Read_By_Type_Resp
</UL>

<P><STRONG><a name="[1d5]"></a>aci_gatt_read_permit_req_event_push</STRONG> (Thumb, 74 bytes, Stack size unknown bytes, att.o(i.aci_gatt_read_permit_req_event_push))
<BR><BR>[Calls]<UL><LI><a href="#[97]">&gt;&gt;</a>&nbsp;&nbsp;&nbsp;aci_event_fifo_push_header
<LI><a href="#[98]">&gt;&gt;</a>&nbsp;&nbsp;&nbsp;aci_event_fifo_push
</UL>
<BR>[Called By]<UL><LI><a href="#[1c7]">&gt;&gt;</a>&nbsp;&nbsp;&nbsp;Read_Resp
<LI><a href="#[1c8]">&gt;&gt;</a>&nbsp;&nbsp;&nbsp;Read_Blob_Resp
</UL>

<P><STRONG><a name="[22d]"></a>aci_gatt_write_permit_req_event_push</STRONG> (Thumb, 104 bytes, Stack size unknown bytes, att.o(i.aci_gatt_write_permit_req_event_push))
<BR><BR>[Stack]<UL><LI>Max Depth = 16 + Unknown Stack Size
<LI>Call Chain = aci_gatt_write_permit_req_event_push &rArr; PM_Copy_Pckt_Data &rArr; Mem_Buff_Read &rArr; Osal_MemCpy &rArr; memcpy
</UL>
<BR>[Calls]<UL><LI><a href="#[97]">&gt;&gt;</a>&nbsp;&nbsp;&nbsp;aci_event_fifo_push_header
<LI><a href="#[98]">&gt;&gt;</a>&nbsp;&nbsp;&nbsp;aci_event_fifo_push
<LI><a href="#[f9]">&gt;&gt;</a>&nbsp;&nbsp;&nbsp;PM_Copy_Pckt_Data
</UL>
<BR>[Called By]<UL><LI><a href="#[1cb]">&gt;&gt;</a>&nbsp;&nbsp;&nbsp;Write_Resp
<LI><a href="#[1cc]">&gt;&gt;</a>&nbsp;&nbsp;&nbsp;Write_Cmd
</UL>

<P><STRONG><a name="[1fb]"></a>sma_Calculate_Hash</STRONG> (Thumb, 56 bytes, Stack size unknown bytes, smp_algo_sap.o(i.sma_Calculate_Hash))
<BR><BR>[Stack]<UL><LI>Max Depth = 16 + Unknown Stack Size
<LI>Call Chain = sma_Calculate_Hash &rArr; Osal_MemSet &rArr; memset
</UL>
<BR>[Calls]<UL><LI><a href="#[f4]">&gt;&gt;</a>&nbsp;&nbsp;&nbsp;Osal_MemSet
<LI><a href="#[8a]">&gt;&gt;</a>&nbsp;&nbsp;&nbsp;Osal_MemCpy
<LI><a href="#[199]">&gt;&gt;</a>&nbsp;&nbsp;&nbsp;LL_Encrypt_Plain_Data_ucfg
</UL>
<BR>[Called By]<UL><LI><a href="#[1e3]">&gt;&gt;</a>&nbsp;&nbsp;&nbsp;SM_Resolve_Private_Address
<LI><a href="#[117]">&gt;&gt;</a>&nbsp;&nbsp;&nbsp;SM_Generate_Resolvable_Private_Address
</UL>

<P><STRONG><a name="[2c8]"></a>sma_generate_subkeys</STRONG> (Thumb, 128 bytes, Stack size unknown bytes, smp_algo_sap.o(i.sma_generate_subkeys))
<BR><BR>[Stack]<UL><LI>Max Depth = 16 + Unknown Stack Size
<LI>Call Chain = sma_generate_subkeys &rArr; LL_Encrypt_Plain_Data_ucfg &rArr; Osal_MemCpy &rArr; memcpy
</UL>
<BR>[Calls]<UL><LI><a href="#[199]">&gt;&gt;</a>&nbsp;&nbsp;&nbsp;LL_Encrypt_Plain_Data_ucfg
<LI><a href="#[2c9]">&gt;&gt;</a>&nbsp;&nbsp;&nbsp;sma_left_shift
</UL>
<BR>[Called By]<UL><LI><a href="#[1f8]">&gt;&gt;</a>&nbsp;&nbsp;&nbsp;sma_CMAC_generate_tag
</UL>

<P><STRONG><a name="[2c9]"></a>sma_left_shift</STRONG> (Thumb, 44 bytes, Stack size unknown bytes, smp_algo_sap.o(i.sma_left_shift))
<BR><BR>[Called By]<UL><LI><a href="#[2c8]">&gt;&gt;</a>&nbsp;&nbsp;&nbsp;sma_generate_subkeys
</UL>

<P><STRONG><a name="[239]"></a>_fp_digits</STRONG> (Thumb, 344 bytes, Stack size 64 bytes, printfa.o(i._fp_digits), UNUSED)
<BR><BR>[Calls]<UL><LI><a href="#[76]">&gt;&gt;</a>&nbsp;&nbsp;&nbsp;__aeabi_dmul
<LI><a href="#[6f]">&gt;&gt;</a>&nbsp;&nbsp;&nbsp;__aeabi_dadd
<LI><a href="#[7c]">&gt;&gt;</a>&nbsp;&nbsp;&nbsp;__aeabi_ddiv
<LI><a href="#[7d]">&gt;&gt;</a>&nbsp;&nbsp;&nbsp;__aeabi_d2ulz
<LI><a href="#[23a]">&gt;&gt;</a>&nbsp;&nbsp;&nbsp;__aeabi_cdrcmple
<LI><a href="#[79]">&gt;&gt;</a>&nbsp;&nbsp;&nbsp;__aeabi_uldivmod
</UL>
<BR>[Called By]<UL><LI><a href="#[235]">&gt;&gt;</a>&nbsp;&nbsp;&nbsp;_printf_core
</UL>

<P><STRONG><a name="[235]"></a>_printf_core</STRONG> (Thumb, 1754 bytes, Stack size 128 bytes, printfa.o(i._printf_core), UNUSED)
<BR><BR>[Calls]<UL><LI><a href="#[240]">&gt;&gt;</a>&nbsp;&nbsp;&nbsp;_printf_pre_padding
<LI><a href="#[241]">&gt;&gt;</a>&nbsp;&nbsp;&nbsp;_printf_post_padding
<LI><a href="#[239]">&gt;&gt;</a>&nbsp;&nbsp;&nbsp;_fp_digits
<LI><a href="#[69]">&gt;&gt;</a>&nbsp;&nbsp;&nbsp;__aeabi_uidivmod
<LI><a href="#[79]">&gt;&gt;</a>&nbsp;&nbsp;&nbsp;__aeabi_uldivmod
</UL>
<BR>[Called By]<UL><LI><a href="#[234]">&gt;&gt;</a>&nbsp;&nbsp;&nbsp;__0printf
</UL>

<P><STRONG><a name="[241]"></a>_printf_post_padding</STRONG> (Thumb, 32 bytes, Stack size 24 bytes, printfa.o(i._printf_post_padding), UNUSED)
<BR><BR>[Called By]<UL><LI><a href="#[235]">&gt;&gt;</a>&nbsp;&nbsp;&nbsp;_printf_core
</UL>

<P><STRONG><a name="[240]"></a>_printf_pre_padding</STRONG> (Thumb, 44 bytes, Stack size 40 bytes, printfa.o(i._printf_pre_padding), UNUSED)
<BR><BR>[Called By]<UL><LI><a href="#[235]">&gt;&gt;</a>&nbsp;&nbsp;&nbsp;_printf_core
</UL>
<P>
<H3>
Undefined Global Symbols
</H3><HR></body></html>
