<html>
<body>
<pre>
<h1>µVision Build Log</h1>
<h2>Tool Versions:</h2>
IDE-Version: ¦ÌVision V5.29.0.0
Copyright (C) 2019 ARM Ltd and ARM Germany GmbH. All rights reserved.
License Information: jiang he, changhong, LIC=WHYFW-QFYIF-GJR6P-MZ9IS-G19VB-6XPED
 
Tool Versions:
Toolchain:       MDK-ARM Plus  Version: 5.29.0.0
Toolchain Path:  C:\Keil_v5\ARM\ARMCC\Bin
C Compiler:      Armcc.exe V5.06 update 6 (build 750)
Assembler:       Armasm.exe V5.06 update 6 (build 750)
Linker/Locator:  ArmLink.exe V5.06 update 6 (build 750)
Library Manager: ArmAr.exe V5.06 update 6 (build 750)
Hex Converter:   FromElf.exe V5.06 update 6 (build 750)
CPU DLL:         SARMCM3.DLL V5.29.0.0
Dialog DLL:      DARMCM1.DLL V1.19.2.0
Target DLL:      STLink\ST-LINKIII-KEIL_SWO.dll V3.0.7.0
Dialog DLL:      TARMCM1.DLL V1.14.1.0
 
<h2>Project:</h2>
F:\en.stsw-bluetile-dk\STSW-BLUETILE-DK 1.2.0\Project\BLE_Examples\BLE_Chat\MDK-ARM\BlueNRG-2\BLE_Chat.uvprojx
Project File Date:  03/11/2020

<h2>Output:</h2>
*** Using Compiler 'V5.06 update 6 (build 750)', folder: 'C:\Keil_v5\ARM\ARMCC\Bin'
Build target 'Server_Use_OTA_ServiceManager'
compiling chat.c...
linking...
Program Size: Code=71656 RO-data=824 RW-data=732 ZI-data=16904  
FromELF: creating hex file...
After Build - User command #1: fromelf.exe --bin Server_Use_OTA_ServiceManager\Objects\BLE_Chat_Server_Use_OTA_ServiceManager.axf --output Server_Use_OTA_ServiceManager\Objects\BLE_Chat_Server_Use_OTA_ServiceManager.bin
".\Server_Use_OTA_ServiceManager\Objects\BLE_Chat_Server_Use_OTA_ServiceManager.axf" - 0 Error(s), 0 Warning(s).

<h2>Software Packages used:</h2>

Package Vendor: Keil
                http://www.keil.com/pack/Keil.STBlueNRG-2_DFP.1.0.1.pack
                Keil.STBlueNRG-2_DFP.1.0.1
                STMicroelectronics BlueNRG-2 Series Device Support

<h2>Collection of Component include folders:</h2>
  .\RTE\_Server_Use_OTA_ServiceManager

<h2>Collection of Component Files used:</h2>
Build Time Elapsed:  00:00:05
</pre>
</body>
</html>
