Component: ARM Compiler 5.06 update 6 (build 750) Tool: armlink [4d35ed]

==============================================================================

Section Cross References

    clock.o(i.Clock_Clear) refers to clock.o(.data) for .data
    clock.o(i.Clock_Time) refers to clock.o(.data) for .data
    clock.o(i.Clock_Wait) refers to clock.o(.data) for .data
    clock.o(i.SysCount_Handler) refers to clock.o(.data) for .data
    context_switch.o(. text) refers to system_bluenrg1.o(.savedMSP) for savedMSP
    context_switch.o(. text) refers to system_bluenrg1.o(.data) for savedICSR
    context_switch.o(. text) refers to system_bluenrg1.o(.data) for savedSHCSR
    context_switch.o(. text) refers to system_bluenrg1.o(.data) for savedNVIC_ISPR
    gp_timer.o(i.Timer_Expired) refers to clock.o(i.Clock_Time) for Clock_Time
    gp_timer.o(i.Timer_Remaining) refers to clock.o(i.Clock_Time) for Clock_Time
    gp_timer.o(i.Timer_Restart) refers to clock.o(i.Clock_Time) for Clock_Time
    gp_timer.o(i.Timer_Set) refers to clock.o(i.Clock_Time) for Clock_Time
    miscutil.o(i.BLEPLAT_get_part_info) refers to miscutil.o(i.HAL_GetPartInfo) for HAL_GetPartInfo
    miscutil.o(i.HAL_CrashHandler) refers to uwrite4.o(.text) for __aeabi_uwrite4
    miscutil.o(i.HAL_CrashHandler) refers to miscutil.o(.__crash_RAM) for .__crash_RAM
    miscutil.o(i.HAL_GetCrashInfo) refers to memmove.o(.text) for __aeabi_memcpy
    miscutil.o(i.HAL_GetCrashInfo) refers to uwrite4.o(.text) for __aeabi_uwrite4
    miscutil.o(i.HAL_GetCrashInfo) refers to miscutil.o(.__crash_RAM) for .__crash_RAM
    osal.o(i.Osal_MemCmp) refers to memcmp.o(.text) for memcmp
    osal.o(i.Osal_MemCpy) refers to memmove.o(.text) for memcpy
    osal.o(i.Osal_MemSet) refers to memseta.o(.text) for memset
    sleep.o(i.BlueNRG_InternalSleep) refers to miscutil.o(i.HAL_GetPartInfo) for HAL_GetPartInfo
    sleep.o(i.BlueNRG_InternalSleep) refers to system_bluenrg1.o(i.SET_BORconfigStatus) for SET_BORconfigStatus
    sleep.o(i.BlueNRG_InternalSleep) refers to misc.o(i.SystemSleepCmd) for SystemSleepCmd
    sleep.o(i.BlueNRG_InternalSleep) refers to context_switch.o(. text) for CS_contextSave
    sleep.o(i.BlueNRG_InternalSleep) refers to system_bluenrg1.o(.intvec) for __vector_table
    sleep.o(i.BlueNRG_InternalSleep) refers to sleep.o(.data) for .data
    sleep.o(i.BlueNRG_InternalSleep) refers to sleep.o(.bss) for .bss
    sleep.o(i.BlueNRG_InternalSleep) refers to system_bluenrg1.o(.flash_sw_lock) for flash_sw_lock
    sleep.o(i.BlueNRG_InternalSleep) refers to system_bluenrg1.o(.rfTimeout) for rfTimeout
    sleep.o(i.BlueNRG_InternalSleep) refers to system_bluenrg1.o(.wakeupFromSleepFlag) for wakeupFromSleepFlag
    sleep.o(i.BlueNRG_InternalSleep) refers to system_bluenrg1.o(i.DeviceConfiguration) for DeviceConfiguration
    sleep.o(i.BlueNRG_InternalSleep) refers to system_bluenrg1.o(.data) for savedNVIC_ISPR
    sleep.o(i.BlueNRG_InternalSleep) refers to system_bluenrg1.o(.data) for savedSHCSR
    sleep.o(i.BlueNRG_InternalSleep) refers to system_bluenrg1.o(.data) for savedICSR
    sleep.o(i.BlueNRG_Sleep) refers to bluenrg_main_func_speed.o(i.BlueNRG_Stack_Perform_Deep_Sleep_Check) for BlueNRG_Stack_Perform_Deep_Sleep_Check
    sleep.o(i.BlueNRG_Sleep) refers to sleep.o(i.App_SleepMode_Check) for App_SleepMode_Check
    sleep.o(i.BlueNRG_Sleep) refers to sleep.o(i.BlueNRG_InternalSleep) for BlueNRG_InternalSleep
    sleep.o(i.BlueNRG_Sleep) refers to system_bluenrg1.o(.wakeupFromSleepFlag) for wakeupFromSleepFlag
    sleep.o(i.BlueNRG_Sleep) refers to sleep.o(.bss) for .bss
    bluenrg1_adc.o(i.ADC_ConvertBatterySensor) refers to bluenrg1_adc.o(i.ADC_ConvertSingleEndedVoltage) for ADC_ConvertSingleEndedVoltage
    bluenrg1_adc.o(i.ADC_ConvertBatterySensor) refers to fmul.o(.text) for __aeabi_fmul
    bluenrg1_adc.o(i.ADC_ConvertDifferentialVoltage) refers to ffltui.o(.text) for __aeabi_ui2f
    bluenrg1_adc.o(i.ADC_ConvertDifferentialVoltage) refers to fflti.o(.text) for __aeabi_i2f
    bluenrg1_adc.o(i.ADC_ConvertDifferentialVoltage) refers to fdiv.o(.text) for __aeabi_fdiv
    bluenrg1_adc.o(i.ADC_ConvertDifferentialVoltage) refers to fadd.o(.text) for __aeabi_fadd
    bluenrg1_adc.o(i.ADC_ConvertDifferentialVoltage) refers to fmul.o(.text) for __aeabi_fmul
    bluenrg1_adc.o(i.ADC_ConvertSingleEndedVoltage) refers to fflti.o(.text) for __aeabi_i2f
    bluenrg1_adc.o(i.ADC_ConvertSingleEndedVoltage) refers to ffltui.o(.text) for __aeabi_ui2f
    bluenrg1_adc.o(i.ADC_ConvertSingleEndedVoltage) refers to fadd.o(.text) for __aeabi_fadd
    bluenrg1_adc.o(i.ADC_ConvertSingleEndedVoltage) refers to f2d.o(.text) for __aeabi_f2d
    bluenrg1_adc.o(i.ADC_ConvertSingleEndedVoltage) refers to fdiv.o(.text) for __aeabi_fdiv
    bluenrg1_adc.o(i.ADC_ConvertSingleEndedVoltage) refers to fmul.o(.text) for __aeabi_fmul
    bluenrg1_adc.o(i.ADC_ConvertSingleEndedVoltage) refers to dadd.o(.text) for __aeabi_drsub
[...]
    0x10056cfa   0x10056cfa   0x0000000a   Code   RO          784    i.I2C_FlushTx       bluenrg1_i2c.o
    0x10056d04   0x10056d04   0x0000000a   Code   RO          788    i.I2C_GetITStatus   bluenrg1_i2c.o
    0x10056d0e   0x10056d0e   0x00000008   Code   RO          789    i.I2C_GetStatus     bluenrg1_i2c.o
    0x10056d16   0x10056d16   0x00000002   PAD
    0x10056d18   0x10056d18   0x000000bc   Code   RO          791    i.I2C_Init          bluenrg1_i2c.o
    0x10056dd4   0x10056dd4   0x00000004   Code   RO          792    i.I2C_ReceiveData   bluenrg1_i2c.o
    0x10056dd8   0x10056dd8   0x00000014   Code   RO          798    i.I2C_StructInit    bluenrg1_i2c.o
    0x10056dec   0x10056dec   0x0000000e   Code   RO          800    i.I2C_WaitFlushTx   bluenrg1_i2c.o
    0x10056dfa   0x10056dfa   0x00000002   PAD
    0x10056dfc   0x10056dfc   0x00000128   Code   RO         6920    i.IDD_Initialize_Device_IDs  libbluenrg1_stack.a(device_id_data.o)
    0x10056f24   0x10056f24   0x00000044   Code   RO         6392    i.Ind_Service_Change_Charac  libbluenrg1_stack.a(gatt_server.o)
    0x10056f68   0x10056f68   0x00000088   Code   RO         5504    i.Init_Accelerometer_Gyroscope  chat.o
    0x10056ff0   0x10056ff0   0x00000052   Code   RO         5369    i.Interrupts_EXT_IO_Config  ble_chat_main.o
    0x10057042   0x10057042   0x00000018   Code   RO         6660    i.Is_Address_Initialized  libbluenrg1_stack.a(rom_ll_ll_routines.o)
    0x1005705a   0x1005705a   0x00000002   PAD
    0x1005705c   0x1005705c   0x00000010   Code   RO         6572    i.Is_Flash_Write_On_Going  libbluenrg1_stack.a(nvm.o)
    0x1005706c   0x1005706c   0x0000007c   Code   RO         6411    i.L2C_Build_Command_Reject_Pdu  libbluenrg1_stack.a(l2cap.o)
    0x100570e8   0x100570e8   0x00000024   Code   RO         6414    i.L2C_Connection_Complete_Handler  libbluenrg1_stack.a(l2cap.o)
    0x1005710c   0x1005710c   0x0000002a   Code   RO         6415    i.L2C_Connection_Complete_Signal_Handler  libbluenrg1_stack.a(l2cap.o)
    0x10057136   0x10057136   0x00000002   PAD
    0x10057138   0x10057138   0x00000034   Code   RO         6416    i.L2C_Get_Connection_Info  libbluenrg1_stack.a(l2cap.o)
    0x1005716c   0x1005716c   0x00000030   Code   RO         6417    i.L2C_Get_Connection_Info_Index  libbluenrg1_stack.a(l2cap.o)
    0x1005719c   0x1005719c   0x0000000e   Code   RO         6418    i.L2C_Get_PDU_Len   libbluenrg1_stack.a(l2cap.o)
    0x100571aa   0x100571aa   0x00000002   PAD
    0x100571ac   0x100571ac   0x00000058   Code   RO         6419    i.L2C_Init          libbluenrg1_stack.a(l2cap.o)
    0x10057204   0x10057204   0x00000058   Code   RO         6420    i.L2C_Mux_Acl_Packet  libbluenrg1_stack.a(l2cap.o)
    0x1005725c   0x1005725c   0x000000a6   Code   RO         6421    i.L2C_Rcv_Data      libbluenrg1_stack.a(l2cap.o)
    0x10057302   0x10057302   0x0000001e   Code   RO         6422    i.L2C_Rcv_Event_Handler  libbluenrg1_stack.a(l2cap.o)
    0x10057320   0x10057320   0x00000052   Code   RO         6423    i.L2C_Rcv_Event_Handler_ISR  libbluenrg1_stack.a(l2cap.o)
    0x10057372   0x10057372   0x00000002   PAD
    0x10057374   0x10057374   0x0000007c   Code   RO         6424    i.L2C_Reset_To_Closed_State  libbluenrg1_stack.a(l2cap.o)
    0x100573f0   0x100573f0   0x0000004c   Code   RO         6425    i.L2C_Send_Data     libbluenrg1_stack.a(l2cap.o)
    0x1005743c   0x1005743c   0x00000060   Code   RO         6426    i.L2C_SigChan_Req_TimeOut_Handler  libbluenrg1_stack.a(l2cap.o)
    0x1005749c   0x1005749c   0x000001b4   Code   RO         6427    i.L2C_Signal_Channel_Handler  libbluenrg1_stack.a(l2cap.o)
    0x10057650   0x10057650   0x00000024   Code   RO         6428    i.L2C_Signal_Channel_Handler_ISR  libbluenrg1_stack.a(l2cap.o)
    0x10057674   0x10057674   0x0000005c   Code   RO         6429    i.L2C_discard_corrupted_acl_packet  libbluenrg1_stack.a(l2cap.o)
    0x100576d0   0x100576d0   0x00000042   Code   RO         6661    i.LL_Allow_Address_Setting  libbluenrg1_stack.a(rom_ll_ll_routines.o)
    0x10057712   0x10057712   0x00000002   PAD
    0x10057714   0x10057714   0x000001f0   Code   RO         6662    i.LL_Check_And_Set_Addresses  libbluenrg1_stack.a(rom_ll_ll_routines.o)
    0x10057904   0x10057904   0x00000004   Code   RO         6475    i.LL_Data_Length_Change_Event_ucfg  libbluenrg1_stack.a(ll_routines.o)
    0x10057908   0x10057908   0x0000025c   Code   RO         6663    i.LL_Enable_Disable_Adv  libbluenrg1_stack.a(rom_ll_ll_routines.o)
    0x10057b64   0x10057b64   0x000000a0   Code   RO         6515    i.LL_Encrypt_Plain_Data_ucfg  libbluenrg1_stack.a(ll_routines_support.o)
    0x10057c04   0x10057c04   0x00000030   Code   RO         6664    i.LL_Get_Address    libbluenrg1_stack.a(rom_ll_ll_routines.o)
    0x10057c34   0x10057c34   0x00000040   Code   RO         6665    i.LL_Get_AdvAddress  libbluenrg1_stack.a(rom_ll_ll_routines.o)
    0x10057c74   0x10057c74   0x00000018   Code   RO         6701    i.LL_Get_Adv_Tx_Power_Level  libbluenrg1_stack.a(rom_ll_routines_support.o)
    0x10057c8c   0x10057c8c   0x00000040   Code   RO         6668    i.LL_Get_ScanAddress  libbluenrg1_stack.a(rom_ll_ll_routines.o)
    0x10057ccc   0x10057ccc   0x00000184   Code   RO         6670    i.LL_Init           libbluenrg1_stack.a(rom_ll_ll_routines.o)
    0x10057e50   0x10057e50   0x00000028   Code   RO         6436    i.LL_LE_Clear_White_List  libbluenrg1_stack.a(ll_privacy.o)
    0x10057e78   0x10057e78   0x00000050   Code   RO         6672    i.LL_Send_ACL_Data  libbluenrg1_stack.a(rom_ll_ll_routines.o)
    0x10057ec8   0x10057ec8   0x000000a4   Code   RO         6482    i.LL_Send_Disconnection_Req  libbluenrg1_stack.a(ll_routines.o)
    0x10057f6c   0x10057f6c   0x00000004   Code   RO         6485    i.LL_Send_Length_Resp_ucfg  libbluenrg1_stack.a(ll_routines.o)
    0x10057f70   0x10057f70   0x00000078   Code   RO         6674    i.LL_Set_Adv_Data   libbluenrg1_stack.a(rom_ll_ll_routines.o)
    0x10057fe8   0x10057fe8   0x000000d0   Code   RO         6675    i.LL_Set_Adv_PDU_Format  libbluenrg1_stack.a(rom_ll_ll_routines.o)
    0x100580b8   0x100580b8   0x0000014c   Code   RO         6676    i.LL_Set_Adv_Params  libbluenrg1_stack.a(rom_ll_ll_routines.o)
    0x10058204   0x10058204   0x00000088   Code   RO         6677    i.LL_Set_Advertising_Buffers  libbluenrg1_stack.a(rom_ll_ll_routines.o)
    0x1005828c   0x1005828c   0x00000038   Code   RO         6678    i.LL_Set_DirectAddress  libbluenrg1_stack.a(rom_ll_ll_routines.o)
    0x100582c4   0x100582c4   0x0000009c   Code   RO         6516    i.LL_Set_LTK        libbluenrg1_stack.a(ll_routines_support.o)
    0x10058360   0x10058360   0x00000024   Code   RO         6679    i.LL_Set_OwnAddress  libbluenrg1_stack.a(rom_ll_ll_routines.o)
    0x10058384   0x10058384   0x0000005c   Code   RO         6680    i.LL_Set_Scan_Resp_Data  libbluenrg1_stack.a(rom_ll_ll_routines.o)
    0x100583e0   0x100583e0   0x00000058   Code   RO         6917    i.LL_Sleep_Req      libbluenrg1_stack.a(bluenrg_main_func_speed.o)
    0x10058438   0x10058438   0x0000004c   Code   RO         6681    i.LL_Update_Advertising_Buffers  libbluenrg1_stack.a(rom_ll_ll_routines.o)
    0x10058484   0x10058484   0x00000048   Code   RO         6682    i.LL_Update_Scanning_Initiating_Buffers  libbluenrg1_stack.a(rom_ll_ll_routines.o)
    0x100584cc   0x100584cc   0x00000094   Code   RO         6406    i.LL_receive_data   libbluenrg1_stack.a(isr_routines.o)
    0x10058560   0x10058560   0x00000098   Code   RO         6646    i.LL_update_proc    libbluenrg1_stack.a(rom_ll_isr_routines.o)
    0x100585f8   0x100585f8   0x00000014   Code   RO         6632    i.List_Circular_Get_Size  libbluenrg1_stack.a(rom_list.o)
    0x1005860c   0x1005860c   0x0000000e   Code   RO         6635    i.List_Circular_Insert_Tail  libbluenrg1_stack.a(rom_list.o)
    0x1005861a   0x1005861a   0x00000016   Code   RO         6636    i.List_Circular_Node_Present  libbluenrg1_stack.a(rom_list.o)
    0x10058630   0x10058630   0x0000001a   Code   RO         6637    i.List_Circular_Remove_Head  libbluenrg1_stack.a(rom_list.o)
    0x1005864a   0x1005864a   0x00000020   Code   RO         6638    i.List_Circular_Remove_Node  libbluenrg1_stack.a(rom_list.o)
    0x1005866a   0x1005866a   0x00000002   Code   RO         5151    i.MFT1A_Handler     system_bluenrg1.o
    0x1005866c   0x1005866c   0x00000002   Code   RO         5152    i.MFT1B_Handler     system_bluenrg1.o
    0x1005866e   0x1005866e   0x00000002   Code   RO         5153    i.MFT2A_Handler     system_bluenrg1.o
    0x10058670   0x10058670   0x00000002   Code   RO         5154    i.MFT2B_Handler     system_bluenrg1.o
    0x10058672   0x10058672   0x00000002   PAD
    0x10058674   0x10058674   0x00000048   Code   RO         5505    i.Make_Connection   chat.o
    0x100586bc   0x100586bc   0x00000012   Code   RO         6528    i.Mem_Buff_Append   libbluenrg1_stack.a(mem_buff.o)
    0x100586ce   0x100586ce   0x00000048   Code   RO         6529    i.Mem_Buff_Block_Copy  libbluenrg1_stack.a(mem_buff.o)
    0x10058716   0x10058716   0x00000056   Code   RO         6530    i.Mem_Buff_Block_Write  libbluenrg1_stack.a(mem_buff.o)
    0x1005876c   0x1005876c   0x00000032   Code   RO         6531    i.Mem_Buff_Clone    libbluenrg1_stack.a(mem_buff.o)
    0x1005879e   0x1005879e   0x00000078   Code   RO         6532    i.Mem_Buff_Cmp      libbluenrg1_stack.a(mem_buff.o)
    0x10058816   0x10058816   0x000000ba   Code   RO         6533    i.Mem_Buff_Compact  libbluenrg1_stack.a(mem_buff.o)
    0x100588d0   0x100588d0   0x0000002e   Code   RO         6534    i.Mem_Buff_Get      libbluenrg1_stack.a(mem_buff.o)
    0x100588fe   0x100588fe   0x00000014   Code   RO         6535    i.Mem_Buff_Get_Chain_Count  libbluenrg1_stack.a(mem_buff.o)
    0x10058912   0x10058912   0x00000014   Code   RO         6536    i.Mem_Buff_Get_Chain_Size  libbluenrg1_stack.a(mem_buff.o)
    0x10058926   0x10058926   0x0000006a   Code   RO         6537    i.Mem_Buff_Init     libbluenrg1_stack.a(mem_buff.o)
    0x10058990   0x10058990   0x00000062   Code   RO         6538    i.Mem_Buff_Read     libbluenrg1_stack.a(mem_buff.o)
    0x100589f2   0x100589f2   0x00000036   Code   RO         6539    i.Mem_Buff_Release  libbluenrg1_stack.a(mem_buff.o)
    0x10058a28   0x10058a28   0x0000008e   Code   RO         6540    i.Mem_Buff_Resize   libbluenrg1_stack.a(mem_buff.o)
    0x10058ab6   0x10058ab6   0x00000068   Code   RO         6541    i.Mem_Buff_Write    libbluenrg1_stack.a(mem_buff.o)
    0x10058b1e   0x10058b1e   0x00000016   Code   RO         6522    i.Mem_assign        libbluenrg1_stack.a(mem_alloc.o)
    0x10058b34   0x10058b34   0x00000002   Code   RO         5439    i.NMI_Handler       bluenrg1_it.o
    0x10058b36   0x10058b36   0x00000002   PAD
    0x10058b38   0x10058b38   0x00000088   Code   RO         1744    i.NVIC_Init         misc.o
    0x10058bc0   0x10058bc0   0x00000044   Code   RO         5156    i.NVIC_SetPriority  system_bluenrg1.o
    0x10058c04   0x10058c04   0x00000018   Code   RO         1780    i.NVIC_SystemReset  ota_btl.o
    0x10058c1c   0x10058c1c   0x00000002   Code   RO         5157    i.NVM_Handler       system_bluenrg1.o
    0x10058c1e   0x10058c1e   0x00000002   PAD
    0x10058c20   0x10058c20   0x00000014   Code   RO         1784    i.OTA_Jump_To_Service_Manager_Application  ota_btl.o
    0x10058c34   0x10058c34   0x00000008   Code   RO          227    i.Osal_MemCmp       osal.o
    0x10058c3c   0x10058c3c   0x00000008   Code   RO          228    i.Osal_MemCpy       osal.o
    0x10058c44   0x10058c44   0x00000008   Code   RO          229    i.Osal_MemSet       osal.o
    0x10058c4c   0x10058c4c   0x00000002   Code   RO         5158    i.PKA_Handler       system_bluenrg1.o
    0x10058c4e   0x10058c4e   0x00000002   Code   RO         5978    i.PKA_Offline_Processing_ucfg  libbluenrg1_stack.a(hci.o)
    0x10058c50   0x10058c50   0x00000014   Code   RO         1077    i.PKA_Reset         bluenrg1_pka.o
    0x10058c64   0x10058c64   0x00000050   Code   RO         6582    i.PM_Check_And_Set  libbluenrg1_stack.a(pm.o)
    0x10058cb4   0x10058cb4   0x00000022   Code   RO         6583    i.PM_Clone_Pckt     libbluenrg1_stack.a(pm.o)
    0x10058cd6   0x10058cd6   0x00000002   PAD
    0x10058cd8   0x10058cd8   0x00000054   Code   RO         6584    i.PM_Compact        libbluenrg1_stack.a(pm.o)
    0x10058d2c   0x10058d2c   0x00000012   Code   RO         6585    i.PM_Copy_Pckt_Data  libbluenrg1_stack.a(pm.o)
    0x10058d3e   0x10058d3e   0x00000002   PAD
    0x10058d40   0x10058d40   0x00000018   Code   RO         6586    i.PM_Eng_Config     libbluenrg1_stack.a(pm.o)
    0x10058d58   0x10058d58   0x0000000c   Code   RO         6587    i.PM_Extract_Pdu_MBuff  libbluenrg1_stack.a(pm.o)
    0x10058d64   0x10058d64   0x0000003c   Code   RO         6588    i.PM_Get_Available_Buffer  libbluenrg1_stack.a(pm.o)
    0x10058da0   0x10058da0   0x0000000a   Code   RO         6590    i.PM_Get_Mem_Buff_Count  libbluenrg1_stack.a(pm.o)
    0x10058daa   0x10058daa   0x00000002   PAD
    0x10058dac   0x10058dac   0x00000044   Code   RO         6591    i.PM_Get_Pckt       libbluenrg1_stack.a(pm.o)
    0x10058df0   0x10058df0   0x00000068   Code   RO         6592    i.PM_Init           libbluenrg1_stack.a(pm.o)
    0x10058e58   0x10058e58   0x0000000a   Code   RO         6593    i.PM_Pckt_Cmp       libbluenrg1_stack.a(pm.o)
    0x10058e62   0x10058e62   0x00000002   PAD
    0x10058e64   0x10058e64   0x0000003c   Code   RO         6594    i.PM_Release_Acl_Pckt  libbluenrg1_stack.a(pm.o)
    0x10058ea0   0x10058ea0   0x0000006c   Code   RO         6595    i.PM_Resize_Pckt_Pdu_Size  libbluenrg1_stack.a(pm.o)
    0x10058f0c   0x10058f0c   0x00000012   Code   RO         6597    i.PM_Write_Pckt_Data  libbluenrg1_stack.a(pm.o)
    0x10058f1e   0x10058f1e   0x00000002   PAD
    0x10058f20   0x10058f20   0x00000084   Code   RO         6448    i.PRIVWHIT_u8SearchAddrInList  libbluenrg1_stack.a(ll_privacy.o)
    0x10058fa4   0x10058fa4   0x000000b4   Code   RO         6449    i.PRIVWHIT_vInit_Struct  libbluenrg1_stack.a(ll_privacy.o)
    0x10059058   0x10059058   0x00000058   Code   RO         6452    i.PRIV_SearchAddrInWhiteList  libbluenrg1_stack.a(ll_privacy.o)
    0x100590b0   0x100590b0   0x00000004   Code   RO         5979    i.PRIV_controller_privacy_csr_ucfg  libbluenrg1_stack.a(hci.o)
    0x100590b4   0x100590b4   0x00000004   Code   RO         6454    i.PRIV_u32ProcessAdvPacket_ucfg  libbluenrg1_stack.a(ll_privacy.o)
    0x100590b8   0x100590b8   0x00000004   Code   RO         6456    i.PRIV_u8OfflineProcessing_ucfg  libbluenrg1_stack.a(ll_privacy.o)
    0x100590bc   0x100590bc   0x00000002   Code   RO         6460    i.PRIV_vGeneratePrivateAddress_ucfg  libbluenrg1_stack.a(ll_privacy.o)
    0x100590be   0x100590be   0x00000002   Code   RO         6464    i.PRIV_vGenerate_hci_le_enhanced_connection_complete_event_ucfg  libbluenrg1_stack.a(ll_privacy.o)
    0x100590c0   0x100590c0   0x00000002   Code   RO         5159    i.PendSV_Handler    system_bluenrg1.o
    0x100590c2   0x100590c2   0x0000000e   Code   RO         6393    i.Pm_Resize_Host_Acl_Pckt  libbluenrg1_stack.a(gatt_server.o)
    0x100590d0   0x100590d0   0x0000000e   Code   RO         6900    i.Pm_Resize_Host_Acl_Pckt  libbluenrg1_stack.a(att.o)
    0x100590de   0x100590de   0x00000002   PAD
    0x100590e0   0x100590e0   0x00000178   Code   RO         6901    i.Prepare_Write_Resp  libbluenrg1_stack.a(att.o)
    0x10059258   0x10059258   0x000000a0   Code   RO         5506    i.Process_InputData  chat.o
    0x100592f8   0x100592f8   0x000001fc   Code   RO         6394    i.Process_Peer_Client_Data  libbluenrg1_stack.a(gatt_server.o)
    0x100594f4   0x100594f4   0x00000194   Code   RO         6395    i.Process_Peer_Server_Data  libbluenrg1_stack.a(gatt_server.o)
    0x10059688   0x10059688   0x0000021c   Code   RO         6059    i.RAL_Isr           libbluenrg1_stack.a(ll_isr.o)
    0x100598a4   0x100598a4   0x00000020   Code   RO         5160    i.RESET_HANDLER     system_bluenrg1.o
    0x100598c4   0x100598c4   0x00000002   Code   RO         5161    i.RTC_Handler       system_bluenrg1.o
    0x100598c6   0x100598c6   0x00000140   Code   RO         6902    i.Read_Blob_Resp    libbluenrg1_stack.a(att.o)
    0x10059a06   0x10059a06   0x00000002   PAD
    0x10059a08   0x10059a08   0x000001e4   Code   RO         6903    i.Read_By_Grp_Type_Resp  libbluenrg1_stack.a(att.o)
    0x10059bec   0x10059bec   0x000002d0   Code   RO         6904    i.Read_By_Type_Resp  libbluenrg1_stack.a(att.o)
    0x10059ebc   0x10059ebc   0x00000194   Code   RO         6905    i.Read_Multi_Resp   libbluenrg1_stack.a(att.o)
    0x1005a050   0x1005a050   0x0000012a   Code   RO         6906    i.Read_Resp         libbluenrg1_stack.a(att.o)
    0x1005a17a   0x1005a17a   0x00000002   Code   RO         6499    i.Reclassify_All_Channels_ucfg  libbluenrg1_stack.a(ll_routines_master.o)
    0x1005a17c   0x1005a17c   0x00000184   Code   RO         6741    i.SDB_Add_Record    libbluenrg1_stack.a(sdb.o)
    0x1005a300   0x1005a300   0x000000a0   Code   RO         6743    i.SDB_Find_Matching_LTK  libbluenrg1_stack.a(sdb.o)
    0x1005a3a0   0x1005a3a0   0x000000c4   Code   RO         6744    i.SDB_Find_Record   libbluenrg1_stack.a(sdb.o)
    0x1005a464   0x1005a464   0x00000044   Code   RO         6746    i.SDB_Get_Number_Of_Valid_Records  libbluenrg1_stack.a(sdb.o)
    0x1005a4a8   0x1005a4a8   0x000000bc   Code   RO         6747    i.SDB_flash_write_client_data  libbluenrg1_stack.a(sdb.o)
    0x1005a564   0x1005a564   0x000000e2   Code   RO         6748    i.SDB_get_security_data_record  libbluenrg1_stack.a(sdb.o)
    0x1005a646   0x1005a646   0x0000003c   Code   RO         6749    i.SDB_read_peer_bonded_data  libbluenrg1_stack.a(sdb.o)
    0x1005a682   0x1005a682   0x00000002   PAD
    0x1005a684   0x1005a684   0x0000003c   Code   RO         5162    i.SET_BORconfigStatus  system_bluenrg1.o
    0x1005a6c0   0x1005a6c0   0x0000002e   Code   RO         6953    i.SMA_Diversify     libbluenrg1_stack.a(smp_algo_sap.o)
    0x1005a6ee   0x1005a6ee   0x00000002   PAD
    0x1005a6f0   0x1005a6f0   0x00000028   Code   RO         6954    i.SMA_Generate_CSRK  libbluenrg1_stack.a(smp_algo_sap.o)
    0x1005a718   0x1005a718   0x00000028   Code   RO         6955    i.SMA_Generate_IRK  libbluenrg1_stack.a(smp_algo_sap.o)
    0x1005a740   0x1005a740   0x00000028   Code   RO         6956    i.SMA_LP_s1_Generate_STK  libbluenrg1_stack.a(smp_algo_sap.o)
    0x1005a768   0x1005a768   0x0000007c   Code   RO         6961    i.SMA_generate_EDIV_recovery_DIV  libbluenrg1_stack.a(smp_algo_sap.o)
    0x1005a7e4   0x1005a7e4   0x00000048   Code   RO         6833    i.SMP_Check_Is_Device_Bonded  libbluenrg1_stack.a(smp_common.o)
    0x1005a82c   0x1005a82c   0x0000001c   Code   RO         6834    i.SMP_Forget_Device_by_ConnHandle  libbluenrg1_stack.a(smp_common.o)
    0x1005a848   0x1005a848   0x00000074   Code   RO         6836    i.SMP_Init          libbluenrg1_stack.a(smp_common.o)
    0x1005a8bc   0x1005a8bc   0x00000184   Code   RO         6765    i.SMP_Process_Q     libbluenrg1_stack.a(securitymgr.o)
    0x1005aa40   0x1005aa40   0x00000074   Code   RO         6837    i.SMP_Repeated_Attacks_Timer_cb  libbluenrg1_stack.a(smp_common.o)
    0x1005aab4   0x1005aab4   0x00000078   Code   RO         6841    i.SMP_Timer_cb      libbluenrg1_stack.a(smp_common.o)
    0x1005ab2c   0x1005ab2c   0x0000007a   Code   RO         6842    i.SMP_Validate_Signed_Packet  libbluenrg1_stack.a(smp_common.o)
    0x1005aba6   0x1005aba6   0x00000020   Code   RO         6875    i.SMP_sc_force_debug_key_usage  libbluenrg1_stack.a(smp_scv42_sap.o)
    0x1005abc6   0x1005abc6   0x00000020   Code   RO         6844    i.SM_Check_Encryption_KeySize  libbluenrg1_stack.a(smp_common.o)
    0x1005abe6   0x1005abe6   0x00000002   PAD
    0x1005abe8   0x1005abe8   0x00000080   Code   RO         6845    i.SM_Connection_Complete_Handler  libbluenrg1_stack.a(smp_common.o)
    0x1005ac68   0x1005ac68   0x0000004e   Code   RO         6962    i.SM_Generate_Resolvable_Private_Address  libbluenrg1_stack.a(smp_algo_sap.o)
    0x1005acb6   0x1005acb6   0x0000002e   Code   RO         6846    i.SM_Get_Link_Status  libbluenrg1_stack.a(smp_common.o)
    0x1005ace4   0x1005ace4   0x00000048   Code   RO         6847    i.SM_Get_Remote_Device_Info  libbluenrg1_stack.a(smp_common.o)
    0x1005ad2c   0x1005ad2c   0x00000114   Code   RO         6848    i.SM_L2CAP_Encryption_changed_Handler_ISR  libbluenrg1_stack.a(smp_common.o)
    0x1005ae40   0x1005ae40   0x000000f4   Code   RO         6849    i.SM_L2CAP_Handler  libbluenrg1_stack.a(smp_common.o)
    0x1005af34   0x1005af34   0x00000158   Code   RO         6850    i.SM_L2CAP_Handler_ISR  libbluenrg1_stack.a(smp_common.o)
    0x1005b08c   0x1005b08c   0x00000022   Code   RO         6963    i.SM_Resolve_Private_Address  libbluenrg1_stack.a(smp_algo_sap.o)
    0x1005b0ae   0x1005b0ae   0x00000002   Code   RO         5163    i.SPI_Handler       system_bluenrg1.o
    0x1005b0b0   0x1005b0b0   0x00000002   Code   RO         5440    i.SVC_Handler       bluenrg1_it.o
    0x1005b0b2   0x1005b0b2   0x00000002   PAD
    0x1005b0b4   0x1005b0b4   0x0000001c   Code   RO         1922    i.SdkEvalComIOConfig  sdk_eval_com.o
    0x1005b0d0   0x1005b0d0   0x00000010   Code   RO         1924    i.SdkEvalComIOReceiveData  sdk_eval_com.o
    0x1005b0e0   0x1005b0e0   0x00000008   Code   RO         1925    i.SdkEvalComIOSendData  sdk_eval_com.o
    0x1005b0e8   0x1005b0e8   0x0000002a   Code   RO         1927    i.SdkEvalComIOUartIrqHandler  sdk_eval_com.o
    0x1005b112   0x1005b112   0x0000005e   Code   RO         1929    i.SdkEvalComUartInit  sdk_eval_com.o
    0x1005b170   0x1005b170   0x00000020   Code   RO         1930    i.SdkEvalComUartIrqConfig  sdk_eval_com.o
    0x1005b190   0x1005b190   0x00000064   Code   RO         5034    i.SdkEvalI2CInit    sdk_eval_i2c.o
    0x1005b1f4   0x1005b1f4   0x000000cc   Code   RO         5035    i.SdkEvalI2CRead    sdk_eval_i2c.o
    0x1005b2c0   0x1005b2c0   0x00000088   Code   RO         5037    i.SdkEvalI2CWrite   sdk_eval_i2c.o
    0x1005b348   0x1005b348   0x0000000c   Code   RO         2033    i.SdkEvalIdentification  sdk_eval_config.o
    0x1005b354   0x1005b354   0x00000030   Code   RO         2062    i.SdkEvalLedInit    sdk_eval_led.o
    0x1005b384   0x1005b384   0x0000000e   Code   RO         2063    i.SdkEvalLedOff     sdk_eval_led.o
    0x1005b392   0x1005b392   0x0000000e   Code   RO         2064    i.SdkEvalLedOn      sdk_eval_led.o
    0x1005b3a0   0x1005b3a0   0x00000028   Code   RO         5087    i.SdkEvalPushButtonInit  sdk_eval_button.o
    0x1005b3c8   0x1005b3c8   0x00000042   Code   RO         5088    i.SdkEvalPushButtonIrq  sdk_eval_button.o
    0x1005b40a   0x1005b40a   0x00000016   Code   RO         1931    i.SdkEvalUart_Send_Data  sdk_eval_com.o
    0x1005b420   0x1005b420   0x00000050   Code   RO         6396    i.Select_Next_Notification_Client  libbluenrg1_stack.a(gatt_server.o)
    0x1005b470   0x1005b470   0x0000004c   Code   RO         6397    i.Send_Notif_Or_Ind  libbluenrg1_stack.a(gatt_server.o)
    0x1005b4bc   0x1005b4bc   0x0000002a   Code   RO         5508    i.Sensor_DeviceInit  chat.o
    0x1005b4e6   0x1005b4e6   0x00000002   PAD
    0x1005b4e8   0x1005b4e8   0x00000050   Code   RO         6045    i.Set_Host_Timer_value  libbluenrg1_stack.a(host_timer.o)
    0x1005b538   0x1005b538   0x00000048   Code   RO         5165    i.Set_RF_FrontEnd   system_bluenrg1.o
    0x1005b580   0x1005b580   0x00000024   Code   RO         6628    i.Start_Gatt_Timer  libbluenrg1_stack.a(rom_gatt_server.o)
    0x1005b5a4   0x1005b5a4   0x0000001c   Code   RO         6629    i.Stop_Gatt_Timer   libbluenrg1_stack.a(rom_gatt_server.o)
    0x1005b5c0   0x1005b5c0   0x00000010   Code   RO            9    i.SysCount_Handler  clock.o
    0x1005b5d0   0x1005b5d0   0x0000009c   Code   RO         1454    i.SysCtrl_GetWakeupResetReason  bluenrg1_sysctrl.o
    0x1005b66c   0x1005b66c   0x00000018   Code   RO         1455    i.SysCtrl_PeripheralClockCmd  bluenrg1_sysctrl.o
    0x1005b684   0x1005b684   0x0000002c   Code   RO         5441    i.SysTick_Handler   bluenrg1_it.o
    0x1005b6b0   0x1005b6b0   0x000000b8   Code   RO         5167    i.SystemInit        system_bluenrg1.o
    0x1005b768   0x1005b768   0x00000018   Code   RO         1746    i.SystemSleepCmd    misc.o
    0x1005b780   0x1005b780   0x0000007c   Code   RO         6046    i.TimerCallback     libbluenrg1_stack.a(host_timer.o)
    0x1005b7fc   0x1005b7fc   0x00000014   Code   RO         6047    i.Timer_ExpiryCallback  libbluenrg1_stack.a(host_timer.o)
    0x1005b810   0x1005b810   0x00000038   Code   RO         6048    i.Timer_Init        libbluenrg1_stack.a(host_timer.o)
    0x1005b848   0x1005b848   0x0000011c   Code   RO         6049    i.Timer_ProcessQ    libbluenrg1_stack.a(host_timer.o)
    0x1005b964   0x1005b964   0x00000022   Code   RO         6050    i.Timer_StartOneShot  libbluenrg1_stack.a(host_timer.o)
    0x1005b986   0x1005b986   0x00000002   PAD
    0x1005b988   0x1005b988   0x00000078   Code   RO         6051    i.Timer_StartOneShot_sysTime32  libbluenrg1_stack.a(host_timer.o)
    0x1005ba00   0x1005ba00   0x00000058   Code   RO         6052    i.Timer_StopOneShot  libbluenrg1_stack.a(host_timer.o)
    0x1005ba58   0x1005ba58   0x00000024   Code   RO         6054    i.Timer_sysTime32_convMachineTime  libbluenrg1_stack.a(host_timer.o)
    0x1005ba7c   0x1005ba7c   0x0000001c   Code   RO         1500    i.UART_Cmd          bluenrg1_uart.o
    0x1005ba98   0x1005ba98   0x0000001c   Code   RO         1503    i.UART_GetFlagStatus  bluenrg1_uart.o
    0x1005bab4   0x1005bab4   0x00000014   Code   RO         1504    i.UART_GetITStatus  bluenrg1_uart.o
    0x1005bac8   0x1005bac8   0x00000008   Code   RO         5442    i.UART_Handler      bluenrg1_it.o
    0x1005bad0   0x1005bad0   0x00000018   Code   RO         1505    i.UART_ITConfig     bluenrg1_uart.o
    0x1005bae8   0x1005bae8   0x00000138   Code   RO         1506    i.UART_Init         bluenrg1_uart.o
    0x1005bc20   0x1005bc20   0x0000000c   Code   RO         1509    i.UART_ReceiveData  bluenrg1_uart.o
    0x1005bc2c   0x1005bc2c   0x00000018   Code   RO         1511    i.UART_RxFifoIrqLevelConfig  bluenrg1_uart.o
    0x1005bc44   0x1005bc44   0x00000010   Code   RO         1513    i.UART_SendData     bluenrg1_uart.o
    0x1005bc54   0x1005bc54   0x00000002   Code   RO         5169    i.WDG_Handler       system_bluenrg1.o
    0x1005bc56   0x1005bc56   0x0000000a   Code   RO         6715    i.WindowWiden1      libbluenrg1_stack.a(rom_ll_timehandling.o)
    0x1005bc60   0x1005bc60   0x00000010   Code   RO         6716    i.WindowWiden2      libbluenrg1_stack.a(rom_ll_timehandling.o)
    0x1005bc70   0x1005bc70   0x000001b0   Code   RO         6752    i.Write_Client_Data  libbluenrg1_stack.a(sdb.o)
    0x1005be20   0x1005be20   0x0000012c   Code   RO         6907    i.Write_Cmd         libbluenrg1_stack.a(att.o)
    0x1005bf4c   0x1005bf4c   0x0000013c   Code   RO         6908    i.Write_Resp        libbluenrg1_stack.a(att.o)
    0x1005c088   0x1005c088   0x000000e8   Code   RO         5953    i._BlueNRG_Stack_Initialization  libbluenrg1_stack.a(bluenrg_main_func.o)
    0x1005c170   0x1005c170   0x00000064   Code   RO         6276    i._GAP_Parse_Advertising_Report  libbluenrg1_stack.a(gap.o)
    0x1005c1d4   0x1005c1d4   0x00000020   Code   RO         7139    i.__0printf$3       mc_p.l(printf3.o)
    0x1005c1f4   0x1005c1f4   0x0000001a   Code   RO         6074    i.__ARM_common_memcpy1_6  libbluenrg1_stack.a(ll_isr.o)
    0x1005c20e   0x1005c20e   0x0000001a   Code   RO         3129    i.__ARM_common_switch8  lps22hh.o
    0x1005c228   0x1005c228   0x00000050   Code   RO         5171    i.__low_level_init  system_bluenrg1.o
    0x1005c278   0x1005c278   0x0000000e   Code   RO         7395    i.__scatterload_copy  mc_p.l(handlers.o)
    0x1005c286   0x1005c286   0x00000002   Code   RO         7396    i.__scatterload_null  mc_p.l(handlers.o)
    0x1005c288   0x1005c288   0x0000000e   Code   RO         7397    i.__scatterload_zeroinit  mc_p.l(handlers.o)
    0x1005c296   0x1005c296   0x00000002   PAD
    0x1005c298   0x1005c298   0x0000005c   Code   RO         5841    i._aci_gap_set_discoverable_param_check  libbluenrg1_stack.a(bluenrg_gap_aci.o)
    0x1005c2f4   0x1005c2f4   0x00000174   Code   RO         6277    i._gap_set_discoverable_connectable  libbluenrg1_stack.a(gap.o)
    0x1005c468   0x1005c468   0x00000026   Code   RO         5887    i._load_uuid        libbluenrg1_stack.a(bluenrg_gatt_aci.o)
    0x1005c48e   0x1005c48e   0x00000002   PAD
    0x1005c490   0x1005c490   0x000001cc   Code   RO         7146    i._printf_core      mc_p.l(printf3.o)
    0x1005c65c   0x1005c65c   0x00000058   Code   RO         5510    i.acc_gyro_data_print  chat.o
    0x1005c6b4   0x1005c6b4   0x00000002   Code   RO         6079    i.aci_att_exchange_mtu_resp_event  libbluenrg1_stack.a(aci_events.o)
    0x1005c6b6   0x1005c6b6   0x00000002   Code   RO         6080    i.aci_att_exec_write_resp_event  libbluenrg1_stack.a(aci_events.o)
    0x1005c6b8   0x1005c6b8   0x00000002   Code   RO         6081    i.aci_att_find_by_type_value_resp_event  libbluenrg1_stack.a(aci_events.o)
    0x1005c6ba   0x1005c6ba   0x00000002   Code   RO         6082    i.aci_att_find_info_resp_event  libbluenrg1_stack.a(aci_events.o)
    0x1005c6bc   0x1005c6bc   0x00000002   Code   RO         6083    i.aci_att_prepare_write_resp_event  libbluenrg1_stack.a(aci_events.o)
    0x1005c6be   0x1005c6be   0x00000002   Code   RO         6084    i.aci_att_read_blob_resp_event  libbluenrg1_stack.a(aci_events.o)
    0x1005c6c0   0x1005c6c0   0x00000002   Code   RO         6085    i.aci_att_read_by_group_type_resp_event  libbluenrg1_stack.a(aci_events.o)
    0x1005c6c2   0x1005c6c2   0x00000002   Code   RO         6086    i.aci_att_read_by_type_resp_event  libbluenrg1_stack.a(aci_events.o)
    0x1005c6c4   0x1005c6c4   0x00000002   Code   RO         6087    i.aci_att_read_multiple_resp_event  libbluenrg1_stack.a(aci_events.o)
    0x1005c6c6   0x1005c6c6   0x00000002   Code   RO         6088    i.aci_att_read_resp_event  libbluenrg1_stack.a(aci_events.o)
    0x1005c6c8   0x1005c6c8   0x00000002   Code   RO         6089    i.aci_att_write_resp_event  libbluenrg1_stack.a(aci_events.o)
    0x1005c6ca   0x1005c6ca   0x00000002   PAD
    0x1005c6cc   0x1005c6cc   0x00000028   Code   RO         6090    i.aci_event_fifo_push  libbluenrg1_stack.a(aci_events.o)
    0x1005c6f4   0x1005c6f4   0x000000bc   Code   RO         6091    i.aci_event_fifo_push_header  libbluenrg1_stack.a(aci_events.o)
    0x1005c7b0   0x1005c7b0   0x00000002   Code   RO         6092    i.aci_gap_addr_not_resolved_event  libbluenrg1_stack.a(aci_events.o)
    0x1005c7b2   0x1005c7b2   0x00000002   Code   RO         6093    i.aci_gap_authorization_req_event  libbluenrg1_stack.a(aci_events.o)
    0x1005c7b4   0x1005c7b4   0x00000054   Code   RO         6851    i.aci_gap_authorization_req_event_push  libbluenrg1_stack.a(smp_common.o)
    0x1005c808   0x1005c808   0x00000002   Code   RO         6094    i.aci_gap_bond_lost_event  libbluenrg1_stack.a(aci_events.o)
    0x1005c80a   0x1005c80a   0x00000002   Code   RO         6095    i.aci_gap_device_found_event  libbluenrg1_stack.a(aci_events.o)
    0x1005c80c   0x1005c80c   0x00000030   Code   RO         5851    i.aci_gap_init      libbluenrg1_stack.a(bluenrg_gap_aci.o)
    0x1005c83c   0x1005c83c   0x00000002   Code   RO         6096    i.aci_gap_keypress_notification_event  libbluenrg1_stack.a(aci_events.o)
    0x1005c83e   0x1005c83e   0x00000002   Code   RO         6097    i.aci_gap_limited_discoverable_event  libbluenrg1_stack.a(aci_events.o)
    0x1005c840   0x1005c840   0x00000050   Code   RO         6278    i.aci_gap_limited_discoverable_event_push  libbluenrg1_stack.a(gap.o)
    0x1005c890   0x1005c890   0x00000002   Code   RO         6098    i.aci_gap_numeric_comparison_value_event  libbluenrg1_stack.a(aci_events.o)
    0x1005c892   0x1005c892   0x00000002   Code   RO         6099    i.aci_gap_pairing_complete_event  libbluenrg1_stack.a(aci_events.o)
    0x1005c894   0x1005c894   0x0000005c   Code   RO         6852    i.aci_gap_pairing_complete_event_push  libbluenrg1_stack.a(smp_common.o)
    0x1005c8f0   0x1005c8f0   0x00000002   Code   RO         6100    i.aci_gap_pass_key_req_event  libbluenrg1_stack.a(aci_events.o)
    0x1005c8f2   0x1005c8f2   0x00000002   Code   RO         6101    i.aci_gap_proc_complete_event  libbluenrg1_stack.a(aci_events.o)
    0x1005c8f4   0x1005c8f4   0x00000074   Code   RO         6279    i.aci_gap_proc_complete_event_push  libbluenrg1_stack.a(gap.o)
    0x1005c968   0x1005c968   0x00000042   Code   RO         5863    i.aci_gap_set_discoverable  libbluenrg1_stack.a(bluenrg_gap_aci.o)
    0x1005c9aa   0x1005c9aa   0x00000002   Code   RO         6102    i.aci_gap_slave_security_initiated_event  libbluenrg1_stack.a(aci_events.o)
    0x1005c9ac   0x1005c9ac   0x0000003e   Code   RO         5894    i.aci_gatt_add_char  libbluenrg1_stack.a(bluenrg_gatt_aci.o)
    0x1005c9ea   0x1005c9ea   0x00000036   Code   RO         5896    i.aci_gatt_add_service  libbluenrg1_stack.a(bluenrg_gatt_aci.o)
    0x1005ca20   0x1005ca20   0x0000000e   Code   RO         5511    i.aci_gatt_attribute_modified_event  chat.o
    0x1005ca2e   0x1005ca2e   0x00000002   PAD
    0x1005ca30   0x1005ca30   0x00000078   Code   RO         6909    i.aci_gatt_attribute_modified_event_push  libbluenrg1_stack.a(att.o)
    0x1005caa8   0x1005caa8   0x00000002   Code   RO         6104    i.aci_gatt_disc_read_char_by_uuid_resp_event  libbluenrg1_stack.a(aci_events.o)
    0x1005caaa   0x1005caaa   0x00000002   Code   RO         6105    i.aci_gatt_error_resp_event  libbluenrg1_stack.a(aci_events.o)
    0x1005caac   0x1005caac   0x00000002   Code   RO         6106    i.aci_gatt_indication_event  libbluenrg1_stack.a(aci_events.o)
    0x1005caae   0x1005caae   0x00000002   PAD
    0x1005cab0   0x1005cab0   0x00000090   Code   RO         6398    i.aci_gatt_indication_event_push  libbluenrg1_stack.a(gatt_server.o)
    0x1005cb40   0x1005cb40   0x00000008   Code   RO         5911    i.aci_gatt_init     libbluenrg1_stack.a(bluenrg_gatt_aci.o)
    0x1005cb48   0x1005cb48   0x00000002   Code   RO         6107    i.aci_gatt_notification_event  libbluenrg1_stack.a(aci_events.o)
    0x1005cb4a   0x1005cb4a   0x00000002   PAD
    0x1005cb4c   0x1005cb4c   0x00000090   Code   RO         6399    i.aci_gatt_notification_event_push  libbluenrg1_stack.a(gatt_server.o)
    0x1005cbdc   0x1005cbdc   0x00000002   Code   RO         6108    i.aci_gatt_prepare_write_permit_req_event  libbluenrg1_stack.a(aci_events.o)
    0x1005cbde   0x1005cbde   0x00000002   Code   RO         6109    i.aci_gatt_proc_complete_event  libbluenrg1_stack.a(aci_events.o)
    0x1005cbe0   0x1005cbe0   0x00000002   Code   RO         6110    i.aci_gatt_proc_timeout_event  libbluenrg1_stack.a(aci_events.o)
    0x1005cbe2   0x1005cbe2   0x00000002   Code   RO         6111    i.aci_gatt_read_multi_permit_req_event  libbluenrg1_stack.a(aci_events.o)
    0x1005cbe4   0x1005cbe4   0x00000068   Code   RO         6910    i.aci_gatt_read_multi_permit_req_event_push  libbluenrg1_stack.a(att.o)
    0x1005cc4c   0x1005cc4c   0x00000002   Code   RO         5512    i.aci_gatt_read_permit_req_event  chat.o
    0x1005cc4e   0x1005cc4e   0x00000002   PAD
    0x1005cc50   0x1005cc50   0x00000050   Code   RO         6911    i.aci_gatt_read_permit_req_event_push  libbluenrg1_stack.a(att.o)
    0x1005cca0   0x1005cca0   0x00000002   Code   RO         6113    i.aci_gatt_server_confirmation_event  libbluenrg1_stack.a(aci_events.o)
    0x1005cca2   0x1005cca2   0x00000002   PAD
    0x1005cca4   0x1005cca4   0x00000010   Code   RO         5513    i.aci_gatt_tx_pool_available_event  chat.o
    0x1005ccb4   0x1005ccb4   0x00000014   Code   RO         5924    i.aci_gatt_update_char_value  libbluenrg1_stack.a(bluenrg_gatt_aci.o)
    0x1005ccc8   0x1005ccc8   0x00000022   Code   RO         5925    i.aci_gatt_update_char_value_ext  libbluenrg1_stack.a(bluenrg_gatt_aci.o)
    0x1005ccea   0x1005ccea   0x00000002   Code   RO         6115    i.aci_gatt_write_permit_req_event  libbluenrg1_stack.a(aci_events.o)
    0x1005ccec   0x1005ccec   0x0000006c   Code   RO         6912    i.aci_gatt_write_permit_req_event_push  libbluenrg1_stack.a(att.o)
    0x1005cd58   0x1005cd58   0x00000002   Code   RO         5514    i.aci_hal_end_of_radio_activity_event  chat.o
    0x1005cd5a   0x1005cd5a   0x00000002   Code   RO         6116    i.aci_hal_fw_error_event  libbluenrg1_stack.a(aci_events.o)
    0x1005cd5c   0x1005cd5c   0x00000002   Code   RO         6117    i.aci_hal_scan_req_report_event  libbluenrg1_stack.a(aci_events.o)
    0x1005cd5e   0x1005cd5e   0x00000008   Code   RO         5940    i.aci_hal_set_tx_power_level  libbluenrg1_stack.a(bluenrg_hal_aci.o)
    0x1005cd66   0x1005cd66   0x00000008   Code   RO         5943    i.aci_hal_write_config_data  libbluenrg1_stack.a(bluenrg_hal_aci.o)
    0x1005cd6e   0x1005cd6e   0x00000002   Code   RO         6118    i.aci_l2cap_command_reject_event  libbluenrg1_stack.a(aci_events.o)
    0x1005cd70   0x1005cd70   0x00000002   Code   RO         6119    i.aci_l2cap_connection_update_req_event  libbluenrg1_stack.a(aci_events.o)
    0x1005cd72   0x1005cd72   0x00000002   PAD
    0x1005cd74   0x1005cd74   0x00000098   Code   RO         6430    i.aci_l2cap_connection_update_req_event_push  libbluenrg1_stack.a(l2cap.o)
    0x1005ce0c   0x1005ce0c   0x00000002   Code   RO         6120    i.aci_l2cap_connection_update_resp_event  libbluenrg1_stack.a(aci_events.o)
    0x1005ce0e   0x1005ce0e   0x00000002   Code   RO         6121    i.aci_l2cap_proc_timeout_event  libbluenrg1_stack.a(aci_events.o)
    0x1005ce10   0x1005ce10   0x00000004   Code   RO         6226    i.acl_list_first    libbluenrg1_stack.a(acl_list.o)
    0x1005ce14   0x1005ce14   0x00000026   Code   RO         6227    i.acl_list_full_on_packt  libbluenrg1_stack.a(acl_list.o)
    0x1005ce3a   0x1005ce3a   0x00000010   Code   RO         6230    i.acl_list_init     libbluenrg1_stack.a(acl_list.o)
    0x1005ce4a   0x1005ce4a   0x00000026   Code   RO         6231    i.acl_list_insert_head  libbluenrg1_stack.a(acl_list.o)
    0x1005ce70   0x1005ce70   0x0000002c   Code   RO         6232    i.acl_list_insert_tail  libbluenrg1_stack.a(acl_list.o)
    0x1005ce9c   0x1005ce9c   0x0000000e   Code   RO         6233    i.acl_list_is_empty  libbluenrg1_stack.a(acl_list.o)
    0x1005ceaa   0x1005ceaa   0x00000044   Code   RO         6235    i.acl_list_remove   libbluenrg1_stack.a(acl_list.o)
    0x1005ceee   0x1005ceee   0x0000002e   Code   RO         6236    i.acl_list_remove_head  libbluenrg1_stack.a(acl_list.o)
    0x1005cf1c   0x1005cf1c   0x00000260   Code   RO         6546    i.adapt_slot        libbluenrg1_stack.a(multi_master_time.o)
    0x1005d17c   0x1005d17c   0x0000001e   Code   RO         6647    i.addr_u32_from_u8  libbluenrg1_stack.a(rom_ll_isr_routines.o)
    0x1005d19a   0x1005d19a   0x00000020   Code   RO         6684    i.addr_u32_from_u8  libbluenrg1_stack.a(rom_ll_ll_routines.o)
    0x1005d1ba   0x1005d1ba   0x00000002   PAD
    0x1005d1bc   0x1005d1bc   0x0000008c   Code   RO         6280    i.advParamsCheckAndSet  libbluenrg1_stack.a(gap.o)
    0x1005d248   0x1005d248   0x000002cc   Code   RO         6547    i.advance_slave_timing_MultiSlave  libbluenrg1_stack.a(multi_master_time.o)
    0x1005d514   0x1005d514   0x00000158   Code   RO         6731    i.advance_transmit  libbluenrg1_stack.a(routines_support.o)
    0x1005d66c   0x1005d66c   0x0000063c   Code   RO         6239    i.advance_wakeup_timer  libbluenrg1_stack.a(advance_wakeup_time.o)
    0x1005dca8   0x1005dca8   0x0000001c   Code   RO         5966    i.ble_HAL_Init      libbluenrg1_stack.a(hal.o)
    0x1005dcc4   0x1005dcc4   0x00000004   Code   RO         6649    i.cancel_connect_master_ucfg  libbluenrg1_stack.a(rom_ll_isr_routines.o)
    0x1005dcc8   0x1005dcc8   0x000001a8   Code   RO         6549    i.cancel_current_master  libbluenrg1_stack.a(multi_master_time.o)
    0x1005de70   0x1005de70   0x00000080   Code   RO         6650    i.cancel_master     libbluenrg1_stack.a(rom_ll_isr_routines.o)
    0x1005def0   0x1005def0   0x000000c4   Code   RO         6407    i.cancel_slave      libbluenrg1_stack.a(isr_routines.o)
    0x1005dfb4   0x1005dfb4   0x00000024   Code   RO         6122    i.cb_aci_att_exchange_mtu_resp_event  libbluenrg1_stack.a(aci_events.o)
    0x1005dfd8   0x1005dfd8   0x00000020   Code   RO         6123    i.cb_aci_att_exec_write_resp_event  libbluenrg1_stack.a(aci_events.o)
    0x1005dff8   0x1005dff8   0x00000024   Code   RO         6124    i.cb_aci_att_find_by_type_value_resp_event  libbluenrg1_stack.a(aci_events.o)
    0x1005e01c   0x1005e01c   0x00000028   Code   RO         6125    i.cb_aci_att_find_info_resp_event  libbluenrg1_stack.a(aci_events.o)
    0x1005e044   0x1005e044   0x0000002c   Code   RO         6126    i.cb_aci_att_prepare_write_resp_event  libbluenrg1_stack.a(aci_events.o)
    0x1005e070   0x1005e070   0x00000024   Code   RO         6127    i.cb_aci_att_read_blob_resp_event  libbluenrg1_stack.a(aci_events.o)
    0x1005e094   0x1005e094   0x00000028   Code   RO         6128    i.cb_aci_att_read_by_group_type_resp_event  libbluenrg1_stack.a(aci_events.o)
    0x1005e0bc   0x1005e0bc   0x00000028   Code   RO         6129    i.cb_aci_att_read_by_type_resp_event  libbluenrg1_stack.a(aci_events.o)
    0x1005e0e4   0x1005e0e4   0x00000024   Code   RO         6130    i.cb_aci_att_read_multiple_resp_event  libbluenrg1_stack.a(aci_events.o)
    0x1005e108   0x1005e108   0x00000024   Code   RO         6131    i.cb_aci_att_read_resp_event  libbluenrg1_stack.a(aci_events.o)
    0x1005e12c   0x1005e12c   0x00000024   Code   RO         6132    i.cb_aci_att_write_resp_event  libbluenrg1_stack.a(aci_events.o)
    0x1005e150   0x1005e150   0x00000020   Code   RO         6133    i.cb_aci_gap_addr_not_resolved_event  libbluenrg1_stack.a(aci_events.o)
    0x1005e170   0x1005e170   0x00000020   Code   RO         6134    i.cb_aci_gap_authorization_req_event  libbluenrg1_stack.a(aci_events.o)
    0x1005e190   0x1005e190   0x0000001c   Code   RO         6135    i.cb_aci_gap_bond_lost_event  libbluenrg1_stack.a(aci_events.o)
    0x1005e1ac   0x1005e1ac   0x00000020   Code   RO         6136    i.cb_aci_gap_device_found_event  libbluenrg1_stack.a(aci_events.o)
    0x1005e1cc   0x1005e1cc   0x00000024   Code   RO         6137    i.cb_aci_gap_keypress_notification_event  libbluenrg1_stack.a(aci_events.o)
    0x1005e1f0   0x1005e1f0   0x0000001c   Code   RO         6138    i.cb_aci_gap_limited_discoverable_event  libbluenrg1_stack.a(aci_events.o)
    0x1005e20c   0x1005e20c   0x00000024   Code   RO         6139    i.cb_aci_gap_numeric_comparison_value_event  libbluenrg1_stack.a(aci_events.o)
    0x1005e230   0x1005e230   0x00000024   Code   RO         6140    i.cb_aci_gap_pairing_complete_event  libbluenrg1_stack.a(aci_events.o)
    0x1005e254   0x1005e254   0x00000020   Code   RO         6141    i.cb_aci_gap_pass_key_req_event  libbluenrg1_stack.a(aci_events.o)
    0x1005e274   0x1005e274   0x00000028   Code   RO         6142    i.cb_aci_gap_proc_complete_event  libbluenrg1_stack.a(aci_events.o)
    0x1005e29c   0x1005e29c   0x0000001c   Code   RO         6143    i.cb_aci_gap_slave_security_initiated_event  libbluenrg1_stack.a(aci_events.o)
    0x1005e2b8   0x1005e2b8   0x0000002c   Code   RO         6144    i.cb_aci_gatt_attribute_modified_event  libbluenrg1_stack.a(aci_events.o)
    0x1005e2e4   0x1005e2e4   0x00000028   Code   RO         6145    i.cb_aci_gatt_disc_read_char_by_uuid_resp_event  libbluenrg1_stack.a(aci_events.o)
    0x1005e30c   0x1005e30c   0x00000028   Code   RO         6146    i.cb_aci_gatt_error_resp_event  libbluenrg1_stack.a(aci_events.o)
    0x1005e334   0x1005e334   0x00000028   Code   RO         6147    i.cb_aci_gatt_indication_event  libbluenrg1_stack.a(aci_events.o)
    0x1005e35c   0x1005e35c   0x00000028   Code   RO         6148    i.cb_aci_gatt_notification_event  libbluenrg1_stack.a(aci_events.o)
    0x1005e384   0x1005e384   0x00000016   Code   RO         6149    i.cb_aci_gatt_prepare_write_permit_req_event  libbluenrg1_stack.a(aci_events.o)
    0x1005e39a   0x1005e39a   0x00000002   PAD
    0x1005e39c   0x1005e39c   0x00000024   Code   RO         6150    i.cb_aci_gatt_proc_complete_event  libbluenrg1_stack.a(aci_events.o)
    0x1005e3c0   0x1005e3c0   0x00000020   Code   RO         6151    i.cb_aci_gatt_proc_timeout_event  libbluenrg1_stack.a(aci_events.o)
    0x1005e3e0   0x1005e3e0   0x00000010   Code   RO         6152    i.cb_aci_gatt_read_multi_permit_req_event  libbluenrg1_stack.a(aci_events.o)
    0x1005e3f0   0x1005e3f0   0x00000010   Code   RO         6153    i.cb_aci_gatt_read_permit_req_event  libbluenrg1_stack.a(aci_events.o)
    0x1005e400   0x1005e400   0x0000000a   Code   RO         6154    i.cb_aci_gatt_server_confirmation_event  libbluenrg1_stack.a(aci_events.o)
    0x1005e40a   0x1005e40a   0x0000000e   Code   RO         6155    i.cb_aci_gatt_tx_pool_available_event  libbluenrg1_stack.a(aci_events.o)
    0x1005e418   0x1005e418   0x00000012   Code   RO         6156    i.cb_aci_gatt_write_permit_req_event  libbluenrg1_stack.a(aci_events.o)
    0x1005e42a   0x1005e42a   0x00000010   Code   RO         6157    i.cb_aci_hal_fw_error_event  libbluenrg1_stack.a(aci_events.o)
    0x1005e43a   0x1005e43a   0x00000002   PAD
    0x1005e43c   0x1005e43c   0x00000024   Code   RO         6158    i.cb_aci_hal_scan_req_report_event  libbluenrg1_stack.a(aci_events.o)
    0x1005e460   0x1005e460   0x00000016   Code   RO         6159    i.cb_aci_l2cap_command_reject_event  libbluenrg1_stack.a(aci_events.o)
    0x1005e476   0x1005e476   0x00000002   PAD
    0x1005e478   0x1005e478   0x00000034   Code   RO         6160    i.cb_aci_l2cap_connection_update_req_event  libbluenrg1_stack.a(aci_events.o)
    0x1005e4ac   0x1005e4ac   0x00000024   Code   RO         6161    i.cb_aci_l2cap_connection_update_resp_event  libbluenrg1_stack.a(aci_events.o)
    0x1005e4d0   0x1005e4d0   0x00000024   Code   RO         6162    i.cb_aci_l2cap_proc_timeout_event  libbluenrg1_stack.a(aci_events.o)
    0x1005e4f4   0x1005e4f4   0x00000002   Code   RO         6163    i.cb_hci_data_buffer_overflow_event  libbluenrg1_stack.a(aci_events.o)
    0x1005e4f6   0x1005e4f6   0x00000002   PAD
    0x1005e4f8   0x1005e4f8   0x00000024   Code   RO         6164    i.cb_hci_disconnection_complete_event  libbluenrg1_stack.a(aci_events.o)
    0x1005e51c   0x1005e51c   0x00000024   Code   RO         6165    i.cb_hci_encryption_change_event  libbluenrg1_stack.a(aci_events.o)
    0x1005e540   0x1005e540   0x00000024   Code   RO         6166    i.cb_hci_encryption_key_refresh_complete_event  libbluenrg1_stack.a(aci_events.o)
    0x1005e564   0x1005e564   0x00000024   Code   RO         6167    i.cb_hci_le_advertising_report_event  libbluenrg1_stack.a(aci_events.o)
    0x1005e588   0x1005e588   0x00000044   Code   RO         6168    i.cb_hci_le_connection_complete_event  libbluenrg1_stack.a(aci_events.o)
    0x1005e5cc   0x1005e5cc   0x00000030   Code   RO         6169    i.cb_hci_le_connection_update_complete_event  libbluenrg1_stack.a(aci_events.o)
    0x1005e5fc   0x1005e5fc   0x00000030   Code   RO         6170    i.cb_hci_le_data_length_change_event  libbluenrg1_stack.a(aci_events.o)
    0x1005e62c   0x1005e62c   0x00000024   Code   RO         6171    i.cb_hci_le_direct_advertising_report_event  libbluenrg1_stack.a(aci_events.o)
    0x1005e650   0x1005e650   0x0000004c   Code   RO         6172    i.cb_hci_le_enhanced_connection_complete_event  libbluenrg1_stack.a(aci_events.o)
    0x1005e69c   0x1005e69c   0x00000028   Code   RO         6173    i.cb_hci_le_generate_dhkey_complete_event  libbluenrg1_stack.a(aci_events.o)
    0x1005e6c4   0x1005e6c4   0x00000028   Code   RO         6174    i.cb_hci_le_long_term_key_request_event  libbluenrg1_stack.a(aci_events.o)
    0x1005e6ec   0x1005e6ec   0x00000028   Code   RO         6175    i.cb_hci_le_read_local_p256_public_key_complete_event  libbluenrg1_stack.a(aci_events.o)
    0x1005e714   0x1005e714   0x0000002c   Code   RO         6176    i.cb_hci_le_read_remote_used_features_complete_event  libbluenrg1_stack.a(aci_events.o)
    0x1005e740   0x1005e740   0x0000000a   Code   RO         6177    i.cb_hci_number_of_completed_packets_event  libbluenrg1_stack.a(aci_events.o)
    0x1005e74a   0x1005e74a   0x00000002   PAD
    0x1005e74c   0x1005e74c   0x00000028   Code   RO         6178    i.cb_hci_read_remote_version_information_complete_event  libbluenrg1_stack.a(aci_events.o)
    0x1005e774   0x1005e774   0x00000016   Code   RO         6179    i.cb_hci_rx_acl_data_event  libbluenrg1_stack.a(aci_events.o)
    0x1005e78a   0x1005e78a   0x00000012   Code   RO         5967    i.char_copy         libbluenrg1_stack.a(hal.o)
    0x1005e79c   0x1005e79c   0x00000024   Code   RO         6710    i.convert_power     libbluenrg1_stack.a(rom_ll_routines_support.o)
    0x1005e7c0   0x1005e7c0   0x00000012   Code   RO         6060    i.copy_4_u32        libbluenrg1_stack.a(ll_isr.o)
    0x1005e7d2   0x1005e7d2   0x00000002   PAD
    0x1005e7d4   0x1005e7d4   0x00000084   Code   RO         6061    i.copy_tx_data_packet  libbluenrg1_stack.a(ll_isr.o)
    0x1005e858   0x1005e858   0x00000004   Code   RO         5981    i.data_length_extension_csr_ucfg  libbluenrg1_stack.a(hci.o)
    0x1005e85c   0x1005e85c   0x00000074   Code   RO         6062    i.encrypt           libbluenrg1_stack.a(ll_isr.o)
    0x1005e8d0   0x1005e8d0   0x0000006c   Code   RO         6180    i.fifoBuf_getFreeHeader  libbluenrg1_stack.a(aci_events.o)
    0x1005e93c   0x1005e93c   0x0000000a   Code   RO         6181    i.fifoCtrl_init     libbluenrg1_stack.a(aci_events.o)
    0x1005e946   0x1005e946   0x0000000c   Code   RO         1934    i.fputc             sdk_eval_com.o
    0x1005e952   0x1005e952   0x00000002   PAD
    0x1005e954   0x1005e954   0x00000014   Code   RO         6281    i.gapClearAllModeFlags  libbluenrg1_stack.a(gap.o)
    0x1005e968   0x1005e968   0x00000014   Code   RO         5647    i.getTimestamp      gatt_db.o
    0x1005e97c   0x1005e97c   0x00000014   Code   RO         6651    i.get_adv_addr      libbluenrg1_stack.a(rom_ll_isr_routines.o)
    0x1005e990   0x1005e990   0x00000048   Code   RO         6550    i.get_advertiser    libbluenrg1_stack.a(multi_master_time.o)
    0x1005e9d8   0x1005e9d8   0x0000008c   Code   RO         6551    i.get_connection_no  libbluenrg1_stack.a(multi_master_time.o)
    0x1005ea64   0x1005ea64   0x00000034   Code   RO         6552    i.get_next_free_slot  libbluenrg1_stack.a(multi_master_time.o)
    0x1005ea98   0x1005ea98   0x00000014   Code   RO         6652    i.get_scan_addr     libbluenrg1_stack.a(rom_ll_isr_routines.o)
    0x1005eaac   0x1005eaac   0x00000048   Code   RO         6553    i.get_scan_connection  libbluenrg1_stack.a(multi_master_time.o)
    0x1005eaf4   0x1005eaf4   0x00000298   Code   RO         6653    i.go_to_connect     libbluenrg1_stack.a(rom_ll_isr_routines.o)
    0x1005ed8c   0x1005ed8c   0x00000034   Code   RO         5968    i.hal_radio_activity_state_callback_check  libbluenrg1_stack.a(hal.o)
    0x1005edc0   0x1005edc0   0x0000001c   Code   RO         5969    i.hal_radio_activity_state_init  libbluenrg1_stack.a(hal.o)
    0x1005eddc   0x1005eddc   0x00000040   Code   RO         5970    i.hal_read_radio_activity_state  libbluenrg1_stack.a(hal.o)
    0x1005ee1c   0x1005ee1c   0x00000070   Code   RO         5982    i.hci_acl_Process_Q  libbluenrg1_stack.a(hci.o)
    0x1005ee8c   0x1005ee8c   0x00000050   Code   RO         5515    i.hci_disconnection_complete_event  chat.o
    0x1005eedc   0x1005eedc   0x00000002   Code   RO         6184    i.hci_encryption_change_event  libbluenrg1_stack.a(aci_events.o)
    0x1005eede   0x1005eede   0x00000002   PAD
    0x1005eee0   0x1005eee0   0x0000005c   Code   RO         6501    i.hci_encryption_change_event_push  libbluenrg1_stack.a(ll_routines_master.o)
    0x1005ef3c   0x1005ef3c   0x00000002   Code   RO         6185    i.hci_encryption_key_refresh_complete_event  libbluenrg1_stack.a(aci_events.o)
    0x1005ef3e   0x1005ef3e   0x00000002   PAD
    0x1005ef40   0x1005ef40   0x00000058   Code   RO         6502    i.hci_encryption_key_refresh_complete_event_push  libbluenrg1_stack.a(ll_routines_master.o)
    0x1005ef98   0x1005ef98   0x00000002   Code   RO         6186    i.hci_hardware_error_event  libbluenrg1_stack.a(aci_events.o)
    0x1005ef9a   0x1005ef9a   0x00000002   Code   RO         6187    i.hci_le_advertising_report_event  libbluenrg1_stack.a(aci_events.o)
    0x1005ef9c   0x1005ef9c   0x00000024   Code   RO         5516    i.hci_le_connection_complete_event  chat.o
    0x1005efc0   0x1005efc0   0x00000088   Code   RO         6504    i.hci_le_connection_complete_event_push  libbluenrg1_stack.a(ll_routines_master.o)
    0x1005f048   0x1005f048   0x00000002   Code   RO         6189    i.hci_le_connection_update_complete_event  libbluenrg1_stack.a(aci_events.o)
    0x1005f04a   0x1005f04a   0x00000002   PAD
    0x1005f04c   0x1005f04c   0x0000006c   Code   RO         6505    i.hci_le_connection_update_complete_event_push  libbluenrg1_stack.a(ll_routines_master.o)
    0x1005f0b8   0x1005f0b8   0x00000002   Code   RO         6190    i.hci_le_data_length_change_event  libbluenrg1_stack.a(aci_events.o)
    0x1005f0ba   0x1005f0ba   0x00000002   Code   RO         6191    i.hci_le_direct_advertising_report_event  libbluenrg1_stack.a(aci_events.o)
    0x1005f0bc   0x1005f0bc   0x00000002   Code   RO         6192    i.hci_le_enhanced_connection_complete_event  libbluenrg1_stack.a(aci_events.o)
    0x1005f0be   0x1005f0be   0x00000002   Code   RO         6193    i.hci_le_generate_dhkey_complete_event  libbluenrg1_stack.a(aci_events.o)
    0x1005f0c0   0x1005f0c0   0x00000002   Code   RO         6194    i.hci_le_long_term_key_request_event  libbluenrg1_stack.a(aci_events.o)
    0x1005f0c2   0x1005f0c2   0x0000000e   Code   RO         5992    i.hci_le_long_term_key_request_reply  libbluenrg1_stack.a(hci.o)
    0x1005f0d0   0x1005f0d0   0x0000000e   Code   RO         5993    i.hci_le_long_term_key_requested_negative_reply  libbluenrg1_stack.a(hci.o)
    0x1005f0de   0x1005f0de   0x00000002   Code   RO         6195    i.hci_le_read_local_p256_public_key_complete_event  libbluenrg1_stack.a(aci_events.o)
    0x1005f0e0   0x1005f0e0   0x00000002   Code   RO         6196    i.hci_le_read_remote_used_features_complete_event  libbluenrg1_stack.a(aci_events.o)
    0x1005f0e2   0x1005f0e2   0x00000016   Code   RO         6016    i.hci_le_set_scan_response_data  libbluenrg1_stack.a(hci.o)
    0x1005f0f8   0x1005f0f8   0x00000002   Code   RO         6197    i.hci_number_of_completed_packets_event  libbluenrg1_stack.a(aci_events.o)
    0x1005f0fa   0x1005f0fa   0x00000002   Code   RO         6198    i.hci_read_remote_version_information_complete_event  libbluenrg1_stack.a(aci_events.o)
    0x1005f0fc   0x1005f0fc   0x0000006c   Code   RO         6030    i.hci_rx_acl_data   libbluenrg1_stack.a(hci.o)
    0x1005f168   0x1005f168   0x00000004   Code   RO         6199    i.hci_rx_acl_data_event  libbluenrg1_stack.a(aci_events.o)
    0x1005f16c   0x1005f16c   0x00000048   Code   RO         6033    i.hci_tx_acl_data_done  libbluenrg1_stack.a(hci.o)
    0x1005f1b4   0x1005f1b4   0x00000010   Code   RO         6685    i.int32ToLe4Byte    libbluenrg1_stack.a(rom_ll_ll_routines.o)
    0x1005f1c4   0x1005f1c4   0x00000010   Code   RO         6754    i.int32ToLe4Byte    libbluenrg1_stack.a(sdb.o)
    0x1005f1d4   0x1005f1d4   0x00000010   Code   RO         6768    i.int32ToLe4Byte    libbluenrg1_stack.a(securitymgr.o)
    0x1005f1e4   0x1005f1e4   0x00000040   Code   RO         6220    i.int_cb_hci_acl_data_ind_event  libbluenrg1_stack.a(acl.o)
    0x1005f224   0x1005f224   0x00000054   Code   RO         6221    i.int_cb_hci_acl_data_tx_cmpl_event  libbluenrg1_stack.a(acl.o)
    0x1005f278   0x1005f278   0x00000026   Code   RO         6200    i.int_cb_hci_disconnection_complete_event  libbluenrg1_stack.a(aci_events.o)
    0x1005f29e   0x1005f29e   0x0000001a   Code   RO         6201    i.int_cb_hci_encryption_change_event  libbluenrg1_stack.a(aci_events.o)
    0x1005f2b8   0x1005f2b8   0x0000001a   Code   RO         6202    i.int_cb_hci_encryption_key_refresh_complete_event  libbluenrg1_stack.a(aci_events.o)
    0x1005f2d2   0x1005f2d2   0x0000001e   Code   RO         6203    i.int_cb_hci_le_advertising_report_event  libbluenrg1_stack.a(aci_events.o)
    0x1005f2f0   0x1005f2f0   0x00000026   Code   RO         6204    i.int_cb_hci_le_connection_complete_event  libbluenrg1_stack.a(aci_events.o)
    0x1005f316   0x1005f316   0x00000010   Code   RO         6205    i.int_cb_hci_le_data_length_change_event  libbluenrg1_stack.a(aci_events.o)
    0x1005f326   0x1005f326   0x0000001e   Code   RO         6206    i.int_cb_hci_le_direct_advertising_report_event  libbluenrg1_stack.a(aci_events.o)
    0x1005f344   0x1005f344   0x00000026   Code   RO         6207    i.int_cb_hci_le_enhanced_connection_complete_event  libbluenrg1_stack.a(aci_events.o)
    0x1005f36a   0x1005f36a   0x0000001a   Code   RO         6208    i.int_cb_hci_le_generate_dhkey_complete_event  libbluenrg1_stack.a(aci_events.o)
    0x1005f384   0x1005f384   0x0000000c   Code   RO         6209    i.int_cb_hci_le_long_term_key_request_event  libbluenrg1_stack.a(aci_events.o)
    0x1005f390   0x1005f390   0x0000001a   Code   RO         6210    i.int_cb_hci_le_read_local_p256_public_key_complete_event  libbluenrg1_stack.a(aci_events.o)
    0x1005f3aa   0x1005f3aa   0x0000001e   Code   RO         6885    i.is_Buffer_All_Set_To  libbluenrg1_stack.a(utils.o)
    0x1005f3c8   0x1005f3c8   0x00000034   Code   RO         6554    i.is_slave          libbluenrg1_stack.a(multi_master_time.o)
    0x1005f3fc   0x1005f3fc   0x00000020   Code   RO         6222    i.isr_Acl_Data_Indication_Queue_Full  libbluenrg1_stack.a(acl.o)
    0x1005f41c   0x1005f41c   0x00000020   Code   RO         6223    i.isr_Acl_Data_TX_Cmpl_Queue_Full  libbluenrg1_stack.a(acl.o)
    0x1005f43c   0x1005f43c   0x00000390   Code   RO         6064    i.isr_advertise_state  libbluenrg1_stack.a(ll_isr.o)
    0x1005f7cc   0x1005f7cc   0x000007d4   Code   RO         6066    i.isr_connect_slave_state  libbluenrg1_stack.a(ll_isr.o)
    0x1005ffa0   0x1005ffa0   0x00000600   Code   RO         6508    i.isr_event_handler  libbluenrg1_stack.a(ll_routines_master.o)
    0x100605a0   0x100605a0   0x00000002   Code   RO         6510    i.isr_event_handler_scan_data_ucfg  libbluenrg1_stack.a(ll_routines_master.o)
    0x100605a2   0x100605a2   0x00000002   PAD
    0x100605a4   0x100605a4   0x000001f4   Code   RO         6403    i.isr_postproc      libbluenrg1_stack.a(isr_postproc.o)
    0x10060798   0x10060798   0x00000110   Code   RO         6641    i.isr_postproc1     libbluenrg1_stack.a(rom_ll_isr_postproc.o)
    0x100608a8   0x100608a8   0x00000016   Code   RO         6642    i.isr_postproc_encrypt_data  libbluenrg1_stack.a(rom_ll_isr_postproc.o)
    0x100608be   0x100608be   0x00000002   PAD
    0x100608c0   0x100608c0   0x00000038   Code   RO         6068    i.isr_test_rx_state  libbluenrg1_stack.a(ll_isr.o)
    0x100608f8   0x100608f8   0x00000068   Code   RO         6069    i.isr_test_tx_state  libbluenrg1_stack.a(ll_isr.o)
    0x10060960   0x10060960   0x0000002c   Code   RO         6070    i.isr_unknown_state  libbluenrg1_stack.a(ll_isr.o)
    0x1006098c   0x1006098c   0x0000000a   Code   RO         6654    i.le2ByteToInt16    libbluenrg1_stack.a(rom_ll_isr_routines.o)
    0x10060996   0x10060996   0x00000016   Code   RO         6655    i.le4ByteToInt32    libbluenrg1_stack.a(rom_ll_isr_routines.o)
    0x100609ac   0x100609ac   0x00000016   Code   RO         6687    i.le4ByteToInt32    libbluenrg1_stack.a(rom_ll_ll_routines.o)
    0x100609c2   0x100609c2   0x00000030   Code   RO         2385    i.lis2mdl_operating_mode_set  lis2mdl.o
    0x100609f2   0x100609f2   0x00000018   Code   RO         2388    i.lis2mdl_read_reg  lis2mdl.o
    0x10060a0a   0x10060a0a   0x00000010   Code   RO         2399    i.lis2mdl_write_reg  lis2mdl.o
    0x10060a1a   0x10060a1a   0x00000004   Code   RO         6490    i.ll_write_supported_data_ucfg  libbluenrg1_stack.a(ll_routines.o)
    0x10060a1e   0x10060a1e   0x00000072   Code   RO         2666    i.lps22hh_data_rate_set  lps22hh.o
    0x10060a90   0x10060a90   0x00000010   Code   RO         2719    i.lps22hh_read_reg  lps22hh.o
    0x10060aa0   0x10060aa0   0x00000010   Code   RO         2731    i.lps22hh_write_reg  lps22hh.o
    0x10060ab0   0x10060ab0   0x0000000e   Code   RO         3147    i.lsm6dso_acceleration_raw_get  lsm6dso.o
    0x10060abe   0x10060abe   0x00000030   Code   RO         3155    i.lsm6dso_all_on_int1_set  lsm6dso.o
    0x10060aee   0x10060aee   0x0000000e   Code   RO         3157    i.lsm6dso_angular_rate_raw_get  lsm6dso.o
    0x10060afc   0x10060afc   0x00000030   Code   RO         3159    i.lsm6dso_auto_increment_set  lsm6dso.o
    0x10060b2c   0x10060b2c   0x00000030   Code   RO         3199    i.lsm6dso_block_data_update_set  lsm6dso.o
    0x10060b5c   0x10060b5c   0x0000000e   Code   RO         3222    i.lsm6dso_device_id_get  lsm6dso.o
    0x10060b6a   0x10060b6a   0x0000002e   Code   RO         3270    i.lsm6dso_gy_data_rate_set  lsm6dso.o
    0x10060b98   0x10060b98   0x00000030   Code   RO         3275    i.lsm6dso_gy_full_scale_set  lsm6dso.o
    0x10060bc8   0x10060bc8   0x0000002e   Code   RO         3281    i.lsm6dso_gy_power_mode_set  lsm6dso.o
    0x10060bf6   0x10060bf6   0x0000005a   Code   RO         3289    i.lsm6dso_i3c_disable_set  lsm6dso.o
    0x10060c50   0x10060c50   0x00000074   Code   RO         3291    i.lsm6dso_int_notification_set  lsm6dso.o
    0x10060cc4   0x10060cc4   0x0000002e   Code   RO         3315    i.lsm6dso_mem_bank_set  lsm6dso.o
    0x10060cf2   0x10060cf2   0x00000030   Code   RO         3340    i.lsm6dso_pin_mode_set  lsm6dso.o
    0x10060d22   0x10060d22   0x00000030   Code   RO         3342    i.lsm6dso_pin_polarity_set  lsm6dso.o
    0x10060d52   0x10060d52   0x00000010   Code   RO         3343    i.lsm6dso_read_reg  lsm6dso.o
    0x10060d62   0x10060d62   0x0000001a   Code   RO         3344    i.lsm6dso_reset_get  lsm6dso.o
    0x10060d7c   0x10060d7c   0x00000030   Code   RO         3345    i.lsm6dso_reset_set  lsm6dso.o
    0x10060dac   0x10060dac   0x00000010   Code   RO         3423    i.lsm6dso_write_reg  lsm6dso.o
    0x10060dbc   0x10060dbc   0x0000002e   Code   RO         3425    i.lsm6dso_xl_data_rate_set  lsm6dso.o
    0x10060dea   0x10060dea   0x00000030   Code   RO         3432    i.lsm6dso_xl_full_scale_set  lsm6dso.o
    0x10060e1a   0x10060e1a   0x00000042   Code   RO         3442    i.lsm6dso_xl_power_mode_set  lsm6dso.o
    0x10060e5c   0x10060e5c   0x00000020   Code   RO         6717    i.machine_time_trans  libbluenrg1_stack.a(rom_ll_timehandling.o)
    0x10060e7c   0x10060e7c   0x000000b8   Code   RO         5370    i.main              ble_chat_main.o
    0x10060f34   0x10060f34   0x000000a4   Code   RO         6523    i.mem_alloc_ctx_init  libbluenrg1_stack.a(mem_alloc.o)
    0x10060fd8   0x10060fd8   0x00000008   Code   RO         6732    i.microseconds_to_machine_time  libbluenrg1_stack.a(routines_support.o)
    0x10060fe0   0x10060fe0   0x0000001c   Code   RO         6711    i.modulo_37         libbluenrg1_stack.a(rom_ll_routines_support.o)
    0x10060ffc   0x10060ffc   0x00000060   Code   RO         5172    i.nextRF_transaction  system_bluenrg1.o
    0x1006105c   0x1006105c   0x0000001c   Code   RO         6555    i.nsar_init         libbluenrg1_stack.a(multi_master_time.o)
    0x10061078   0x10061078   0x00000020   Code   RO         6556    i.nsar_insertSlotListEntry  libbluenrg1_stack.a(multi_master_time.o)
    0x10061098   0x10061098   0x000000c4   Code   RO         6557    i.nsar_searchBestFreeSlot  libbluenrg1_stack.a(multi_master_time.o)
    0x1006115c   0x1006115c   0x00000022   Code   RO         6559    i.nsar_updateBestFreeSlot  libbluenrg1_stack.a(multi_master_time.o)
    0x1006117e   0x1006117e   0x00000002   PAD
    0x10061180   0x10061180   0x0000006c   Code   RO         6560    i.nsar_updateSlotListEntry  libbluenrg1_stack.a(multi_master_time.o)
    0x100611ec   0x100611ec   0x0000007c   Code   RO         6491    i.read_rssi         libbluenrg1_stack.a(ll_routines.o)
    0x10061268   0x10061268   0x000000b4   Code   RO         6565    i.schedule_advertise_slot  libbluenrg1_stack.a(multi_master_time.o)
    0x1006131c   0x1006131c   0x00000164   Code   RO         6755    i.sdb_delete        libbluenrg1_stack.a(sdb.o)
    0x10061480   0x10061480   0x000000c8   Code   RO         6756    i.sdb_find_client_data  libbluenrg1_stack.a(sdb.o)
    0x10061548   0x10061548   0x00000018   Code   RO         6757    i.sdb_get_gatt_db_start_address  libbluenrg1_stack.a(sdb.o)
    0x10061560   0x10061560   0x00000020   Code   RO         6758    i.sdb_invalidate_record  libbluenrg1_stack.a(sdb.o)
    0x10061580   0x10061580   0x00000024   Code   RO         6759    i.sdb_read_record   libbluenrg1_stack.a(sdb.o)
    0x100615a4   0x100615a4   0x00000010   Code   RO         6760    i.sdb_read_record_validity  libbluenrg1_stack.a(sdb.o)
    0x100615b4   0x100615b4   0x0000007c   Code   RO         6761    i.sdb_write_record  libbluenrg1_stack.a(sdb.o)
    0x10061630   0x10061630   0x00000004   Code   RO         6876    i.secure_connections_csr_ucfg  libbluenrg1_stack.a(smp_scv42_sap.o)
    0x10061634   0x10061634   0x00000100   Code   RO         6282    i.setGapAdvData     libbluenrg1_stack.a(gap.o)
    0x10061734   0x10061734   0x00000088   Code   RO         6718    i.set_freq          libbluenrg1_stack.a(rom_ll_timehandling.o)
    0x100617bc   0x100617bc   0x0000001c   Code   RO         6719    i.set_sca           libbluenrg1_stack.a(rom_ll_timehandling.o)
    0x100617d8   0x100617d8   0x00000010   Code   RO         5971    i.set_string        libbluenrg1_stack.a(hal.o)
    0x100617e8   0x100617e8   0x000001a8   Code   RO         6733    i.slave_advance     libbluenrg1_stack.a(routines_support.o)
    0x10061990   0x10061990   0x00000110   Code   RO         6770    i.sm_RepeatedAttacks_Protection  libbluenrg1_stack.a(securitymgr.o)
    0x10061aa0   0x10061aa0   0x000000ca   Code   RO         6964    i.sma_CMAC_generate_tag  libbluenrg1_stack.a(smp_algo_sap.o)
    0x10061b6a   0x10061b6a   0x00000038   Code   RO         6965    i.sma_Calculate_Hash  libbluenrg1_stack.a(smp_algo_sap.o)
    0x10061ba2   0x10061ba2   0x00000080   Code   RO         6966    i.sma_generate_subkeys  libbluenrg1_stack.a(smp_algo_sap.o)
    0x10061c22   0x10061c22   0x0000002c   Code   RO         6967    i.sma_left_shift    libbluenrg1_stack.a(smp_algo_sap.o)
    0x10061c4e   0x10061c4e   0x00000018   Code   RO         6771    i.smp_Build_AuthReq_Field  libbluenrg1_stack.a(securitymgr.o)
    0x10061c66   0x10061c66   0x00000002   PAD
    0x10061c68   0x10061c68   0x00000044   Code   RO         6772    i.smp_Build_Pairing_ReqResp_Packet  libbluenrg1_stack.a(securitymgr.o)
    0x10061cac   0x10061cac   0x0000003c   Code   RO         6773    i.smp_Check_Incoming_Pairing_Parameters  libbluenrg1_stack.a(securitymgr.o)
    0x10061ce8   0x10061ce8   0x000000b8   Code   RO         6774    i.smp_Determine_Key_Association_Method  libbluenrg1_stack.a(securitymgr.o)
    0x10061da0   0x10061da0   0x00000190   Code   RO         6775    i.smp_Execute_Actions_wrt_Current_State  libbluenrg1_stack.a(securitymgr.o)
    0x10061f30   0x10061f30   0x00000002   Code   RO         6777    i.smp_Execute_Actions_wrt_Current_State_MI_excerpt_ucfg  libbluenrg1_stack.a(securitymgr.o)
    0x10061f32   0x10061f32   0x00000002   Code   RO         6781    i.smp_Execute_Actions_wrt_Current_State_sc_excerpt_phase2as2_ucfg  libbluenrg1_stack.a(securitymgr.o)
    0x10061f34   0x10061f34   0x00000004   Code   RO         6783    i.smp_Execute_Actions_wrt_Current_State_sc_excerpt_phase_1_to_2_ucfg  libbluenrg1_stack.a(securitymgr.o)
    0x10061f38   0x10061f38   0x00000090   Code   RO         6784    i.smp_Get_Long_Term_Key  libbluenrg1_stack.a(securitymgr.o)
    0x10061fc8   0x10061fc8   0x00000088   Code   RO         6785    i.smp_Get_Pairing_Parameters_From_Peer_Packet  libbluenrg1_stack.a(securitymgr.o)
    0x10062050   0x10062050   0x00000034   Code   RO         6854    i.smp_Keys_Distribution_Complete  libbluenrg1_stack.a(smp_common.o)
    0x10062084   0x10062084   0x0000011c   Code   RO         6786    i.smp_Keys_Distribution_Send  libbluenrg1_stack.a(securitymgr.o)
    0x100621a0   0x100621a0   0x00000004   Code   RO         6789    i.smp_MI_Start_Encryption_ucfg  libbluenrg1_stack.a(securitymgr.o)
    0x100621a4   0x100621a4   0x00000004   Code   RO         6791    i.smp_Process_Rx_Packet_Exception_Cases_sc_excerpt_ucfg  libbluenrg1_stack.a(securitymgr.o)
    0x100621a8   0x100621a8   0x000000f4   Code   RO         6792    i.smp_Process_Rx_Packet_wrt_Current_State  libbluenrg1_stack.a(securitymgr.o)
    0x1006229c   0x1006229c   0x00000004   Code   RO         6794    i.smp_Process_Rx_Packet_wrt_Current_State_MI_excerpt_ucfg  libbluenrg1_stack.a(securitymgr.o)
    0x100622a0   0x100622a0   0x00000004   Code   RO         6796    i.smp_Process_Rx_Packet_wrt_Current_State_sc_excerpt_ucfg  libbluenrg1_stack.a(securitymgr.o)
    0x100622a4   0x100622a4   0x00000020   Code   RO         6797    i.smp_Reset_Timer   libbluenrg1_stack.a(securitymgr.o)
    0x100622c4   0x100622c4   0x00000174   Code   RO         6798    i.smp_SR_Compute_c1_Confirm_Value  libbluenrg1_stack.a(securitymgr.o)
    0x10062438   0x10062438   0x00000078   Code   RO         6799    i.smp_Set_Key_Association_Method  libbluenrg1_stack.a(securitymgr.o)
    0x100624b0   0x100624b0   0x00000010   Code   RO         6855    i.smp____PairingFailed_Receive  libbluenrg1_stack.a(smp_common.o)
    0x100624c0   0x100624c0   0x00000074   Code   RO         6856    i.smp____Pairing_Process_Abort  libbluenrg1_stack.a(smp_common.o)
    0x10062534   0x10062534   0x0000007c   Code   RO         6805    i.smp____SR_PairingConfirm_Receive  libbluenrg1_stack.a(securitymgr.o)
    0x100625b0   0x100625b0   0x00000130   Code   RO         6806    i.smp____SR_PairingRandom_Receive  libbluenrg1_stack.a(securitymgr.o)
    0x100626e0   0x100626e0   0x000001c0   Code   RO         6807    i.smp____SR_PairingRequest_Receive  libbluenrg1_stack.a(securitymgr.o)
    0x100628a0   0x100628a0   0x0000014c   Code   RO         6857    i.smp_add_to_sdb    libbluenrg1_stack.a(smp_common.o)
    0x100629ec   0x100629ec   0x00000040   Code   RO         6858    i.smp_find_remote_device_index  libbluenrg1_stack.a(smp_common.o)
    0x10062a2c   0x10062a2c   0x0000001e   Code   RO         6859    i.smp_get_CSRK      libbluenrg1_stack.a(smp_common.o)
    0x10062a4a   0x10062a4a   0x00000002   PAD
    0x10062a4c   0x10062a4c   0x00000040   Code   RO         6860    i.smp_get_local_identity_address  libbluenrg1_stack.a(smp_common.o)
    0x10062a8c   0x10062a8c   0x00000036   Code   RO         6862    i.smp_keys_distribution_start  libbluenrg1_stack.a(smp_common.o)
    0x10062ac2   0x10062ac2   0x000000d6   Code   RO         6863    i.smp_keys_receiving  libbluenrg1_stack.a(smp_common.o)
    0x10062b98   0x10062b98   0x0000003c   Code   RO         6864    i.smp_oob_check_is_remote_data_present  libbluenrg1_stack.a(smp_common.o)
    0x10062bd4   0x10062bd4   0x00000036   Code   RO         6866    i.smp_pairing_2octets_packet_send  libbluenrg1_stack.a(smp_common.o)
    0x10062c0a   0x10062c0a   0x00000002   PAD
    0x10062c0c   0x10062c0c   0x00000090   Code   RO         6867    i.smp_pairing_completed  libbluenrg1_stack.a(smp_common.o)
    0x10062c9c   0x10062c9c   0x0000002a   Code   RO         6868    i.smp_pairing_failed_send  libbluenrg1_stack.a(smp_common.o)
    0x10062cc6   0x10062cc6   0x00000002   Code   RO         6819    i.smp_sc_SR_PairingConfirm_Receive_sc_excerpt_ucfg  libbluenrg1_stack.a(securitymgr.o)
    0x10062cc8   0x10062cc8   0x00000002   Code   RO         6821    i.smp_sc_SR_PairingRandom_Receive_sc_excerpt_ucfg  libbluenrg1_stack.a(securitymgr.o)
    0x10062cca   0x10062cca   0x00000002   Code   RO         6823    i.smp_sc_SR_Pairing_Phase_2AS1_Start_sc_excerpt_ucfg  libbluenrg1_stack.a(securitymgr.o)
    0x10062ccc   0x10062ccc   0x00000002   Code   RO         6975    i.smp_sc_check_for_ecc_pk_generation_request_ucfg  libbluenrg1_stack.a(smp_scv42_caf.o)
    0x10062cce   0x10062cce   0x00000004   Code   RO         6977    i.smp_sc_continue_on_exclusive_sc_pairing_ucfg  libbluenrg1_stack.a(smp_scv42_caf.o)
    0x10062cd2   0x10062cd2   0x00000002   Code   RO         6878    i.smp_sc_hci_le_generate_dhkey_complete_evt_hndl_ucfg  libbluenrg1_stack.a(smp_scv42_sap.o)
    0x10062cd4   0x10062cd4   0x00000002   Code   RO         6880    i.smp_sc_hci_le_read_local_p256_public_key_complete_evt_hndl_ucfg  libbluenrg1_stack.a(smp_scv42_sap.o)
    0x10062cd6   0x10062cd6   0x00000002   Code   RO         6982    i.smp_sc_init_ucfg  libbluenrg1_stack.a(smp_scv42_caf.o)
    0x10062cd8   0x10062cd8   0x00000038   Code   RO         6983    i.smp_sc_is_any_other_sc_pairing_ongoing  libbluenrg1_stack.a(smp_scv42_caf.o)
    0x10062d10   0x10062d10   0x00000002   Code   RO         6992    i.smp_sc_update_statistics_on_pairing_complete_ucfg  libbluenrg1_stack.a(smp_scv42_caf.o)
    0x10062d12   0x10062d12   0x0000001e   Code   RO         6824    i.smp_send_packet   libbluenrg1_stack.a(securitymgr.o)
    0x10062d30   0x10062d30   0x000000bc   Code   RO         6566    i.start_timebase    libbluenrg1_stack.a(multi_master_time.o)
    0x10062dec   0x10062dec   0x00000002   Code   RO         6071    i.state_func_call_init_csr_ucfg  libbluenrg1_stack.a(ll_isr.o)
    0x10062dee   0x10062dee   0x0000001e   Code   RO         6400    i.store_data        libbluenrg1_stack.a(gatt_server.o)
    0x10062e0c   0x10062e0c   0x0000013c   Code   RO         6734    i.swap_slaves       libbluenrg1_stack.a(routines_support.o)
    0x10062f48   0x10062f48   0x0000000a   Code   RO         6567    i.swap_u16          libbluenrg1_stack.a(multi_master_time.o)
    0x10062f52   0x10062f52   0x0000000a   Code   RO         6735    i.swap_u16          libbluenrg1_stack.a(routines_support.o)
    0x10062f5c   0x10062f5c   0x0000000a   Code   RO         6736    i.swap_u32          libbluenrg1_stack.a(routines_support.o)
    0x10062f66   0x10062f66   0x0000000a   Code   RO         6737    i.swap_u8           libbluenrg1_stack.a(routines_support.o)
    0x10062f70   0x10062f70   0x00000010   Code   RO         6720    i.system_time_trans  libbluenrg1_stack.a(rom_ll_timehandling.o)
    0x10062f80   0x10062f80   0x00000030   Code   RO         6721    i.system_time_trans_ext  libbluenrg1_stack.a(rom_ll_timehandling.o)
    0x10062fb0   0x10062fb0   0x0000000e   Code   RO         6722    i.time_offset1      libbluenrg1_stack.a(rom_ll_timehandling.o)
    0x10062fbe   0x10062fbe   0x00000002   PAD
    0x10062fc0   0x10062fc0   0x00000010   Code   RO         6723    i.time_offset2      libbluenrg1_stack.a(rom_ll_timehandling.o)
    0x10062fd0   0x10062fd0   0x0000003c   Code   RO         6568    i.timebase_start_connect  libbluenrg1_stack.a(multi_master_time.o)
    0x1006300c   0x1006300c   0x0000002e   Code   RO         6656    i.unpack_channel_map  libbluenrg1_stack.a(rom_ll_isr_routines.o)
    0x1006303a   0x1006303a   0x00000048   Code   RO         6657    i.unpack_update_request  libbluenrg1_stack.a(rom_ll_isr_routines.o)
    0x10063082   0x10063082   0x00000024   Code   RO         6643    i.wait_for_aes_ready  libbluenrg1_stack.a(rom_ll_isr_postproc.o)
    0x100630a6   0x100630a6   0x00000002   PAD
    0x100630a8   0x100630a8   0x00000034   Data   RO         5371    .constdata          ble_chat_main.o
    0x100630dc   0x100630dc   0x0000001a   Data   RO         6072    .constdata          libbluenrg1_stack.a(ll_isr.o)
    0x100630f6   0x100630f6   0x00000002   PAD
    0x100630f8   0x100630f8   0x0000011c   Data   RO         6211    .constdata          libbluenrg1_stack.a(aci_events.o)
    0x10063214   0x10063214   0x00000010   Data   RO         6724    .constdata          libbluenrg1_stack.a(rom_ll_timehandling.o)
    0x10063224   0x10063224   0x00000019   Data   RO         6825    .constdata          libbluenrg1_stack.a(securitymgr.o)
    0x1006323d   0x1006323d   0x00000010   Data   RO         6913    .constdata          libbluenrg1_stack.a(att.o)
    0x1006324d   0x1006324d   0x00000040   Data   RO         7391    .constdata          mc_p.l(ctype_c.o)
    0x1006328d   0x1006328d   0x00000003   PAD
    0x10063290   0x10063290   0x00000090   Data   RO         7393    Region$$Table       anon$$obj.o


    Execution Region BLOCK_STACKLIB_FLASH_DATA (Exec base: 0x1007f000, Load base: 0x10063320, Size: 0x00000838, Max: 0x00001000, ABSOLUTE, UNINIT)

    Exec Addr    Load Addr    Size         Type   Attr      Idx    E Section Name        Object

    0x1007f000        -       0x00000800   Zero   RW         5373    .noinit.stacklib_flash_data  ble_chat_main.o
    0x1007f800        -       0x00000038   Zero   RW         5374    .noinit.stacklib_stored_device_id_data  ble_chat_main.o


    Execution Region ota_sw_activation_block (Exec base: 0x20000004, Load base: 0x10063320, Size: 0x00000004, Max: 0x00000004, ABSOLUTE, UNINIT)

    Exec Addr    Load Addr    Size         Type   Attr      Idx    E Section Name        Object

    0x20000004        -       0x00000004   Zero   RW         5183    .ota_sw_activation  system_bluenrg1.o


    Execution Region savedMSP_block (Exec base: 0x20000008, Load base: 0x10063320, Size: 0x00000004, Max: 0x00000004, ABSOLUTE)

    Exec Addr    Load Addr    Size         Type   Attr      Idx    E Section Name        Object

    0x20000008   0x10063320   0x00000004   Data   RW         5185    .savedMSP           system_bluenrg1.o


    Execution Region wakeupFromSleepFlag_block (Exec base: 0x2000000c, Load base: 0x10063324, Size: 0x00000004, Max: 0x00000004, ABSOLUTE)

    Exec Addr    Load Addr    Size         Type   Attr      Idx    E Section Name        Object

    0x2000000c   0x10063324   0x00000001   Data   RW         5186    .wakeupFromSleepFlag  system_bluenrg1.o


    Execution Region app_base_block (Exec base: 0x20000010, Load base: 0x10063328, Size: 0x00000004, Max: 0x00000004, ABSOLUTE)

    Exec Addr    Load Addr    Size         Type   Attr      Idx    E Section Name        Object

    0x20000010   0x10063328   0x00000004   Data   RW         5174    .app_base           system_bluenrg1.o


    Execution Region flash_sw_lock_block (Exec base: 0x20000014, Load base: 0x1006332c, Size: 0x00000004, Max: 0x00000004, ABSOLUTE)

    Exec Addr    Load Addr    Size         Type   Attr      Idx    E Section Name        Object

    0x20000014   0x1006332c   0x00000004   Data   RW         5181    .flash_sw_lock      system_bluenrg1.o


    Execution Region rfTimeout_block (Exec base: 0x20000018, Load base: 0x10063330, Size: 0x00000004, Max: 0x00000004, ABSOLUTE)

    Exec Addr    Load Addr    Size         Type   Attr      Idx    E Section Name        Object

    0x20000018   0x10063330   0x00000004   Data   RW         5184    .rfTimeout          system_bluenrg1.o


    Execution Region Blue_Flag_Ram_block (Exec base: 0x20000030, Load base: 0x10063334, Size: 0x00000004, Max: 0x00000004, ABSOLUTE)

    Exec Addr    Load Addr    Size         Type   Attr      Idx    E Section Name        Object

    0x20000030   0x10063334   0x00000004   Data   RW         5173    .__blueflag_RAM     system_bluenrg1.o


    Execution Region Crash_Info_block (Exec base: 0x20000034, Load base: 0x10063338, Size: 0x00000000, Max: 0x00000028, ABSOLUTE, UNINIT)

    **** No section assigned to this execution region ****


    Execution Region BLUE (Exec base: 0x200000c0, Load base: 0x10063338, Size: 0x0000020c, Max: 0x0000020c, ABSOLUTE, COMPRESSED[0x00000008])

    Exec Addr    Load Addr    Size         Type   Attr      Idx    E Section Name        Object

    0x200000c0   COMPRESSED   0x0000020c   Data   RW         5176    .bss.__blue_RAM     system_bluenrg1.o


    Execution Region REGION_RAM2 (Exec base: 0x200002cc, Load base: 0x10063340, Size: 0x000003f4, Max: 0x00005d34, ABSOLUTE)

    Exec Addr    Load Addr    Size         Type   Attr      Idx    E Section Name        Object

    0x200002cc   0x10063340   0x00000004   Data   RW           11    .data               clock.o
    0x200002d0   0x10063344   0x00000004   Data   RW          262    .data               sleep.o
    0x200002d4   0x10063348   0x00000008   Data   RW          801    .data               bluenrg1_i2c.o
    0x200002dc   0x10063350   0x0000000c   Data   RW         1936    .data               sdk_eval_com.o
    0x200002e8   0x1006335c   0x00000004   Data   RW         1937    .data               sdk_eval_com.o
    0x200002ec   0x10063360   0x00000001   Data   RW         2034    .data               sdk_eval_config.o
    0x200002ed   0x10063361   0x00000003   PAD
    0x200002f0   0x10063364   0x00000004   Data   RW         5177    .data               system_bluenrg1.o
    0x200002f4   0x10063368   0x00000004   Data   RW         5178    .data               system_bluenrg1.o
    0x200002f8   0x1006336c   0x00000004   Data   RW         5179    .data               system_bluenrg1.o
    0x200002fc   0x10063370   0x00000007   Data   RW         5180    .data               system_bluenrg1.o
    0x20000303   0x10063377   0x00000001   PAD
    0x20000304   0x10063378   0x00000002   Data   RW         5445    .data               bluenrg1_it.o
    0x20000306   0x1006337a   0x00000002   PAD
    0x20000308   0x1006337c   0x00000020   Data   RW         5525    .data               chat.o
    0x20000328   0x1006339c   0x0000000e   Data   RW         5649    .data               gatt_db.o
    0x20000336   0x100633aa   0x00000002   PAD
    0x20000338   0x100633ac   0x00000048   Data   RW         6073    .data               libbluenrg1_stack.a(ll_isr.o)
    0x20000380   0x100633f4   0x00000004   Data   RW         6525    .data               libbluenrg1_stack.a(mem_alloc.o)
    0x20000384        -       0x00000060   Zero   RW          261    .bss                sleep.o
    0x200003e4        -       0x00000020   Zero   RW         5175    .bss                system_bluenrg1.o
    0x20000404        -       0x00000254   Zero   RW         5518    .bss                chat.o
    0x20000658        -       0x00000034   Zero   RW         5648    .bss                gatt_db.o
    0x2000068c        -       0x00000034   Zero   RW         6524    .bss                libbluenrg1_stack.a(mem_alloc.o)


    Execution Region REGION_RAM3 (Exec base: 0x200006c0, Load base: 0x100633f8, Size: 0x00002290, Max: 0x00005d34, ABSOLUTE, UNINIT)

    Exec Addr    Load Addr    Size         Type   Attr      Idx    E Section Name        Object

    0x200006c0        -       0x00002290   Zero   RW         5372    .noinit.data        ble_chat_main.o


    Execution Region ARM_LIB_STACKHEAP (Exec base: 0x20005400, Load base: 0x100633f8, Size: 0x00000c00, Max: 0x00000c00, ABSOLUTE)

    Exec Addr    Load Addr    Size         Type   Attr      Idx    E Section Name        Object

    0x20005400        -       0x00000c00   Zero   RW            2    ARM_LIB_STACKHEAP.bss  anon$$obj.o


==============================================================================

Image component sizes


      Code (inc. data)   RO Data    RW Data    ZI Data      Debug   Object Name

       316         12         52          0      10952       5383   ble_chat_main.o
       116         34          0          0          0       2350   bluenrg1_flash.o
       364         12          0          0          0       5155   bluenrg1_gpio.o
       294         22          0          8          0       7192   bluenrg1_i2c.o
        74          8          0          2          0       4402   bluenrg1_it.o
        20          0          0          0          0        532   bluenrg1_pka.o
       180         20          0          0          0       1708   bluenrg1_sysctrl.o
       464         46          0          0          0       5742   bluenrg1_uart.o
      1192        120          0         32        596      56710   chat.o
       104         34          0          4          0      56675   clock.o
       160         36          0          0          0        528   context_switch.o
       876        166          0         14         52       6080   gatt_db.o
       360        170          0          0          0       8364   hts221.o
        88          0          0          0          0       6530   lis2mdl.o
       172          0          0          0          0       8277   lps22hh.o
       940          0          0          0          0      54666   lsm6dso.o
       160         16          0          0          0       7577   misc.o
       108         14          0          0          0      10254   miscutil.o
        24          0          0          0          0       1946   osal.o
        44         18          0          0          0       7002   ota_btl.o
       112          0          0          0          0       2495   sdk_eval_button.o
       254         10          0         16          0       7654   sdk_eval_com.o
        12          4          0          1          0       1380   sdk_eval_config.o
       440         30          0          0          0       3312   sdk_eval_i2c.o
       102          0          0          0          0       2927   sdk_eval_led.o
      1904        204          0          4         96      13522   sleep.o
      1024        120        192        564         36      20905   system_bluenrg1.o

    ----------------------------------------------------------------------
      9928       1096        388        656      16852     309268   Object Totals
         0          0        144          0       5120          0   (incl. Generated)
        24          0          0         11          0          0   (incl. Padding)

    ----------------------------------------------------------------------

      Code (inc. data)   RO Data    RW Data    ZI Data      Debug   Library Member Name

      3112        270        284          0          0          0   aci_events.o
       468         38          0          0          0          0   acl.o
       268          0          0          0          0          0   acl_list.o
      1596         40          0          0          0          0   advance_wakeup_time.o
      5784         66         16          0          0          0   att.o
       206         10          0          0          0          0   bluenrg_gap_aci.o
       216          0          0          0          0          0   bluenrg_gatt_aci.o
        16          0          0          0          0          0   bluenrg_hal_aci.o
      1020        102          0          0          0          0   bluenrg_main_func.o
       268         24          0          0          0          0   bluenrg_main_func_speed.o
       296         18          0          0          0          0   device_id_data.o
      1978         80          0          0          0          0   gap.o
        60          4          0          0          0          0   gatt_client.o
      7970        224          0          0          0          0   gatt_server.o
       750         42          0          0          0          0   hal.o
       496         30          0          0          0          0   hci.o
       962        124          0          0          0          0   host_timer.o
       500         32          0          0          0          0   isr_postproc.o
       344         18          0          0          0          0   isr_routines.o
      1782         62          0          0          0          0   l2cap.o
      3958        186         26         72          0          0   ll_isr.o
       452         42          0          0          0          0   ll_privacy.o
       374         26          0          0          0          0   ll_routines.o
      1964         38          0          0          0          0   ll_routines_master.o
       316         34          0          0          0          0   ll_routines_support.o
       796         20          0          4         52          0   mem_alloc.o
      1122          0          0          0          0          0   mem_buff.o
      2972        158          0          0          0          0   multi_master_time.o
        76         16          0          0          0          0   nvm.o
       690         42          0          0          0          0   pm.o
       344          0          0          0          0          0   rom_att.o
       700         36          0          0          0          0   rom_gap.o
       148         16          0          0          0          0   rom_gap_rom.o
       146          4          0          0          0          0   rom_gatt_server.o
       114          0          0          0          0          0   rom_list.o
       330          8          0          0          0          0   rom_ll_isr_postproc.o
      1168         54          0          0          0          0   rom_ll_isr_routines.o
      3032        184          0          0          0          0   rom_ll_ll_routines.o
       124         22          0          0          0          0   rom_ll_routines_support.o
       316         44         16          0          0          0   rom_ll_timehandling.o
      1278         52          0          0          0          0   routines_support.o
      2536         64          0          0          0          0   sdb.o
      3680        104         25          0          0          0   securitymgr.o
       832         26          0          0          0          0   smp_algo_sap.o
      3134         86          0          0          0          0   smp_common.o
        66          4          0          0          0          0   smp_scv42_caf.o
        40          0          0          0          0          0   smp_scv42_sap.o
        44          0          0          0          0          0   utils.o
        60         10          0          0          0         84   __0sscanf.o
        86          0          0          0          0          0   __dczerorl2.o
        30          0          0          0          0         60   _chval.o
       824         12          0          0          0         84   _scanf.o
       330          0          0          0          0         84   _scanf_int.o
        68          0          0          0          0         76   _sgetc.o
        36          4         64          0          0         60   ctype_c.o
         0          0          0          0          0          0   entry.o
         0          0          0          0          0          0   entry10a.o
         0          0          0          0          0          0   entry11a.o
         8          4          0          0          0          0   entry3.o
         4          0          0          0          0          0   entry5.o
         0          0          0          0          0          0   entry7b.o
         0          0          0          0          0          0   entry8b.o
         8          4          0          0          0          0   entry9a.o
        30          0          0          0          0          0   handlers.o
        40          0          0          0          0         72   idiv.o
        36          8          0          0          0         68   init.o
        14          0          0          0          0         68   isspace_c.o
         0          0          0          0          0          0   iusefp.o
        26          0          0          0          0         72   memcmp.o
        66          0          0          0          0         68   memmove.o
        36          0          0          0          0        100   memseta.o
       492         12          0          0          0        168   printf3.o
        44          8          0          0          0         84   scanf_char.o
        30          0          0          0          0         72   strncmp.o
        44          0          0          0          0         72   uidiv.o
        20          0          0          0          0         60   uread4.o
       124          0          0          0          0         72   fdiv.o
       130          0          0          0          0        144   fepilogue.o
        50          0          0          0          0         60   ffixi.o
        22          0          0          0          0         68   fflti.o
       122          0          0          0          0         72   fmul.o

    ----------------------------------------------------------------------
     61728       2512        436         76         52       1768   Library Totals
       104          0          5          0          0          0   (incl. Padding)

    ----------------------------------------------------------------------

      Code (inc. data)   RO Data    RW Data    ZI Data      Debug   Library Name

     58844       2450        367         76         52          0   libbluenrg1_stack.a
      2332         62         64          0          0       1352   mc_p.l
       448          0          0          0          0        416   mf_p.l

    ----------------------------------------------------------------------
     61728       2512        436         76         52       1768   Library Totals

    ----------------------------------------------------------------------

==============================================================================


      Code (inc. data)   RO Data    RW Data    ZI Data      Debug   

     71656       3608        824        732      16904     303824   Grand Totals
     71656       3608        824        216      16904     303824   ELF Image Totals (compressed)
     71656       3608        824        216          0          0   ROM Totals

==============================================================================

    Total RO  Size (Code + RO Data)                72480 (  70.78kB)
    Total RW  Size (RW Data + ZI Data)             17636 (  17.22kB)
    Total ROM Size (Code + RO Data + RW Data)      72696 (  70.99kB)

==============================================================================

