Component: ARM Compiler 5.06 update 6 (build 750) Tool: armlink [4d35ed]

==============================================================================

Section Cross References

    clock.o(i.Clock_Time) refers to clock.o(.data) for .data
    clock.o(i.Clock_Wait) refers to clock.o(.data) for .data
    clock.o(i.SysCount_Handler) refers to clock.o(.data) for .data
    context_switch.o(. text) refers to system_bluenrg1.o(.savedMSP) for savedMSP
    context_switch.o(. text) refers to system_bluenrg1.o(.data) for savedICSR
    context_switch.o(. text) refers to system_bluenrg1.o(.data) for savedSHCSR
    context_switch.o(. text) refers to system_bluenrg1.o(.data) for savedNVIC_ISPR
    gp_timer.o(i.Timer_Expired) refers to clock.o(i.Clock_Time) for Clock_Time
    gp_timer.o(i.Timer_Remaining) refers to clock.o(i.Clock_Time) for Clock_Time
    gp_timer.o(i.Timer_Restart) refers to clock.o(i.Clock_Time) for Clock_Time
    gp_timer.o(i.Timer_Set) refers to clock.o(i.Clock_Time) for Clock_Time
    miscutil.o(i.BLEPLAT_get_part_info) refers to miscutil.o(i.HAL_GetPartInfo) for HAL_GetPartInfo
    miscutil.o(i.HAL_CrashHandler) refers to uwrite4.o(.text) for __aeabi_uwrite4
    miscutil.o(i.HAL_CrashHandler) refers to miscutil.o(.__crash_RAM) for .__crash_RAM
    miscutil.o(i.HAL_GetCrashInfo) refers to memmove.o(.text) for __aeabi_memcpy
    miscutil.o(i.HAL_GetCrashInfo) refers to uwrite4.o(.text) for __aeabi_uwrite4
    miscutil.o(i.HAL_GetCrashInfo) refers to miscutil.o(.__crash_RAM) for .__crash_RAM
    osal.o(i.Osal_MemCmp) refers to memcmp.o(.text) for memcmp
    osal.o(i.Osal_MemCpy) refers to memmove.o(.text) for memcpy
    osal.o(i.Osal_MemSet) refers to memseta.o(.text) for memset
    sleep.o(i.BlueNRG_InternalSleep) refers to miscutil.o(i.HAL_GetPartInfo) for HAL_GetPartInfo
    sleep.o(i.BlueNRG_InternalSleep) refers to system_bluenrg1.o(i.SET_BORconfigStatus) for SET_BORconfigStatus
    sleep.o(i.BlueNRG_InternalSleep) refers to misc.o(i.SystemSleepCmd) for SystemSleepCmd
    sleep.o(i.BlueNRG_InternalSleep) refers to context_switch.o(. text) for CS_contextSave
    sleep.o(i.BlueNRG_InternalSleep) refers to system_bluenrg1.o(.intvec) for __vector_table
    sleep.o(i.BlueNRG_InternalSleep) refers to sleep.o(.data) for .data
    sleep.o(i.BlueNRG_InternalSleep) refers to sleep.o(.bss) for .bss
    sleep.o(i.BlueNRG_InternalSleep) refers to system_bluenrg1.o(.flash_sw_lock) for flash_sw_lock
    sleep.o(i.BlueNRG_InternalSleep) refers to system_bluenrg1.o(.rfTimeout) for rfTimeout
    sleep.o(i.BlueNRG_InternalSleep) refers to system_bluenrg1.o(.wakeupFromSleepFlag) for wakeupFromSleepFlag
    sleep.o(i.BlueNRG_InternalSleep) refers to system_bluenrg1.o(i.DeviceConfiguration) for DeviceConfiguration
    sleep.o(i.BlueNRG_InternalSleep) refers to system_bluenrg1.o(.data) for savedNVIC_ISPR
    sleep.o(i.BlueNRG_InternalSleep) refers to system_bluenrg1.o(.data) for savedSHCSR
    sleep.o(i.BlueNRG_InternalSleep) refers to system_bluenrg1.o(.data) for savedICSR
    sleep.o(i.BlueNRG_Sleep) refers to bluenrg_main_func_speed.o(i.BlueNRG_Stack_Perform_Deep_Sleep_Check) for BlueNRG_Stack_Perform_Deep_Sleep_Check
    sleep.o(i.BlueNRG_Sleep) refers to sleep.o(i.App_SleepMode_Check) for App_SleepMode_Check
    sleep.o(i.BlueNRG_Sleep) refers to sleep.o(i.BlueNRG_InternalSleep) for BlueNRG_InternalSleep
    sleep.o(i.BlueNRG_Sleep) refers to system_bluenrg1.o(.wakeupFromSleepFlag) for wakeupFromSleepFlag
    sleep.o(i.BlueNRG_Sleep) refers to sleep.o(.bss) for .bss
    bluenrg1_adc.o(i.ADC_ConvertBatterySensor) refers to bluenrg1_adc.o(i.ADC_ConvertSingleEndedVoltage) for ADC_ConvertSingleEndedVoltage
    bluenrg1_adc.o(i.ADC_ConvertBatterySensor) refers to fmul.o(.text) for __aeabi_fmul
    bluenrg1_adc.o(i.ADC_ConvertDifferentialVoltage) refers to ffltui.o(.text) for __aeabi_ui2f
    bluenrg1_adc.o(i.ADC_ConvertDifferentialVoltage) refers to fflti.o(.text) for __aeabi_i2f
    bluenrg1_adc.o(i.ADC_ConvertDifferentialVoltage) refers to fdiv.o(.text) for __aeabi_fdiv
    bluenrg1_adc.o(i.ADC_ConvertDifferentialVoltage) refers to fadd.o(.text) for __aeabi_fadd
    bluenrg1_adc.o(i.ADC_ConvertDifferentialVoltage) refers to fmul.o(.text) for __aeabi_fmul
    bluenrg1_adc.o(i.ADC_ConvertSingleEndedVoltage) refers to fflti.o(.text) for __aeabi_i2f
    bluenrg1_adc.o(i.ADC_ConvertSingleEndedVoltage) refers to ffltui.o(.text) for __aeabi_ui2f
    bluenrg1_adc.o(i.ADC_ConvertSingleEndedVoltage) refers to fadd.o(.text) for __aeabi_fadd
    bluenrg1_adc.o(i.ADC_ConvertSingleEndedVoltage) refers to f2d.o(.text) for __aeabi_f2d
    bluenrg1_adc.o(i.ADC_ConvertSingleEndedVoltage) refers to fdiv.o(.text) for __aeabi_fdiv
    bluenrg1_adc.o(i.ADC_ConvertSingleEndedVoltage) refers to fmul.o(.text) for __aeabi_fmul
    bluenrg1_adc.o(i.ADC_ConvertSingleEndedVoltage) refers to dadd.o(.text) for __aeabi_drsub
    bluenrg1_adc.o(i.ADC_ConvertSingleEndedVoltage) refers to dmul.o(.text) for __aeabi_dmul
[...]
    0x10056792   0x10056792   0x00000004   Code   RO          770    i.I2C_ClearITPendingBit  bluenrg1_i2c.o
    0x10056796   0x10056796   0x00000004   Code   RO          776    i.I2C_FillTxFIFO    bluenrg1_i2c.o
    0x1005679a   0x1005679a   0x0000000a   Code   RO          778    i.I2C_FlushTx       bluenrg1_i2c.o
    0x100567a4   0x100567a4   0x0000000a   Code   RO          782    i.I2C_GetITStatus   bluenrg1_i2c.o
    0x100567ae   0x100567ae   0x00000008   Code   RO          783    i.I2C_GetStatus     bluenrg1_i2c.o
    0x100567b6   0x100567b6   0x00000002   PAD
    0x100567b8   0x100567b8   0x000000bc   Code   RO          785    i.I2C_Init          bluenrg1_i2c.o
    0x10056874   0x10056874   0x00000004   Code   RO          786    i.I2C_ReceiveData   bluenrg1_i2c.o
    0x10056878   0x10056878   0x00000014   Code   RO          792    i.I2C_StructInit    bluenrg1_i2c.o
    0x1005688c   0x1005688c   0x0000000e   Code   RO          794    i.I2C_WaitFlushTx   bluenrg1_i2c.o
    0x1005689a   0x1005689a   0x00000002   PAD
    0x1005689c   0x1005689c   0x00000128   Code   RO         6751    i.IDD_Initialize_Device_IDs  libbluenrg1_stack.a(device_id_data.o)
    0x100569c4   0x100569c4   0x00000044   Code   RO         6223    i.Ind_Service_Change_Charac  libbluenrg1_stack.a(gatt_server.o)
    0x10056a08   0x10056a08   0x00000088   Code   RO         5496    i.Init_Accelerometer_Gyroscope  chat.o
    0x10056a90   0x10056a90   0x00000018   Code   RO         6491    i.Is_Address_Initialized  libbluenrg1_stack.a(rom_ll_ll_routines.o)
    0x10056aa8   0x10056aa8   0x00000010   Code   RO         6403    i.Is_Flash_Write_On_Going  libbluenrg1_stack.a(nvm.o)
    0x10056ab8   0x10056ab8   0x0000007c   Code   RO         6242    i.L2C_Build_Command_Reject_Pdu  libbluenrg1_stack.a(l2cap.o)
    0x10056b34   0x10056b34   0x00000024   Code   RO         6245    i.L2C_Connection_Complete_Handler  libbluenrg1_stack.a(l2cap.o)
    0x10056b58   0x10056b58   0x0000002a   Code   RO         6246    i.L2C_Connection_Complete_Signal_Handler  libbluenrg1_stack.a(l2cap.o)
    0x10056b82   0x10056b82   0x00000002   PAD
    0x10056b84   0x10056b84   0x00000034   Code   RO         6247    i.L2C_Get_Connection_Info  libbluenrg1_stack.a(l2cap.o)
    0x10056bb8   0x10056bb8   0x00000030   Code   RO         6248    i.L2C_Get_Connection_Info_Index  libbluenrg1_stack.a(l2cap.o)
    0x10056be8   0x10056be8   0x0000000e   Code   RO         6249    i.L2C_Get_PDU_Len   libbluenrg1_stack.a(l2cap.o)
    0x10056bf6   0x10056bf6   0x00000002   PAD
    0x10056bf8   0x10056bf8   0x00000058   Code   RO         6250    i.L2C_Init          libbluenrg1_stack.a(l2cap.o)
    0x10056c50   0x10056c50   0x00000058   Code   RO         6251    i.L2C_Mux_Acl_Packet  libbluenrg1_stack.a(l2cap.o)
    0x10056ca8   0x10056ca8   0x000000a6   Code   RO         6252    i.L2C_Rcv_Data      libbluenrg1_stack.a(l2cap.o)
    0x10056d4e   0x10056d4e   0x0000001e   Code   RO         6253    i.L2C_Rcv_Event_Handler  libbluenrg1_stack.a(l2cap.o)
    0x10056d6c   0x10056d6c   0x00000052   Code   RO         6254    i.L2C_Rcv_Event_Handler_ISR  libbluenrg1_stack.a(l2cap.o)
    0x10056dbe   0x10056dbe   0x00000002   PAD
    0x10056dc0   0x10056dc0   0x0000007c   Code   RO         6255    i.L2C_Reset_To_Closed_State  libbluenrg1_stack.a(l2cap.o)
    0x10056e3c   0x10056e3c   0x0000004c   Code   RO         6256    i.L2C_Send_Data     libbluenrg1_stack.a(l2cap.o)
    0x10056e88   0x10056e88   0x00000060   Code   RO         6257    i.L2C_SigChan_Req_TimeOut_Handler  libbluenrg1_stack.a(l2cap.o)
    0x10056ee8   0x10056ee8   0x000001b4   Code   RO         6258    i.L2C_Signal_Channel_Handler  libbluenrg1_stack.a(l2cap.o)
    0x1005709c   0x1005709c   0x00000024   Code   RO         6259    i.L2C_Signal_Channel_Handler_ISR  libbluenrg1_stack.a(l2cap.o)
    0x100570c0   0x100570c0   0x0000005c   Code   RO         6260    i.L2C_discard_corrupted_acl_packet  libbluenrg1_stack.a(l2cap.o)
    0x1005711c   0x1005711c   0x00000042   Code   RO         6492    i.LL_Allow_Address_Setting  libbluenrg1_stack.a(rom_ll_ll_routines.o)
    0x1005715e   0x1005715e   0x00000002   PAD
    0x10057160   0x10057160   0x000001f0   Code   RO         6493    i.LL_Check_And_Set_Addresses  libbluenrg1_stack.a(rom_ll_ll_routines.o)
    0x10057350   0x10057350   0x00000004   Code   RO         6306    i.LL_Data_Length_Change_Event_ucfg  libbluenrg1_stack.a(ll_routines.o)
    0x10057354   0x10057354   0x0000025c   Code   RO         6494    i.LL_Enable_Disable_Adv  libbluenrg1_stack.a(rom_ll_ll_routines.o)
    0x100575b0   0x100575b0   0x000000a0   Code   RO         6346    i.LL_Encrypt_Plain_Data_ucfg  libbluenrg1_stack.a(ll_routines_support.o)
    0x10057650   0x10057650   0x00000030   Code   RO         6495    i.LL_Get_Address    libbluenrg1_stack.a(rom_ll_ll_routines.o)
    0x10057680   0x10057680   0x00000040   Code   RO         6496    i.LL_Get_AdvAddress  libbluenrg1_stack.a(rom_ll_ll_routines.o)
    0x100576c0   0x100576c0   0x00000018   Code   RO         6532    i.LL_Get_Adv_Tx_Power_Level  libbluenrg1_stack.a(rom_ll_routines_support.o)
    0x100576d8   0x100576d8   0x00000040   Code   RO         6499    i.LL_Get_ScanAddress  libbluenrg1_stack.a(rom_ll_ll_routines.o)
    0x10057718   0x10057718   0x00000184   Code   RO         6501    i.LL_Init           libbluenrg1_stack.a(rom_ll_ll_routines.o)
    0x1005789c   0x1005789c   0x00000028   Code   RO         6267    i.LL_LE_Clear_White_List  libbluenrg1_stack.a(ll_privacy.o)
    0x100578c4   0x100578c4   0x00000050   Code   RO         6503    i.LL_Send_ACL_Data  libbluenrg1_stack.a(rom_ll_ll_routines.o)
    0x10057914   0x10057914   0x000000a4   Code   RO         6313    i.LL_Send_Disconnection_Req  libbluenrg1_stack.a(ll_routines.o)
    0x100579b8   0x100579b8   0x00000004   Code   RO         6316    i.LL_Send_Length_Resp_ucfg  libbluenrg1_stack.a(ll_routines.o)
    0x100579bc   0x100579bc   0x00000078   Code   RO         6505    i.LL_Set_Adv_Data   libbluenrg1_stack.a(rom_ll_ll_routines.o)
    0x10057a34   0x10057a34   0x000000d0   Code   RO         6506    i.LL_Set_Adv_PDU_Format  libbluenrg1_stack.a(rom_ll_ll_routines.o)
    0x10057b04   0x10057b04   0x0000014c   Code   RO         6507    i.LL_Set_Adv_Params  libbluenrg1_stack.a(rom_ll_ll_routines.o)
    0x10057c50   0x10057c50   0x00000088   Code   RO         6508    i.LL_Set_Advertising_Buffers  libbluenrg1_stack.a(rom_ll_ll_routines.o)
    0x10057cd8   0x10057cd8   0x00000038   Code   RO         6509    i.LL_Set_DirectAddress  libbluenrg1_stack.a(rom_ll_ll_routines.o)
    0x10057d10   0x10057d10   0x0000009c   Code   RO         6347    i.LL_Set_LTK        libbluenrg1_stack.a(ll_routines_support.o)
    0x10057dac   0x10057dac   0x00000024   Code   RO         6510    i.LL_Set_OwnAddress  libbluenrg1_stack.a(rom_ll_ll_routines.o)
    0x10057dd0   0x10057dd0   0x0000005c   Code   RO         6511    i.LL_Set_Scan_Resp_Data  libbluenrg1_stack.a(rom_ll_ll_routines.o)
    0x10057e2c   0x10057e2c   0x00000058   Code   RO         6748    i.LL_Sleep_Req      libbluenrg1_stack.a(bluenrg_main_func_speed.o)
    0x10057e84   0x10057e84   0x0000004c   Code   RO         6512    i.LL_Update_Advertising_Buffers  libbluenrg1_stack.a(rom_ll_ll_routines.o)
    0x10057ed0   0x10057ed0   0x00000048   Code   RO         6513    i.LL_Update_Scanning_Initiating_Buffers  libbluenrg1_stack.a(rom_ll_ll_routines.o)
    0x10057f18   0x10057f18   0x00000094   Code   RO         6237    i.LL_receive_data   libbluenrg1_stack.a(isr_routines.o)
    0x10057fac   0x10057fac   0x00000098   Code   RO         6477    i.LL_update_proc    libbluenrg1_stack.a(rom_ll_isr_routines.o)
    0x10058044   0x10058044   0x00000014   Code   RO         6463    i.List_Circular_Get_Size  libbluenrg1_stack.a(rom_list.o)
    0x10058058   0x10058058   0x0000000e   Code   RO         6466    i.List_Circular_Insert_Tail  libbluenrg1_stack.a(rom_list.o)
    0x10058066   0x10058066   0x00000016   Code   RO         6467    i.List_Circular_Node_Present  libbluenrg1_stack.a(rom_list.o)
    0x1005807c   0x1005807c   0x0000001a   Code   RO         6468    i.List_Circular_Remove_Head  libbluenrg1_stack.a(rom_list.o)
    0x10058096   0x10058096   0x00000020   Code   RO         6469    i.List_Circular_Remove_Node  libbluenrg1_stack.a(rom_list.o)
    0x100580b6   0x100580b6   0x00000002   Code   RO         5145    i.MFT1A_Handler     system_bluenrg1.o
    0x100580b8   0x100580b8   0x00000002   Code   RO         5146    i.MFT1B_Handler     system_bluenrg1.o
    0x100580ba   0x100580ba   0x00000002   Code   RO         5147    i.MFT2A_Handler     system_bluenrg1.o
    0x100580bc   0x100580bc   0x00000002   Code   RO         5148    i.MFT2B_Handler     system_bluenrg1.o
    0x100580be   0x100580be   0x00000002   PAD
    0x100580c0   0x100580c0   0x000000b8   Code   RO         5497    i.Make_Connection   chat.o
    0x10058178   0x10058178   0x00000012   Code   RO         6359    i.Mem_Buff_Append   libbluenrg1_stack.a(mem_buff.o)
    0x1005818a   0x1005818a   0x00000048   Code   RO         6360    i.Mem_Buff_Block_Copy  libbluenrg1_stack.a(mem_buff.o)
    0x100581d2   0x100581d2   0x00000056   Code   RO         6361    i.Mem_Buff_Block_Write  libbluenrg1_stack.a(mem_buff.o)
    0x10058228   0x10058228   0x00000032   Code   RO         6362    i.Mem_Buff_Clone    libbluenrg1_stack.a(mem_buff.o)
    0x1005825a   0x1005825a   0x00000078   Code   RO         6363    i.Mem_Buff_Cmp      libbluenrg1_stack.a(mem_buff.o)
    0x100582d2   0x100582d2   0x000000ba   Code   RO         6364    i.Mem_Buff_Compact  libbluenrg1_stack.a(mem_buff.o)
    0x1005838c   0x1005838c   0x0000002e   Code   RO         6365    i.Mem_Buff_Get      libbluenrg1_stack.a(mem_buff.o)
    0x100583ba   0x100583ba   0x00000014   Code   RO         6366    i.Mem_Buff_Get_Chain_Count  libbluenrg1_stack.a(mem_buff.o)
    0x100583ce   0x100583ce   0x00000014   Code   RO         6367    i.Mem_Buff_Get_Chain_Size  libbluenrg1_stack.a(mem_buff.o)
    0x100583e2   0x100583e2   0x0000006a   Code   RO         6368    i.Mem_Buff_Init     libbluenrg1_stack.a(mem_buff.o)
    0x1005844c   0x1005844c   0x00000062   Code   RO         6369    i.Mem_Buff_Read     libbluenrg1_stack.a(mem_buff.o)
    0x100584ae   0x100584ae   0x00000036   Code   RO         6370    i.Mem_Buff_Release  libbluenrg1_stack.a(mem_buff.o)
    0x100584e4   0x100584e4   0x0000008e   Code   RO         6371    i.Mem_Buff_Resize   libbluenrg1_stack.a(mem_buff.o)
    0x10058572   0x10058572   0x00000068   Code   RO         6372    i.Mem_Buff_Write    libbluenrg1_stack.a(mem_buff.o)
    0x100585da   0x100585da   0x00000016   Code   RO         6353    i.Mem_assign        libbluenrg1_stack.a(mem_alloc.o)
    0x100585f0   0x100585f0   0x00000002   Code   RO         5433    i.NMI_Handler       bluenrg1_it.o
    0x100585f2   0x100585f2   0x00000002   PAD
    0x100585f4   0x100585f4   0x00000088   Code   RO         1738    i.NVIC_Init         misc.o
    0x1005867c   0x1005867c   0x00000044   Code   RO         5150    i.NVIC_SetPriority  system_bluenrg1.o
    0x100586c0   0x100586c0   0x00000018   Code   RO         1774    i.NVIC_SystemReset  ota_btl.o
    0x100586d8   0x100586d8   0x00000002   Code   RO         5151    i.NVM_Handler       system_bluenrg1.o
    0x100586da   0x100586da   0x00000002   PAD
    0x100586dc   0x100586dc   0x00000014   Code   RO         1778    i.OTA_Jump_To_Service_Manager_Application  ota_btl.o
    0x100586f0   0x100586f0   0x00000008   Code   RO          221    i.Osal_MemCmp       osal.o
    0x100586f8   0x100586f8   0x00000008   Code   RO          222    i.Osal_MemCpy       osal.o
    0x10058700   0x10058700   0x00000008   Code   RO          223    i.Osal_MemSet       osal.o
    0x10058708   0x10058708   0x00000002   Code   RO         5152    i.PKA_Handler       system_bluenrg1.o
    0x1005870a   0x1005870a   0x00000002   Code   RO         5809    i.PKA_Offline_Processing_ucfg  libbluenrg1_stack.a(hci.o)
    0x1005870c   0x1005870c   0x00000014   Code   RO         1071    i.PKA_Reset         bluenrg1_pka.o
    0x10058720   0x10058720   0x00000050   Code   RO         6413    i.PM_Check_And_Set  libbluenrg1_stack.a(pm.o)
    0x10058770   0x10058770   0x00000022   Code   RO         6414    i.PM_Clone_Pckt     libbluenrg1_stack.a(pm.o)
    0x10058792   0x10058792   0x00000002   PAD
    0x10058794   0x10058794   0x00000054   Code   RO         6415    i.PM_Compact        libbluenrg1_stack.a(pm.o)
    0x100587e8   0x100587e8   0x00000012   Code   RO         6416    i.PM_Copy_Pckt_Data  libbluenrg1_stack.a(pm.o)
    0x100587fa   0x100587fa   0x00000002   PAD
    0x100587fc   0x100587fc   0x00000018   Code   RO         6417    i.PM_Eng_Config     libbluenrg1_stack.a(pm.o)
    0x10058814   0x10058814   0x0000000c   Code   RO         6418    i.PM_Extract_Pdu_MBuff  libbluenrg1_stack.a(pm.o)
    0x10058820   0x10058820   0x0000003c   Code   RO         6419    i.PM_Get_Available_Buffer  libbluenrg1_stack.a(pm.o)
    0x1005885c   0x1005885c   0x0000000a   Code   RO         6421    i.PM_Get_Mem_Buff_Count  libbluenrg1_stack.a(pm.o)
    0x10058866   0x10058866   0x00000002   PAD
    0x10058868   0x10058868   0x00000044   Code   RO         6422    i.PM_Get_Pckt       libbluenrg1_stack.a(pm.o)
    0x100588ac   0x100588ac   0x00000068   Code   RO         6423    i.PM_Init           libbluenrg1_stack.a(pm.o)
    0x10058914   0x10058914   0x0000000a   Code   RO         6424    i.PM_Pckt_Cmp       libbluenrg1_stack.a(pm.o)
    0x1005891e   0x1005891e   0x00000002   PAD
    0x10058920   0x10058920   0x0000003c   Code   RO         6425    i.PM_Release_Acl_Pckt  libbluenrg1_stack.a(pm.o)
    0x1005895c   0x1005895c   0x0000006c   Code   RO         6426    i.PM_Resize_Pckt_Pdu_Size  libbluenrg1_stack.a(pm.o)
    0x100589c8   0x100589c8   0x00000012   Code   RO         6428    i.PM_Write_Pckt_Data  libbluenrg1_stack.a(pm.o)
    0x100589da   0x100589da   0x00000002   PAD
    0x100589dc   0x100589dc   0x00000084   Code   RO         6279    i.PRIVWHIT_u8SearchAddrInList  libbluenrg1_stack.a(ll_privacy.o)
    0x10058a60   0x10058a60   0x000000b4   Code   RO         6280    i.PRIVWHIT_vInit_Struct  libbluenrg1_stack.a(ll_privacy.o)
    0x10058b14   0x10058b14   0x00000058   Code   RO         6283    i.PRIV_SearchAddrInWhiteList  libbluenrg1_stack.a(ll_privacy.o)
    0x10058b6c   0x10058b6c   0x00000004   Code   RO         5810    i.PRIV_controller_privacy_csr_ucfg  libbluenrg1_stack.a(hci.o)
    0x10058b70   0x10058b70   0x00000004   Code   RO         6285    i.PRIV_u32ProcessAdvPacket_ucfg  libbluenrg1_stack.a(ll_privacy.o)
    0x10058b74   0x10058b74   0x00000004   Code   RO         6287    i.PRIV_u8OfflineProcessing_ucfg  libbluenrg1_stack.a(ll_privacy.o)
    0x10058b78   0x10058b78   0x00000002   Code   RO         6291    i.PRIV_vGeneratePrivateAddress_ucfg  libbluenrg1_stack.a(ll_privacy.o)
    0x10058b7a   0x10058b7a   0x00000002   Code   RO         6295    i.PRIV_vGenerate_hci_le_enhanced_connection_complete_event_ucfg  libbluenrg1_stack.a(ll_privacy.o)
    0x10058b7c   0x10058b7c   0x00000002   Code   RO         5153    i.PendSV_Handler    system_bluenrg1.o
    0x10058b7e   0x10058b7e   0x0000000e   Code   RO         6224    i.Pm_Resize_Host_Acl_Pckt  libbluenrg1_stack.a(gatt_server.o)
    0x10058b8c   0x10058b8c   0x0000000e   Code   RO         6731    i.Pm_Resize_Host_Acl_Pckt  libbluenrg1_stack.a(att.o)
    0x10058b9a   0x10058b9a   0x00000002   PAD
    0x10058b9c   0x10058b9c   0x00000178   Code   RO         6732    i.Prepare_Write_Resp  libbluenrg1_stack.a(att.o)
    0x10058d14   0x10058d14   0x000000a0   Code   RO         5498    i.Process_InputData  chat.o
    0x10058db4   0x10058db4   0x000001fc   Code   RO         6225    i.Process_Peer_Client_Data  libbluenrg1_stack.a(gatt_server.o)
    0x10058fb0   0x10058fb0   0x00000194   Code   RO         6226    i.Process_Peer_Server_Data  libbluenrg1_stack.a(gatt_server.o)
    0x10059144   0x10059144   0x0000021c   Code   RO         5890    i.RAL_Isr           libbluenrg1_stack.a(ll_isr.o)
    0x10059360   0x10059360   0x00000020   Code   RO         5154    i.RESET_HANDLER     system_bluenrg1.o
    0x10059380   0x10059380   0x00000002   Code   RO         5155    i.RTC_Handler       system_bluenrg1.o
    0x10059382   0x10059382   0x00000140   Code   RO         6733    i.Read_Blob_Resp    libbluenrg1_stack.a(att.o)
    0x100594c2   0x100594c2   0x00000002   PAD
    0x100594c4   0x100594c4   0x000001e4   Code   RO         6734    i.Read_By_Grp_Type_Resp  libbluenrg1_stack.a(att.o)
    0x100596a8   0x100596a8   0x000002d0   Code   RO         6735    i.Read_By_Type_Resp  libbluenrg1_stack.a(att.o)
    0x10059978   0x10059978   0x00000194   Code   RO         6736    i.Read_Multi_Resp   libbluenrg1_stack.a(att.o)
    0x10059b0c   0x10059b0c   0x0000012a   Code   RO         6737    i.Read_Resp         libbluenrg1_stack.a(att.o)
    0x10059c36   0x10059c36   0x00000002   Code   RO         6330    i.Reclassify_All_Channels_ucfg  libbluenrg1_stack.a(ll_routines_master.o)
    0x10059c38   0x10059c38   0x00000184   Code   RO         6572    i.SDB_Add_Record    libbluenrg1_stack.a(sdb.o)
    0x10059dbc   0x10059dbc   0x000000a0   Code   RO         6574    i.SDB_Find_Matching_LTK  libbluenrg1_stack.a(sdb.o)
    0x10059e5c   0x10059e5c   0x000000c4   Code   RO         6575    i.SDB_Find_Record   libbluenrg1_stack.a(sdb.o)
    0x10059f20   0x10059f20   0x00000044   Code   RO         6577    i.SDB_Get_Number_Of_Valid_Records  libbluenrg1_stack.a(sdb.o)
    0x10059f64   0x10059f64   0x000000bc   Code   RO         6578    i.SDB_flash_write_client_data  libbluenrg1_stack.a(sdb.o)
    0x1005a020   0x1005a020   0x000000e2   Code   RO         6579    i.SDB_get_security_data_record  libbluenrg1_stack.a(sdb.o)
    0x1005a102   0x1005a102   0x0000003c   Code   RO         6580    i.SDB_read_peer_bonded_data  libbluenrg1_stack.a(sdb.o)
    0x1005a13e   0x1005a13e   0x00000002   PAD
    0x1005a140   0x1005a140   0x0000003c   Code   RO         5156    i.SET_BORconfigStatus  system_bluenrg1.o
    0x1005a17c   0x1005a17c   0x0000002e   Code   RO         6784    i.SMA_Diversify     libbluenrg1_stack.a(smp_algo_sap.o)
    0x1005a1aa   0x1005a1aa   0x00000002   PAD
    0x1005a1ac   0x1005a1ac   0x00000028   Code   RO         6785    i.SMA_Generate_CSRK  libbluenrg1_stack.a(smp_algo_sap.o)
    0x1005a1d4   0x1005a1d4   0x00000028   Code   RO         6786    i.SMA_Generate_IRK  libbluenrg1_stack.a(smp_algo_sap.o)
    0x1005a1fc   0x1005a1fc   0x00000028   Code   RO         6787    i.SMA_LP_s1_Generate_STK  libbluenrg1_stack.a(smp_algo_sap.o)
    0x1005a224   0x1005a224   0x0000007c   Code   RO         6792    i.SMA_generate_EDIV_recovery_DIV  libbluenrg1_stack.a(smp_algo_sap.o)
    0x1005a2a0   0x1005a2a0   0x00000048   Code   RO         6664    i.SMP_Check_Is_Device_Bonded  libbluenrg1_stack.a(smp_common.o)
    0x1005a2e8   0x1005a2e8   0x0000001c   Code   RO         6665    i.SMP_Forget_Device_by_ConnHandle  libbluenrg1_stack.a(smp_common.o)
    0x1005a304   0x1005a304   0x00000074   Code   RO         6667    i.SMP_Init          libbluenrg1_stack.a(smp_common.o)
    0x1005a378   0x1005a378   0x00000184   Code   RO         6596    i.SMP_Process_Q     libbluenrg1_stack.a(securitymgr.o)
    0x1005a4fc   0x1005a4fc   0x00000074   Code   RO         6668    i.SMP_Repeated_Attacks_Timer_cb  libbluenrg1_stack.a(smp_common.o)
    0x1005a570   0x1005a570   0x00000078   Code   RO         6672    i.SMP_Timer_cb      libbluenrg1_stack.a(smp_common.o)
    0x1005a5e8   0x1005a5e8   0x0000007a   Code   RO         6673    i.SMP_Validate_Signed_Packet  libbluenrg1_stack.a(smp_common.o)
    0x1005a662   0x1005a662   0x00000020   Code   RO         6706    i.SMP_sc_force_debug_key_usage  libbluenrg1_stack.a(smp_scv42_sap.o)
    0x1005a682   0x1005a682   0x00000020   Code   RO         6675    i.SM_Check_Encryption_KeySize  libbluenrg1_stack.a(smp_common.o)
    0x1005a6a2   0x1005a6a2   0x00000002   PAD
    0x1005a6a4   0x1005a6a4   0x00000080   Code   RO         6676    i.SM_Connection_Complete_Handler  libbluenrg1_stack.a(smp_common.o)
    0x1005a724   0x1005a724   0x0000004e   Code   RO         6793    i.SM_Generate_Resolvable_Private_Address  libbluenrg1_stack.a(smp_algo_sap.o)
    0x1005a772   0x1005a772   0x0000002e   Code   RO         6677    i.SM_Get_Link_Status  libbluenrg1_stack.a(smp_common.o)
    0x1005a7a0   0x1005a7a0   0x00000048   Code   RO         6678    i.SM_Get_Remote_Device_Info  libbluenrg1_stack.a(smp_common.o)
    0x1005a7e8   0x1005a7e8   0x00000114   Code   RO         6679    i.SM_L2CAP_Encryption_changed_Handler_ISR  libbluenrg1_stack.a(smp_common.o)
    0x1005a8fc   0x1005a8fc   0x000000f4   Code   RO         6680    i.SM_L2CAP_Handler  libbluenrg1_stack.a(smp_common.o)
    0x1005a9f0   0x1005a9f0   0x00000158   Code   RO         6681    i.SM_L2CAP_Handler_ISR  libbluenrg1_stack.a(smp_common.o)
    0x1005ab48   0x1005ab48   0x00000022   Code   RO         6794    i.SM_Resolve_Private_Address  libbluenrg1_stack.a(smp_algo_sap.o)
    0x1005ab6a   0x1005ab6a   0x00000002   Code   RO         5157    i.SPI_Handler       system_bluenrg1.o
    0x1005ab6c   0x1005ab6c   0x00000002   Code   RO         5434    i.SVC_Handler       bluenrg1_it.o
    0x1005ab6e   0x1005ab6e   0x00000002   PAD
    0x1005ab70   0x1005ab70   0x0000001c   Code   RO         1916    i.SdkEvalComIOConfig  sdk_eval_com.o
    0x1005ab8c   0x1005ab8c   0x00000010   Code   RO         1918    i.SdkEvalComIOReceiveData  sdk_eval_com.o
    0x1005ab9c   0x1005ab9c   0x00000008   Code   RO         1919    i.SdkEvalComIOSendData  sdk_eval_com.o
    0x1005aba4   0x1005aba4   0x0000002a   Code   RO         1921    i.SdkEvalComIOUartIrqHandler  sdk_eval_com.o
    0x1005abce   0x1005abce   0x0000005e   Code   RO         1923    i.SdkEvalComUartInit  sdk_eval_com.o
    0x1005ac2c   0x1005ac2c   0x00000020   Code   RO         1924    i.SdkEvalComUartIrqConfig  sdk_eval_com.o
    0x1005ac4c   0x1005ac4c   0x00000064   Code   RO         5028    i.SdkEvalI2CInit    sdk_eval_i2c.o
    0x1005acb0   0x1005acb0   0x000000cc   Code   RO         5029    i.SdkEvalI2CRead    sdk_eval_i2c.o
    0x1005ad7c   0x1005ad7c   0x00000088   Code   RO         5031    i.SdkEvalI2CWrite   sdk_eval_i2c.o
    0x1005ae04   0x1005ae04   0x0000000c   Code   RO         2027    i.SdkEvalIdentification  sdk_eval_config.o
    0x1005ae10   0x1005ae10   0x00000030   Code   RO         2056    i.SdkEvalLedInit    sdk_eval_led.o
    0x1005ae40   0x1005ae40   0x0000000e   Code   RO         2057    i.SdkEvalLedOff     sdk_eval_led.o
    0x1005ae4e   0x1005ae4e   0x0000000e   Code   RO         2058    i.SdkEvalLedOn      sdk_eval_led.o
    0x1005ae5c   0x1005ae5c   0x00000028   Code   RO         5081    i.SdkEvalPushButtonInit  sdk_eval_button.o
    0x1005ae84   0x1005ae84   0x00000042   Code   RO         5082    i.SdkEvalPushButtonIrq  sdk_eval_button.o
    0x1005aec6   0x1005aec6   0x00000016   Code   RO         1925    i.SdkEvalUart_Send_Data  sdk_eval_com.o
    0x1005aedc   0x1005aedc   0x00000050   Code   RO         6227    i.Select_Next_Notification_Client  libbluenrg1_stack.a(gatt_server.o)
    0x1005af2c   0x1005af2c   0x0000004c   Code   RO         6228    i.Send_Notif_Or_Ind  libbluenrg1_stack.a(gatt_server.o)
    0x1005af78   0x1005af78   0x000000c8   Code   RO         5500    i.Sensor_DeviceInit  chat.o
    0x1005b040   0x1005b040   0x00000050   Code   RO         5876    i.Set_Host_Timer_value  libbluenrg1_stack.a(host_timer.o)
    0x1005b090   0x1005b090   0x00000048   Code   RO         5159    i.Set_RF_FrontEnd   system_bluenrg1.o
    0x1005b0d8   0x1005b0d8   0x00000024   Code   RO         6459    i.Start_Gatt_Timer  libbluenrg1_stack.a(rom_gatt_server.o)
    0x1005b0fc   0x1005b0fc   0x0000001c   Code   RO         6460    i.Stop_Gatt_Timer   libbluenrg1_stack.a(rom_gatt_server.o)
    0x1005b118   0x1005b118   0x00000010   Code   RO            8    i.SysCount_Handler  clock.o
    0x1005b128   0x1005b128   0x0000009c   Code   RO         1448    i.SysCtrl_GetWakeupResetReason  bluenrg1_sysctrl.o
    0x1005b1c4   0x1005b1c4   0x00000018   Code   RO         1449    i.SysCtrl_PeripheralClockCmd  bluenrg1_sysctrl.o
    0x1005b1dc   0x1005b1dc   0x00000008   Code   RO         5435    i.SysTick_Handler   bluenrg1_it.o
    0x1005b1e4   0x1005b1e4   0x000000b8   Code   RO         5161    i.SystemInit        system_bluenrg1.o
    0x1005b29c   0x1005b29c   0x0000007c   Code   RO         5877    i.TimerCallback     libbluenrg1_stack.a(host_timer.o)
    0x1005b318   0x1005b318   0x00000014   Code   RO         5878    i.Timer_ExpiryCallback  libbluenrg1_stack.a(host_timer.o)
    0x1005b32c   0x1005b32c   0x00000038   Code   RO         5879    i.Timer_Init        libbluenrg1_stack.a(host_timer.o)
    0x1005b364   0x1005b364   0x0000011c   Code   RO         5880    i.Timer_ProcessQ    libbluenrg1_stack.a(host_timer.o)
    0x1005b480   0x1005b480   0x00000022   Code   RO         5881    i.Timer_StartOneShot  libbluenrg1_stack.a(host_timer.o)
    0x1005b4a2   0x1005b4a2   0x00000002   PAD
    0x1005b4a4   0x1005b4a4   0x00000078   Code   RO         5882    i.Timer_StartOneShot_sysTime32  libbluenrg1_stack.a(host_timer.o)
    0x1005b51c   0x1005b51c   0x00000058   Code   RO         5883    i.Timer_StopOneShot  libbluenrg1_stack.a(host_timer.o)
    0x1005b574   0x1005b574   0x00000024   Code   RO         5885    i.Timer_sysTime32_convMachineTime  libbluenrg1_stack.a(host_timer.o)
    0x1005b598   0x1005b598   0x0000001c   Code   RO         1494    i.UART_Cmd          bluenrg1_uart.o
    0x1005b5b4   0x1005b5b4   0x0000001c   Code   RO         1497    i.UART_GetFlagStatus  bluenrg1_uart.o
    0x1005b5d0   0x1005b5d0   0x00000014   Code   RO         1498    i.UART_GetITStatus  bluenrg1_uart.o
    0x1005b5e4   0x1005b5e4   0x00000008   Code   RO         5436    i.UART_Handler      bluenrg1_it.o
    0x1005b5ec   0x1005b5ec   0x00000018   Code   RO         1499    i.UART_ITConfig     bluenrg1_uart.o
    0x1005b604   0x1005b604   0x00000138   Code   RO         1500    i.UART_Init         bluenrg1_uart.o
    0x1005b73c   0x1005b73c   0x0000000c   Code   RO         1503    i.UART_ReceiveData  bluenrg1_uart.o
    0x1005b748   0x1005b748   0x00000018   Code   RO         1505    i.UART_RxFifoIrqLevelConfig  bluenrg1_uart.o
    0x1005b760   0x1005b760   0x00000010   Code   RO         1507    i.UART_SendData     bluenrg1_uart.o
    0x1005b770   0x1005b770   0x00000002   Code   RO         5163    i.WDG_Handler       system_bluenrg1.o
    0x1005b772   0x1005b772   0x0000000a   Code   RO         6546    i.WindowWiden1      libbluenrg1_stack.a(rom_ll_timehandling.o)
    0x1005b77c   0x1005b77c   0x00000010   Code   RO         6547    i.WindowWiden2      libbluenrg1_stack.a(rom_ll_timehandling.o)
    0x1005b78c   0x1005b78c   0x000001b0   Code   RO         6583    i.Write_Client_Data  libbluenrg1_stack.a(sdb.o)
    0x1005b93c   0x1005b93c   0x0000012c   Code   RO         6738    i.Write_Cmd         libbluenrg1_stack.a(att.o)
    0x1005ba68   0x1005ba68   0x0000013c   Code   RO         6739    i.Write_Resp        libbluenrg1_stack.a(att.o)
    0x1005bba4   0x1005bba4   0x000000e8   Code   RO         5784    i._BlueNRG_Stack_Initialization  libbluenrg1_stack.a(bluenrg_main_func.o)
    0x1005bc8c   0x1005bc8c   0x00000064   Code   RO         6107    i._GAP_Parse_Advertising_Report  libbluenrg1_stack.a(gap.o)
    0x1005bcf0   0x1005bcf0   0x00000020   Code   RO         7114    i.__0printf         mc_p.l(printfa.o)
    0x1005bd10   0x1005bd10   0x0000002e   Code   RO         7195    i.__ARM_clz         mf_p.l(depilogue.o)
    0x1005bd3e   0x1005bd3e   0x0000001a   Code   RO         5905    i.__ARM_common_memcpy1_6  libbluenrg1_stack.a(ll_isr.o)
    0x1005bd58   0x1005bd58   0x0000001a   Code   RO         3123    i.__ARM_common_switch8  lps22hh.o
    0x1005bd72   0x1005bd72   0x00000002   PAD
    0x1005bd74   0x1005bd74   0x00000050   Code   RO         5165    i.__low_level_init  system_bluenrg1.o
    0x1005bdc4   0x1005bdc4   0x0000000e   Code   RO         7209    i.__scatterload_copy  mc_p.l(handlers.o)
    0x1005bdd2   0x1005bdd2   0x00000002   Code   RO         7210    i.__scatterload_null  mc_p.l(handlers.o)
    0x1005bdd4   0x1005bdd4   0x0000000e   Code   RO         7211    i.__scatterload_zeroinit  mc_p.l(handlers.o)
    0x1005bde2   0x1005bde2   0x00000002   PAD
    0x1005bde4   0x1005bde4   0x0000005c   Code   RO         5672    i._aci_gap_set_discoverable_param_check  libbluenrg1_stack.a(bluenrg_gap_aci.o)
    0x1005be40   0x1005be40   0x00000174   Code   RO         7121    i._fp_digits        mc_p.l(printfa.o)
    0x1005bfb4   0x1005bfb4   0x00000174   Code   RO         6108    i._gap_set_discoverable_connectable  libbluenrg1_stack.a(gap.o)
    0x1005c128   0x1005c128   0x00000026   Code   RO         5718    i._load_uuid        libbluenrg1_stack.a(bluenrg_gatt_aci.o)
    0x1005c14e   0x1005c14e   0x00000002   PAD
    0x1005c150   0x1005c150   0x000006ec   Code   RO         7122    i._printf_core      mc_p.l(printfa.o)
    0x1005c83c   0x1005c83c   0x00000020   Code   RO         7123    i._printf_post_padding  mc_p.l(printfa.o)
    0x1005c85c   0x1005c85c   0x0000002c   Code   RO         7124    i._printf_pre_padding  mc_p.l(printfa.o)
    0x1005c888   0x1005c888   0x0000021c   Code   RO         5501    i.acc_gyro_data_print  chat.o
    0x1005caa4   0x1005caa4   0x00000002   Code   RO         5910    i.aci_att_exchange_mtu_resp_event  libbluenrg1_stack.a(aci_events.o)
    0x1005caa6   0x1005caa6   0x00000002   Code   RO         5911    i.aci_att_exec_write_resp_event  libbluenrg1_stack.a(aci_events.o)
    0x1005caa8   0x1005caa8   0x00000002   Code   RO         5912    i.aci_att_find_by_type_value_resp_event  libbluenrg1_stack.a(aci_events.o)
    0x1005caaa   0x1005caaa   0x00000002   Code   RO         5913    i.aci_att_find_info_resp_event  libbluenrg1_stack.a(aci_events.o)
    0x1005caac   0x1005caac   0x00000002   Code   RO         5914    i.aci_att_prepare_write_resp_event  libbluenrg1_stack.a(aci_events.o)
    0x1005caae   0x1005caae   0x00000002   Code   RO         5915    i.aci_att_read_blob_resp_event  libbluenrg1_stack.a(aci_events.o)
    0x1005cab0   0x1005cab0   0x00000002   Code   RO         5916    i.aci_att_read_by_group_type_resp_event  libbluenrg1_stack.a(aci_events.o)
    0x1005cab2   0x1005cab2   0x00000002   Code   RO         5917    i.aci_att_read_by_type_resp_event  libbluenrg1_stack.a(aci_events.o)
    0x1005cab4   0x1005cab4   0x00000002   Code   RO         5918    i.aci_att_read_multiple_resp_event  libbluenrg1_stack.a(aci_events.o)
    0x1005cab6   0x1005cab6   0x00000002   Code   RO         5919    i.aci_att_read_resp_event  libbluenrg1_stack.a(aci_events.o)
    0x1005cab8   0x1005cab8   0x00000002   Code   RO         5920    i.aci_att_write_resp_event  libbluenrg1_stack.a(aci_events.o)
    0x1005caba   0x1005caba   0x00000002   PAD
    0x1005cabc   0x1005cabc   0x00000028   Code   RO         5921    i.aci_event_fifo_push  libbluenrg1_stack.a(aci_events.o)
    0x1005cae4   0x1005cae4   0x000000bc   Code   RO         5922    i.aci_event_fifo_push_header  libbluenrg1_stack.a(aci_events.o)
    0x1005cba0   0x1005cba0   0x00000002   Code   RO         5923    i.aci_gap_addr_not_resolved_event  libbluenrg1_stack.a(aci_events.o)
    0x1005cba2   0x1005cba2   0x00000002   Code   RO         5924    i.aci_gap_authorization_req_event  libbluenrg1_stack.a(aci_events.o)
    0x1005cba4   0x1005cba4   0x00000054   Code   RO         6682    i.aci_gap_authorization_req_event_push  libbluenrg1_stack.a(smp_common.o)
    0x1005cbf8   0x1005cbf8   0x00000002   Code   RO         5925    i.aci_gap_bond_lost_event  libbluenrg1_stack.a(aci_events.o)
    0x1005cbfa   0x1005cbfa   0x00000002   Code   RO         5926    i.aci_gap_device_found_event  libbluenrg1_stack.a(aci_events.o)
    0x1005cbfc   0x1005cbfc   0x00000030   Code   RO         5682    i.aci_gap_init      libbluenrg1_stack.a(bluenrg_gap_aci.o)
    0x1005cc2c   0x1005cc2c   0x00000002   Code   RO         5927    i.aci_gap_keypress_notification_event  libbluenrg1_stack.a(aci_events.o)
    0x1005cc2e   0x1005cc2e   0x00000002   Code   RO         5928    i.aci_gap_limited_discoverable_event  libbluenrg1_stack.a(aci_events.o)
    0x1005cc30   0x1005cc30   0x00000050   Code   RO         6109    i.aci_gap_limited_discoverable_event_push  libbluenrg1_stack.a(gap.o)
    0x1005cc80   0x1005cc80   0x00000002   Code   RO         5929    i.aci_gap_numeric_comparison_value_event  libbluenrg1_stack.a(aci_events.o)
    0x1005cc82   0x1005cc82   0x00000002   Code   RO         5930    i.aci_gap_pairing_complete_event  libbluenrg1_stack.a(aci_events.o)
    0x1005cc84   0x1005cc84   0x0000005c   Code   RO         6683    i.aci_gap_pairing_complete_event_push  libbluenrg1_stack.a(smp_common.o)
    0x1005cce0   0x1005cce0   0x00000002   Code   RO         5931    i.aci_gap_pass_key_req_event  libbluenrg1_stack.a(aci_events.o)
    0x1005cce2   0x1005cce2   0x00000002   Code   RO         5932    i.aci_gap_proc_complete_event  libbluenrg1_stack.a(aci_events.o)
    0x1005cce4   0x1005cce4   0x00000074   Code   RO         6110    i.aci_gap_proc_complete_event_push  libbluenrg1_stack.a(gap.o)
    0x1005cd58   0x1005cd58   0x00000042   Code   RO         5694    i.aci_gap_set_discoverable  libbluenrg1_stack.a(bluenrg_gap_aci.o)
    0x1005cd9a   0x1005cd9a   0x00000002   Code   RO         5933    i.aci_gap_slave_security_initiated_event  libbluenrg1_stack.a(aci_events.o)
    0x1005cd9c   0x1005cd9c   0x0000003e   Code   RO         5725    i.aci_gatt_add_char  libbluenrg1_stack.a(bluenrg_gatt_aci.o)
    0x1005cdda   0x1005cdda   0x00000036   Code   RO         5727    i.aci_gatt_add_service  libbluenrg1_stack.a(bluenrg_gatt_aci.o)
    0x1005ce10   0x1005ce10   0x00000034   Code   RO         5502    i.aci_gatt_attribute_modified_event  chat.o
    0x1005ce44   0x1005ce44   0x00000078   Code   RO         6740    i.aci_gatt_attribute_modified_event_push  libbluenrg1_stack.a(att.o)
    0x1005cebc   0x1005cebc   0x00000002   Code   RO         5935    i.aci_gatt_disc_read_char_by_uuid_resp_event  libbluenrg1_stack.a(aci_events.o)
    0x1005cebe   0x1005cebe   0x00000002   Code   RO         5936    i.aci_gatt_error_resp_event  libbluenrg1_stack.a(aci_events.o)
    0x1005cec0   0x1005cec0   0x00000002   Code   RO         5937    i.aci_gatt_indication_event  libbluenrg1_stack.a(aci_events.o)
    0x1005cec2   0x1005cec2   0x00000002   PAD
    0x1005cec4   0x1005cec4   0x00000090   Code   RO         6229    i.aci_gatt_indication_event_push  libbluenrg1_stack.a(gatt_server.o)
    0x1005cf54   0x1005cf54   0x00000008   Code   RO         5742    i.aci_gatt_init     libbluenrg1_stack.a(bluenrg_gatt_aci.o)
    0x1005cf5c   0x1005cf5c   0x00000002   Code   RO         5938    i.aci_gatt_notification_event  libbluenrg1_stack.a(aci_events.o)
    0x1005cf5e   0x1005cf5e   0x00000002   PAD
    0x1005cf60   0x1005cf60   0x00000090   Code   RO         6230    i.aci_gatt_notification_event_push  libbluenrg1_stack.a(gatt_server.o)
    0x1005cff0   0x1005cff0   0x00000002   Code   RO         5939    i.aci_gatt_prepare_write_permit_req_event  libbluenrg1_stack.a(aci_events.o)
    0x1005cff2   0x1005cff2   0x00000002   Code   RO         5940    i.aci_gatt_proc_complete_event  libbluenrg1_stack.a(aci_events.o)
    0x1005cff4   0x1005cff4   0x00000002   Code   RO         5941    i.aci_gatt_proc_timeout_event  libbluenrg1_stack.a(aci_events.o)
    0x1005cff6   0x1005cff6   0x00000002   Code   RO         5942    i.aci_gatt_read_multi_permit_req_event  libbluenrg1_stack.a(aci_events.o)
    0x1005cff8   0x1005cff8   0x00000068   Code   RO         6741    i.aci_gatt_read_multi_permit_req_event_push  libbluenrg1_stack.a(att.o)
    0x1005d060   0x1005d060   0x00000002   Code   RO         5503    i.aci_gatt_read_permit_req_event  chat.o
    0x1005d062   0x1005d062   0x00000002   PAD
    0x1005d064   0x1005d064   0x00000050   Code   RO         6742    i.aci_gatt_read_permit_req_event_push  libbluenrg1_stack.a(att.o)
    0x1005d0b4   0x1005d0b4   0x00000002   Code   RO         5944    i.aci_gatt_server_confirmation_event  libbluenrg1_stack.a(aci_events.o)
    0x1005d0b6   0x1005d0b6   0x00000002   PAD
    0x1005d0b8   0x1005d0b8   0x00000010   Code   RO         5504    i.aci_gatt_tx_pool_available_event  chat.o
    0x1005d0c8   0x1005d0c8   0x00000014   Code   RO         5755    i.aci_gatt_update_char_value  libbluenrg1_stack.a(bluenrg_gatt_aci.o)
    0x1005d0dc   0x1005d0dc   0x00000022   Code   RO         5756    i.aci_gatt_update_char_value_ext  libbluenrg1_stack.a(bluenrg_gatt_aci.o)
    0x1005d0fe   0x1005d0fe   0x00000002   Code   RO         5946    i.aci_gatt_write_permit_req_event  libbluenrg1_stack.a(aci_events.o)
    0x1005d100   0x1005d100   0x0000006c   Code   RO         6743    i.aci_gatt_write_permit_req_event_push  libbluenrg1_stack.a(att.o)
    0x1005d16c   0x1005d16c   0x00000002   Code   RO         5505    i.aci_hal_end_of_radio_activity_event  chat.o
    0x1005d16e   0x1005d16e   0x00000002   Code   RO         5947    i.aci_hal_fw_error_event  libbluenrg1_stack.a(aci_events.o)
    0x1005d170   0x1005d170   0x00000002   Code   RO         5948    i.aci_hal_scan_req_report_event  libbluenrg1_stack.a(aci_events.o)
    0x1005d172   0x1005d172   0x00000008   Code   RO         5771    i.aci_hal_set_tx_power_level  libbluenrg1_stack.a(bluenrg_hal_aci.o)
    0x1005d17a   0x1005d17a   0x00000008   Code   RO         5774    i.aci_hal_write_config_data  libbluenrg1_stack.a(bluenrg_hal_aci.o)
    0x1005d182   0x1005d182   0x00000002   Code   RO         5949    i.aci_l2cap_command_reject_event  libbluenrg1_stack.a(aci_events.o)
    0x1005d184   0x1005d184   0x00000002   Code   RO         5950    i.aci_l2cap_connection_update_req_event  libbluenrg1_stack.a(aci_events.o)
    0x1005d186   0x1005d186   0x00000002   PAD
    0x1005d188   0x1005d188   0x00000098   Code   RO         6261    i.aci_l2cap_connection_update_req_event_push  libbluenrg1_stack.a(l2cap.o)
    0x1005d220   0x1005d220   0x00000002   Code   RO         5951    i.aci_l2cap_connection_update_resp_event  libbluenrg1_stack.a(aci_events.o)
    0x1005d222   0x1005d222   0x00000002   Code   RO         5952    i.aci_l2cap_proc_timeout_event  libbluenrg1_stack.a(aci_events.o)
    0x1005d224   0x1005d224   0x00000004   Code   RO         6057    i.acl_list_first    libbluenrg1_stack.a(acl_list.o)
    0x1005d228   0x1005d228   0x00000026   Code   RO         6058    i.acl_list_full_on_packt  libbluenrg1_stack.a(acl_list.o)
    0x1005d24e   0x1005d24e   0x00000010   Code   RO         6061    i.acl_list_init     libbluenrg1_stack.a(acl_list.o)
    0x1005d25e   0x1005d25e   0x00000026   Code   RO         6062    i.acl_list_insert_head  libbluenrg1_stack.a(acl_list.o)
    0x1005d284   0x1005d284   0x0000002c   Code   RO         6063    i.acl_list_insert_tail  libbluenrg1_stack.a(acl_list.o)
    0x1005d2b0   0x1005d2b0   0x0000000e   Code   RO         6064    i.acl_list_is_empty  libbluenrg1_stack.a(acl_list.o)
    0x1005d2be   0x1005d2be   0x00000044   Code   RO         6066    i.acl_list_remove   libbluenrg1_stack.a(acl_list.o)
    0x1005d302   0x1005d302   0x0000002e   Code   RO         6067    i.acl_list_remove_head  libbluenrg1_stack.a(acl_list.o)
    0x1005d330   0x1005d330   0x00000260   Code   RO         6377    i.adapt_slot        libbluenrg1_stack.a(multi_master_time.o)
    0x1005d590   0x1005d590   0x0000001e   Code   RO         6478    i.addr_u32_from_u8  libbluenrg1_stack.a(rom_ll_isr_routines.o)
    0x1005d5ae   0x1005d5ae   0x00000020   Code   RO         6515    i.addr_u32_from_u8  libbluenrg1_stack.a(rom_ll_ll_routines.o)
    0x1005d5ce   0x1005d5ce   0x00000002   PAD
    0x1005d5d0   0x1005d5d0   0x0000008c   Code   RO         6111    i.advParamsCheckAndSet  libbluenrg1_stack.a(gap.o)
    0x1005d65c   0x1005d65c   0x000002cc   Code   RO         6378    i.advance_slave_timing_MultiSlave  libbluenrg1_stack.a(multi_master_time.o)
    0x1005d928   0x1005d928   0x00000158   Code   RO         6562    i.advance_transmit  libbluenrg1_stack.a(routines_support.o)
    0x1005da80   0x1005da80   0x0000063c   Code   RO         6070    i.advance_wakeup_timer  libbluenrg1_stack.a(advance_wakeup_time.o)
    0x1005e0bc   0x1005e0bc   0x0000001c   Code   RO         5797    i.ble_HAL_Init      libbluenrg1_stack.a(hal.o)
    0x1005e0d8   0x1005e0d8   0x00000004   Code   RO         6480    i.cancel_connect_master_ucfg  libbluenrg1_stack.a(rom_ll_isr_routines.o)
    0x1005e0dc   0x1005e0dc   0x000001a8   Code   RO         6380    i.cancel_current_master  libbluenrg1_stack.a(multi_master_time.o)
    0x1005e284   0x1005e284   0x00000080   Code   RO         6481    i.cancel_master     libbluenrg1_stack.a(rom_ll_isr_routines.o)
    0x1005e304   0x1005e304   0x000000c4   Code   RO         6238    i.cancel_slave      libbluenrg1_stack.a(isr_routines.o)
    0x1005e3c8   0x1005e3c8   0x00000024   Code   RO         5953    i.cb_aci_att_exchange_mtu_resp_event  libbluenrg1_stack.a(aci_events.o)
    0x1005e3ec   0x1005e3ec   0x00000020   Code   RO         5954    i.cb_aci_att_exec_write_resp_event  libbluenrg1_stack.a(aci_events.o)
    0x1005e40c   0x1005e40c   0x00000024   Code   RO         5955    i.cb_aci_att_find_by_type_value_resp_event  libbluenrg1_stack.a(aci_events.o)
    0x1005e430   0x1005e430   0x00000028   Code   RO         5956    i.cb_aci_att_find_info_resp_event  libbluenrg1_stack.a(aci_events.o)
    0x1005e458   0x1005e458   0x0000002c   Code   RO         5957    i.cb_aci_att_prepare_write_resp_event  libbluenrg1_stack.a(aci_events.o)
    0x1005e484   0x1005e484   0x00000024   Code   RO         5958    i.cb_aci_att_read_blob_resp_event  libbluenrg1_stack.a(aci_events.o)
    0x1005e4a8   0x1005e4a8   0x00000028   Code   RO         5959    i.cb_aci_att_read_by_group_type_resp_event  libbluenrg1_stack.a(aci_events.o)
    0x1005e4d0   0x1005e4d0   0x00000028   Code   RO         5960    i.cb_aci_att_read_by_type_resp_event  libbluenrg1_stack.a(aci_events.o)
    0x1005e4f8   0x1005e4f8   0x00000024   Code   RO         5961    i.cb_aci_att_read_multiple_resp_event  libbluenrg1_stack.a(aci_events.o)
    0x1005e51c   0x1005e51c   0x00000024   Code   RO         5962    i.cb_aci_att_read_resp_event  libbluenrg1_stack.a(aci_events.o)
    0x1005e540   0x1005e540   0x00000024   Code   RO         5963    i.cb_aci_att_write_resp_event  libbluenrg1_stack.a(aci_events.o)
    0x1005e564   0x1005e564   0x00000020   Code   RO         5964    i.cb_aci_gap_addr_not_resolved_event  libbluenrg1_stack.a(aci_events.o)
    0x1005e584   0x1005e584   0x00000020   Code   RO         5965    i.cb_aci_gap_authorization_req_event  libbluenrg1_stack.a(aci_events.o)
    0x1005e5a4   0x1005e5a4   0x0000001c   Code   RO         5966    i.cb_aci_gap_bond_lost_event  libbluenrg1_stack.a(aci_events.o)
    0x1005e5c0   0x1005e5c0   0x00000020   Code   RO         5967    i.cb_aci_gap_device_found_event  libbluenrg1_stack.a(aci_events.o)
    0x1005e5e0   0x1005e5e0   0x00000024   Code   RO         5968    i.cb_aci_gap_keypress_notification_event  libbluenrg1_stack.a(aci_events.o)
    0x1005e604   0x1005e604   0x0000001c   Code   RO         5969    i.cb_aci_gap_limited_discoverable_event  libbluenrg1_stack.a(aci_events.o)
    0x1005e620   0x1005e620   0x00000024   Code   RO         5970    i.cb_aci_gap_numeric_comparison_value_event  libbluenrg1_stack.a(aci_events.o)
    0x1005e644   0x1005e644   0x00000024   Code   RO         5971    i.cb_aci_gap_pairing_complete_event  libbluenrg1_stack.a(aci_events.o)
    0x1005e668   0x1005e668   0x00000020   Code   RO         5972    i.cb_aci_gap_pass_key_req_event  libbluenrg1_stack.a(aci_events.o)
    0x1005e688   0x1005e688   0x00000028   Code   RO         5973    i.cb_aci_gap_proc_complete_event  libbluenrg1_stack.a(aci_events.o)
    0x1005e6b0   0x1005e6b0   0x0000001c   Code   RO         5974    i.cb_aci_gap_slave_security_initiated_event  libbluenrg1_stack.a(aci_events.o)
    0x1005e6cc   0x1005e6cc   0x0000002c   Code   RO         5975    i.cb_aci_gatt_attribute_modified_event  libbluenrg1_stack.a(aci_events.o)
    0x1005e6f8   0x1005e6f8   0x00000028   Code   RO         5976    i.cb_aci_gatt_disc_read_char_by_uuid_resp_event  libbluenrg1_stack.a(aci_events.o)
    0x1005e720   0x1005e720   0x00000028   Code   RO         5977    i.cb_aci_gatt_error_resp_event  libbluenrg1_stack.a(aci_events.o)
    0x1005e748   0x1005e748   0x00000028   Code   RO         5978    i.cb_aci_gatt_indication_event  libbluenrg1_stack.a(aci_events.o)
    0x1005e770   0x1005e770   0x00000028   Code   RO         5979    i.cb_aci_gatt_notification_event  libbluenrg1_stack.a(aci_events.o)
    0x1005e798   0x1005e798   0x00000016   Code   RO         5980    i.cb_aci_gatt_prepare_write_permit_req_event  libbluenrg1_stack.a(aci_events.o)
    0x1005e7ae   0x1005e7ae   0x00000002   PAD
    0x1005e7b0   0x1005e7b0   0x00000024   Code   RO         5981    i.cb_aci_gatt_proc_complete_event  libbluenrg1_stack.a(aci_events.o)
    0x1005e7d4   0x1005e7d4   0x00000020   Code   RO         5982    i.cb_aci_gatt_proc_timeout_event  libbluenrg1_stack.a(aci_events.o)
    0x1005e7f4   0x1005e7f4   0x00000010   Code   RO         5983    i.cb_aci_gatt_read_multi_permit_req_event  libbluenrg1_stack.a(aci_events.o)
    0x1005e804   0x1005e804   0x00000010   Code   RO         5984    i.cb_aci_gatt_read_permit_req_event  libbluenrg1_stack.a(aci_events.o)
    0x1005e814   0x1005e814   0x0000000a   Code   RO         5985    i.cb_aci_gatt_server_confirmation_event  libbluenrg1_stack.a(aci_events.o)
    0x1005e81e   0x1005e81e   0x0000000e   Code   RO         5986    i.cb_aci_gatt_tx_pool_available_event  libbluenrg1_stack.a(aci_events.o)
    0x1005e82c   0x1005e82c   0x00000012   Code   RO         5987    i.cb_aci_gatt_write_permit_req_event  libbluenrg1_stack.a(aci_events.o)
    0x1005e83e   0x1005e83e   0x00000010   Code   RO         5988    i.cb_aci_hal_fw_error_event  libbluenrg1_stack.a(aci_events.o)
    0x1005e84e   0x1005e84e   0x00000002   PAD
    0x1005e850   0x1005e850   0x00000024   Code   RO         5989    i.cb_aci_hal_scan_req_report_event  libbluenrg1_stack.a(aci_events.o)
    0x1005e874   0x1005e874   0x00000016   Code   RO         5990    i.cb_aci_l2cap_command_reject_event  libbluenrg1_stack.a(aci_events.o)
    0x1005e88a   0x1005e88a   0x00000002   PAD
    0x1005e88c   0x1005e88c   0x00000034   Code   RO         5991    i.cb_aci_l2cap_connection_update_req_event  libbluenrg1_stack.a(aci_events.o)
    0x1005e8c0   0x1005e8c0   0x00000024   Code   RO         5992    i.cb_aci_l2cap_connection_update_resp_event  libbluenrg1_stack.a(aci_events.o)
    0x1005e8e4   0x1005e8e4   0x00000024   Code   RO         5993    i.cb_aci_l2cap_proc_timeout_event  libbluenrg1_stack.a(aci_events.o)
    0x1005e908   0x1005e908   0x00000002   Code   RO         5994    i.cb_hci_data_buffer_overflow_event  libbluenrg1_stack.a(aci_events.o)
    0x1005e90a   0x1005e90a   0x00000002   PAD
    0x1005e90c   0x1005e90c   0x00000024   Code   RO         5995    i.cb_hci_disconnection_complete_event  libbluenrg1_stack.a(aci_events.o)
    0x1005e930   0x1005e930   0x00000024   Code   RO         5996    i.cb_hci_encryption_change_event  libbluenrg1_stack.a(aci_events.o)
    0x1005e954   0x1005e954   0x00000024   Code   RO         5997    i.cb_hci_encryption_key_refresh_complete_event  libbluenrg1_stack.a(aci_events.o)
    0x1005e978   0x1005e978   0x00000024   Code   RO         5998    i.cb_hci_le_advertising_report_event  libbluenrg1_stack.a(aci_events.o)
    0x1005e99c   0x1005e99c   0x00000044   Code   RO         5999    i.cb_hci_le_connection_complete_event  libbluenrg1_stack.a(aci_events.o)
    0x1005e9e0   0x1005e9e0   0x00000030   Code   RO         6000    i.cb_hci_le_connection_update_complete_event  libbluenrg1_stack.a(aci_events.o)
    0x1005ea10   0x1005ea10   0x00000030   Code   RO         6001    i.cb_hci_le_data_length_change_event  libbluenrg1_stack.a(aci_events.o)
    0x1005ea40   0x1005ea40   0x00000024   Code   RO         6002    i.cb_hci_le_direct_advertising_report_event  libbluenrg1_stack.a(aci_events.o)
    0x1005ea64   0x1005ea64   0x0000004c   Code   RO         6003    i.cb_hci_le_enhanced_connection_complete_event  libbluenrg1_stack.a(aci_events.o)
    0x1005eab0   0x1005eab0   0x00000028   Code   RO         6004    i.cb_hci_le_generate_dhkey_complete_event  libbluenrg1_stack.a(aci_events.o)
    0x1005ead8   0x1005ead8   0x00000028   Code   RO         6005    i.cb_hci_le_long_term_key_request_event  libbluenrg1_stack.a(aci_events.o)
    0x1005eb00   0x1005eb00   0x00000028   Code   RO         6006    i.cb_hci_le_read_local_p256_public_key_complete_event  libbluenrg1_stack.a(aci_events.o)
    0x1005eb28   0x1005eb28   0x0000002c   Code   RO         6007    i.cb_hci_le_read_remote_used_features_complete_event  libbluenrg1_stack.a(aci_events.o)
    0x1005eb54   0x1005eb54   0x0000000a   Code   RO         6008    i.cb_hci_number_of_completed_packets_event  libbluenrg1_stack.a(aci_events.o)
    0x1005eb5e   0x1005eb5e   0x00000002   PAD
    0x1005eb60   0x1005eb60   0x00000028   Code   RO         6009    i.cb_hci_read_remote_version_information_complete_event  libbluenrg1_stack.a(aci_events.o)
    0x1005eb88   0x1005eb88   0x00000016   Code   RO         6010    i.cb_hci_rx_acl_data_event  libbluenrg1_stack.a(aci_events.o)
    0x1005eb9e   0x1005eb9e   0x00000012   Code   RO         5798    i.char_copy         libbluenrg1_stack.a(hal.o)
    0x1005ebb0   0x1005ebb0   0x00000024   Code   RO         6541    i.convert_power     libbluenrg1_stack.a(rom_ll_routines_support.o)
    0x1005ebd4   0x1005ebd4   0x00000012   Code   RO         5891    i.copy_4_u32        libbluenrg1_stack.a(ll_isr.o)
    0x1005ebe6   0x1005ebe6   0x00000002   PAD
    0x1005ebe8   0x1005ebe8   0x00000084   Code   RO         5892    i.copy_tx_data_packet  libbluenrg1_stack.a(ll_isr.o)
    0x1005ec6c   0x1005ec6c   0x00000004   Code   RO         5812    i.data_length_extension_csr_ucfg  libbluenrg1_stack.a(hci.o)
    0x1005ec70   0x1005ec70   0x00000074   Code   RO         5893    i.encrypt           libbluenrg1_stack.a(ll_isr.o)
    0x1005ece4   0x1005ece4   0x0000006c   Code   RO         6011    i.fifoBuf_getFreeHeader  libbluenrg1_stack.a(aci_events.o)
    0x1005ed50   0x1005ed50   0x0000000a   Code   RO         6012    i.fifoCtrl_init     libbluenrg1_stack.a(aci_events.o)
    0x1005ed5a   0x1005ed5a   0x0000000c   Code   RO         1928    i.fputc             sdk_eval_com.o
    0x1005ed66   0x1005ed66   0x00000002   PAD
    0x1005ed68   0x1005ed68   0x00000014   Code   RO         6112    i.gapClearAllModeFlags  libbluenrg1_stack.a(gap.o)
    0x1005ed7c   0x1005ed7c   0x00000014   Code   RO         5625    i.getTimestamp      gatt_db.o
    0x1005ed90   0x1005ed90   0x00000014   Code   RO         6482    i.get_adv_addr      libbluenrg1_stack.a(rom_ll_isr_routines.o)
    0x1005eda4   0x1005eda4   0x00000048   Code   RO         6381    i.get_advertiser    libbluenrg1_stack.a(multi_master_time.o)
    0x1005edec   0x1005edec   0x0000008c   Code   RO         6382    i.get_connection_no  libbluenrg1_stack.a(multi_master_time.o)
    0x1005ee78   0x1005ee78   0x00000034   Code   RO         6383    i.get_next_free_slot  libbluenrg1_stack.a(multi_master_time.o)
    0x1005eeac   0x1005eeac   0x00000014   Code   RO         6483    i.get_scan_addr     libbluenrg1_stack.a(rom_ll_isr_routines.o)
    0x1005eec0   0x1005eec0   0x00000048   Code   RO         6384    i.get_scan_connection  libbluenrg1_stack.a(multi_master_time.o)
    0x1005ef08   0x1005ef08   0x00000298   Code   RO         6484    i.go_to_connect     libbluenrg1_stack.a(rom_ll_isr_routines.o)
    0x1005f1a0   0x1005f1a0   0x00000034   Code   RO         5799    i.hal_radio_activity_state_callback_check  libbluenrg1_stack.a(hal.o)
    0x1005f1d4   0x1005f1d4   0x0000001c   Code   RO         5800    i.hal_radio_activity_state_init  libbluenrg1_stack.a(hal.o)
    0x1005f1f0   0x1005f1f0   0x00000040   Code   RO         5801    i.hal_read_radio_activity_state  libbluenrg1_stack.a(hal.o)
    0x1005f230   0x1005f230   0x00000070   Code   RO         5813    i.hci_acl_Process_Q  libbluenrg1_stack.a(hci.o)
    0x1005f2a0   0x1005f2a0   0x00000084   Code   RO         5506    i.hci_disconnection_complete_event  chat.o
    0x1005f324   0x1005f324   0x00000002   Code   RO         6015    i.hci_encryption_change_event  libbluenrg1_stack.a(aci_events.o)
    0x1005f326   0x1005f326   0x00000002   PAD
    0x1005f328   0x1005f328   0x0000005c   Code   RO         6332    i.hci_encryption_change_event_push  libbluenrg1_stack.a(ll_routines_master.o)
    0x1005f384   0x1005f384   0x00000002   Code   RO         6016    i.hci_encryption_key_refresh_complete_event  libbluenrg1_stack.a(aci_events.o)
    0x1005f386   0x1005f386   0x00000002   PAD
    0x1005f388   0x1005f388   0x00000058   Code   RO         6333    i.hci_encryption_key_refresh_complete_event_push  libbluenrg1_stack.a(ll_routines_master.o)
    0x1005f3e0   0x1005f3e0   0x00000002   Code   RO         6017    i.hci_hardware_error_event  libbluenrg1_stack.a(aci_events.o)
    0x1005f3e2   0x1005f3e2   0x00000002   Code   RO         6018    i.hci_le_advertising_report_event  libbluenrg1_stack.a(aci_events.o)
    0x1005f3e4   0x1005f3e4   0x00000054   Code   RO         5507    i.hci_le_connection_complete_event  chat.o
    0x1005f438   0x1005f438   0x00000088   Code   RO         6335    i.hci_le_connection_complete_event_push  libbluenrg1_stack.a(ll_routines_master.o)
    0x1005f4c0   0x1005f4c0   0x00000002   Code   RO         6020    i.hci_le_connection_update_complete_event  libbluenrg1_stack.a(aci_events.o)
    0x1005f4c2   0x1005f4c2   0x00000002   PAD
    0x1005f4c4   0x1005f4c4   0x0000006c   Code   RO         6336    i.hci_le_connection_update_complete_event_push  libbluenrg1_stack.a(ll_routines_master.o)
    0x1005f530   0x1005f530   0x00000002   Code   RO         6021    i.hci_le_data_length_change_event  libbluenrg1_stack.a(aci_events.o)
    0x1005f532   0x1005f532   0x00000002   Code   RO         6022    i.hci_le_direct_advertising_report_event  libbluenrg1_stack.a(aci_events.o)
    0x1005f534   0x1005f534   0x00000002   Code   RO         6023    i.hci_le_enhanced_connection_complete_event  libbluenrg1_stack.a(aci_events.o)
    0x1005f536   0x1005f536   0x00000002   Code   RO         6024    i.hci_le_generate_dhkey_complete_event  libbluenrg1_stack.a(aci_events.o)
    0x1005f538   0x1005f538   0x00000002   Code   RO         6025    i.hci_le_long_term_key_request_event  libbluenrg1_stack.a(aci_events.o)
    0x1005f53a   0x1005f53a   0x0000000e   Code   RO         5823    i.hci_le_long_term_key_request_reply  libbluenrg1_stack.a(hci.o)
    0x1005f548   0x1005f548   0x0000000e   Code   RO         5824    i.hci_le_long_term_key_requested_negative_reply  libbluenrg1_stack.a(hci.o)
    0x1005f556   0x1005f556   0x00000002   Code   RO         6026    i.hci_le_read_local_p256_public_key_complete_event  libbluenrg1_stack.a(aci_events.o)
    0x1005f558   0x1005f558   0x00000002   Code   RO         6027    i.hci_le_read_remote_used_features_complete_event  libbluenrg1_stack.a(aci_events.o)
    0x1005f55a   0x1005f55a   0x00000016   Code   RO         5847    i.hci_le_set_scan_response_data  libbluenrg1_stack.a(hci.o)
    0x1005f570   0x1005f570   0x00000002   Code   RO         6028    i.hci_number_of_completed_packets_event  libbluenrg1_stack.a(aci_events.o)
    0x1005f572   0x1005f572   0x00000002   Code   RO         6029    i.hci_read_remote_version_information_complete_event  libbluenrg1_stack.a(aci_events.o)
    0x1005f574   0x1005f574   0x0000006c   Code   RO         5861    i.hci_rx_acl_data   libbluenrg1_stack.a(hci.o)
    0x1005f5e0   0x1005f5e0   0x00000004   Code   RO         6030    i.hci_rx_acl_data_event  libbluenrg1_stack.a(aci_events.o)
    0x1005f5e4   0x1005f5e4   0x00000048   Code   RO         5864    i.hci_tx_acl_data_done  libbluenrg1_stack.a(hci.o)
    0x1005f62c   0x1005f62c   0x00000010   Code   RO         6516    i.int32ToLe4Byte    libbluenrg1_stack.a(rom_ll_ll_routines.o)
    0x1005f63c   0x1005f63c   0x00000010   Code   RO         6585    i.int32ToLe4Byte    libbluenrg1_stack.a(sdb.o)
    0x1005f64c   0x1005f64c   0x00000010   Code   RO         6599    i.int32ToLe4Byte    libbluenrg1_stack.a(securitymgr.o)
    0x1005f65c   0x1005f65c   0x00000040   Code   RO         6051    i.int_cb_hci_acl_data_ind_event  libbluenrg1_stack.a(acl.o)
    0x1005f69c   0x1005f69c   0x00000054   Code   RO         6052    i.int_cb_hci_acl_data_tx_cmpl_event  libbluenrg1_stack.a(acl.o)
    0x1005f6f0   0x1005f6f0   0x00000026   Code   RO         6031    i.int_cb_hci_disconnection_complete_event  libbluenrg1_stack.a(aci_events.o)
    0x1005f716   0x1005f716   0x0000001a   Code   RO         6032    i.int_cb_hci_encryption_change_event  libbluenrg1_stack.a(aci_events.o)
    0x1005f730   0x1005f730   0x0000001a   Code   RO         6033    i.int_cb_hci_encryption_key_refresh_complete_event  libbluenrg1_stack.a(aci_events.o)
    0x1005f74a   0x1005f74a   0x0000001e   Code   RO         6034    i.int_cb_hci_le_advertising_report_event  libbluenrg1_stack.a(aci_events.o)
    0x1005f768   0x1005f768   0x00000026   Code   RO         6035    i.int_cb_hci_le_connection_complete_event  libbluenrg1_stack.a(aci_events.o)
    0x1005f78e   0x1005f78e   0x00000010   Code   RO         6036    i.int_cb_hci_le_data_length_change_event  libbluenrg1_stack.a(aci_events.o)
    0x1005f79e   0x1005f79e   0x0000001e   Code   RO         6037    i.int_cb_hci_le_direct_advertising_report_event  libbluenrg1_stack.a(aci_events.o)
    0x1005f7bc   0x1005f7bc   0x00000026   Code   RO         6038    i.int_cb_hci_le_enhanced_connection_complete_event  libbluenrg1_stack.a(aci_events.o)
    0x1005f7e2   0x1005f7e2   0x0000001a   Code   RO         6039    i.int_cb_hci_le_generate_dhkey_complete_event  libbluenrg1_stack.a(aci_events.o)
    0x1005f7fc   0x1005f7fc   0x0000000c   Code   RO         6040    i.int_cb_hci_le_long_term_key_request_event  libbluenrg1_stack.a(aci_events.o)
    0x1005f808   0x1005f808   0x0000001a   Code   RO         6041    i.int_cb_hci_le_read_local_p256_public_key_complete_event  libbluenrg1_stack.a(aci_events.o)
    0x1005f822   0x1005f822   0x0000001e   Code   RO         6716    i.is_Buffer_All_Set_To  libbluenrg1_stack.a(utils.o)
    0x1005f840   0x1005f840   0x00000034   Code   RO         6385    i.is_slave          libbluenrg1_stack.a(multi_master_time.o)
    0x1005f874   0x1005f874   0x00000020   Code   RO         6053    i.isr_Acl_Data_Indication_Queue_Full  libbluenrg1_stack.a(acl.o)
    0x1005f894   0x1005f894   0x00000020   Code   RO         6054    i.isr_Acl_Data_TX_Cmpl_Queue_Full  libbluenrg1_stack.a(acl.o)
    0x1005f8b4   0x1005f8b4   0x00000390   Code   RO         5895    i.isr_advertise_state  libbluenrg1_stack.a(ll_isr.o)
    0x1005fc44   0x1005fc44   0x000007d4   Code   RO         5897    i.isr_connect_slave_state  libbluenrg1_stack.a(ll_isr.o)
    0x10060418   0x10060418   0x00000600   Code   RO         6339    i.isr_event_handler  libbluenrg1_stack.a(ll_routines_master.o)
    0x10060a18   0x10060a18   0x00000002   Code   RO         6341    i.isr_event_handler_scan_data_ucfg  libbluenrg1_stack.a(ll_routines_master.o)
    0x10060a1a   0x10060a1a   0x00000002   PAD
    0x10060a1c   0x10060a1c   0x000001f4   Code   RO         6234    i.isr_postproc      libbluenrg1_stack.a(isr_postproc.o)
    0x10060c10   0x10060c10   0x00000110   Code   RO         6472    i.isr_postproc1     libbluenrg1_stack.a(rom_ll_isr_postproc.o)
    0x10060d20   0x10060d20   0x00000016   Code   RO         6473    i.isr_postproc_encrypt_data  libbluenrg1_stack.a(rom_ll_isr_postproc.o)
    0x10060d36   0x10060d36   0x00000002   PAD
    0x10060d38   0x10060d38   0x00000038   Code   RO         5899    i.isr_test_rx_state  libbluenrg1_stack.a(ll_isr.o)
    0x10060d70   0x10060d70   0x00000068   Code   RO         5900    i.isr_test_tx_state  libbluenrg1_stack.a(ll_isr.o)
    0x10060dd8   0x10060dd8   0x0000002c   Code   RO         5901    i.isr_unknown_state  libbluenrg1_stack.a(ll_isr.o)
    0x10060e04   0x10060e04   0x0000000a   Code   RO         6485    i.le2ByteToInt16    libbluenrg1_stack.a(rom_ll_isr_routines.o)
    0x10060e0e   0x10060e0e   0x00000016   Code   RO         6486    i.le4ByteToInt32    libbluenrg1_stack.a(rom_ll_isr_routines.o)
    0x10060e24   0x10060e24   0x00000016   Code   RO         6518    i.le4ByteToInt32    libbluenrg1_stack.a(rom_ll_ll_routines.o)
    0x10060e3a   0x10060e3a   0x00000030   Code   RO         2379    i.lis2mdl_operating_mode_set  lis2mdl.o
    0x10060e6a   0x10060e6a   0x00000018   Code   RO         2382    i.lis2mdl_read_reg  lis2mdl.o
    0x10060e82   0x10060e82   0x00000010   Code   RO         2393    i.lis2mdl_write_reg  lis2mdl.o
    0x10060e92   0x10060e92   0x00000004   Code   RO         6321    i.ll_write_supported_data_ucfg  libbluenrg1_stack.a(ll_routines.o)
    0x10060e96   0x10060e96   0x00000072   Code   RO         2660    i.lps22hh_data_rate_set  lps22hh.o
    0x10060f08   0x10060f08   0x00000010   Code   RO         2713    i.lps22hh_read_reg  lps22hh.o
    0x10060f18   0x10060f18   0x00000010   Code   RO         2725    i.lps22hh_write_reg  lps22hh.o
    0x10060f28   0x10060f28   0x0000000e   Code   RO         3141    i.lsm6dso_acceleration_raw_get  lsm6dso.o
    0x10060f36   0x10060f36   0x00000030   Code   RO         3149    i.lsm6dso_all_on_int1_set  lsm6dso.o
    0x10060f66   0x10060f66   0x0000000e   Code   RO         3151    i.lsm6dso_angular_rate_raw_get  lsm6dso.o
    0x10060f74   0x10060f74   0x00000030   Code   RO         3153    i.lsm6dso_auto_increment_set  lsm6dso.o
    0x10060fa4   0x10060fa4   0x00000030   Code   RO         3193    i.lsm6dso_block_data_update_set  lsm6dso.o
    0x10060fd4   0x10060fd4   0x0000000e   Code   RO         3216    i.lsm6dso_device_id_get  lsm6dso.o
    0x10060fe2   0x10060fe2   0x0000002e   Code   RO         3264    i.lsm6dso_gy_data_rate_set  lsm6dso.o
    0x10061010   0x10061010   0x00000030   Code   RO         3269    i.lsm6dso_gy_full_scale_set  lsm6dso.o
    0x10061040   0x10061040   0x0000002e   Code   RO         3275    i.lsm6dso_gy_power_mode_set  lsm6dso.o
    0x1006106e   0x1006106e   0x0000005a   Code   RO         3283    i.lsm6dso_i3c_disable_set  lsm6dso.o
    0x100610c8   0x100610c8   0x00000074   Code   RO         3285    i.lsm6dso_int_notification_set  lsm6dso.o
    0x1006113c   0x1006113c   0x0000002e   Code   RO         3309    i.lsm6dso_mem_bank_set  lsm6dso.o
    0x1006116a   0x1006116a   0x00000030   Code   RO         3334    i.lsm6dso_pin_mode_set  lsm6dso.o
    0x1006119a   0x1006119a   0x00000030   Code   RO         3336    i.lsm6dso_pin_polarity_set  lsm6dso.o
    0x100611ca   0x100611ca   0x00000010   Code   RO         3337    i.lsm6dso_read_reg  lsm6dso.o
    0x100611da   0x100611da   0x0000001a   Code   RO         3338    i.lsm6dso_reset_get  lsm6dso.o
    0x100611f4   0x100611f4   0x00000030   Code   RO         3339    i.lsm6dso_reset_set  lsm6dso.o
    0x10061224   0x10061224   0x00000010   Code   RO         3417    i.lsm6dso_write_reg  lsm6dso.o
    0x10061234   0x10061234   0x0000002e   Code   RO         3419    i.lsm6dso_xl_data_rate_set  lsm6dso.o
    0x10061262   0x10061262   0x00000030   Code   RO         3426    i.lsm6dso_xl_full_scale_set  lsm6dso.o
    0x10061292   0x10061292   0x00000042   Code   RO         3436    i.lsm6dso_xl_power_mode_set  lsm6dso.o
    0x100612d4   0x100612d4   0x00000020   Code   RO         6548    i.machine_time_trans  libbluenrg1_stack.a(rom_ll_timehandling.o)
    0x100612f4   0x100612f4   0x00000184   Code   RO         5364    i.main              ble_chat_main.o
    0x10061478   0x10061478   0x000000a4   Code   RO         6354    i.mem_alloc_ctx_init  libbluenrg1_stack.a(mem_alloc.o)
    0x1006151c   0x1006151c   0x00000008   Code   RO         6563    i.microseconds_to_machine_time  libbluenrg1_stack.a(routines_support.o)
    0x10061524   0x10061524   0x0000001c   Code   RO         6542    i.modulo_37         libbluenrg1_stack.a(rom_ll_routines_support.o)
    0x10061540   0x10061540   0x00000060   Code   RO         5166    i.nextRF_transaction  system_bluenrg1.o
    0x100615a0   0x100615a0   0x0000001c   Code   RO         6386    i.nsar_init         libbluenrg1_stack.a(multi_master_time.o)
    0x100615bc   0x100615bc   0x00000020   Code   RO         6387    i.nsar_insertSlotListEntry  libbluenrg1_stack.a(multi_master_time.o)
    0x100615dc   0x100615dc   0x000000c4   Code   RO         6388    i.nsar_searchBestFreeSlot  libbluenrg1_stack.a(multi_master_time.o)
    0x100616a0   0x100616a0   0x00000022   Code   RO         6390    i.nsar_updateBestFreeSlot  libbluenrg1_stack.a(multi_master_time.o)
    0x100616c2   0x100616c2   0x00000002   PAD
    0x100616c4   0x100616c4   0x0000006c   Code   RO         6391    i.nsar_updateSlotListEntry  libbluenrg1_stack.a(multi_master_time.o)
    0x10061730   0x10061730   0x0000007c   Code   RO         6322    i.read_rssi         libbluenrg1_stack.a(ll_routines.o)
    0x100617ac   0x100617ac   0x000000b4   Code   RO         6396    i.schedule_advertise_slot  libbluenrg1_stack.a(multi_master_time.o)
    0x10061860   0x10061860   0x00000164   Code   RO         6586    i.sdb_delete        libbluenrg1_stack.a(sdb.o)
    0x100619c4   0x100619c4   0x000000c8   Code   RO         6587    i.sdb_find_client_data  libbluenrg1_stack.a(sdb.o)
    0x10061a8c   0x10061a8c   0x00000018   Code   RO         6588    i.sdb_get_gatt_db_start_address  libbluenrg1_stack.a(sdb.o)
    0x10061aa4   0x10061aa4   0x00000020   Code   RO         6589    i.sdb_invalidate_record  libbluenrg1_stack.a(sdb.o)
    0x10061ac4   0x10061ac4   0x00000024   Code   RO         6590    i.sdb_read_record   libbluenrg1_stack.a(sdb.o)
    0x10061ae8   0x10061ae8   0x00000010   Code   RO         6591    i.sdb_read_record_validity  libbluenrg1_stack.a(sdb.o)
    0x10061af8   0x10061af8   0x0000007c   Code   RO         6592    i.sdb_write_record  libbluenrg1_stack.a(sdb.o)
    0x10061b74   0x10061b74   0x00000004   Code   RO         6707    i.secure_connections_csr_ucfg  libbluenrg1_stack.a(smp_scv42_sap.o)
    0x10061b78   0x10061b78   0x00000100   Code   RO         6113    i.setGapAdvData     libbluenrg1_stack.a(gap.o)
    0x10061c78   0x10061c78   0x00000088   Code   RO         6549    i.set_freq          libbluenrg1_stack.a(rom_ll_timehandling.o)
    0x10061d00   0x10061d00   0x0000001c   Code   RO         6550    i.set_sca           libbluenrg1_stack.a(rom_ll_timehandling.o)
    0x10061d1c   0x10061d1c   0x00000010   Code   RO         5802    i.set_string        libbluenrg1_stack.a(hal.o)
    0x10061d2c   0x10061d2c   0x000001a8   Code   RO         6564    i.slave_advance     libbluenrg1_stack.a(routines_support.o)
    0x10061ed4   0x10061ed4   0x00000110   Code   RO         6601    i.sm_RepeatedAttacks_Protection  libbluenrg1_stack.a(securitymgr.o)
    0x10061fe4   0x10061fe4   0x000000ca   Code   RO         6795    i.sma_CMAC_generate_tag  libbluenrg1_stack.a(smp_algo_sap.o)
    0x100620ae   0x100620ae   0x00000038   Code   RO         6796    i.sma_Calculate_Hash  libbluenrg1_stack.a(smp_algo_sap.o)
    0x100620e6   0x100620e6   0x00000080   Code   RO         6797    i.sma_generate_subkeys  libbluenrg1_stack.a(smp_algo_sap.o)
    0x10062166   0x10062166   0x0000002c   Code   RO         6798    i.sma_left_shift    libbluenrg1_stack.a(smp_algo_sap.o)
    0x10062192   0x10062192   0x00000018   Code   RO         6602    i.smp_Build_AuthReq_Field  libbluenrg1_stack.a(securitymgr.o)
    0x100621aa   0x100621aa   0x00000002   PAD
    0x100621ac   0x100621ac   0x00000044   Code   RO         6603    i.smp_Build_Pairing_ReqResp_Packet  libbluenrg1_stack.a(securitymgr.o)
    0x100621f0   0x100621f0   0x0000003c   Code   RO         6604    i.smp_Check_Incoming_Pairing_Parameters  libbluenrg1_stack.a(securitymgr.o)
    0x1006222c   0x1006222c   0x000000b8   Code   RO         6605    i.smp_Determine_Key_Association_Method  libbluenrg1_stack.a(securitymgr.o)
    0x100622e4   0x100622e4   0x00000190   Code   RO         6606    i.smp_Execute_Actions_wrt_Current_State  libbluenrg1_stack.a(securitymgr.o)
    0x10062474   0x10062474   0x00000002   Code   RO         6608    i.smp_Execute_Actions_wrt_Current_State_MI_excerpt_ucfg  libbluenrg1_stack.a(securitymgr.o)
    0x10062476   0x10062476   0x00000002   Code   RO         6612    i.smp_Execute_Actions_wrt_Current_State_sc_excerpt_phase2as2_ucfg  libbluenrg1_stack.a(securitymgr.o)
    0x10062478   0x10062478   0x00000004   Code   RO         6614    i.smp_Execute_Actions_wrt_Current_State_sc_excerpt_phase_1_to_2_ucfg  libbluenrg1_stack.a(securitymgr.o)
    0x1006247c   0x1006247c   0x00000090   Code   RO         6615    i.smp_Get_Long_Term_Key  libbluenrg1_stack.a(securitymgr.o)
    0x1006250c   0x1006250c   0x00000088   Code   RO         6616    i.smp_Get_Pairing_Parameters_From_Peer_Packet  libbluenrg1_stack.a(securitymgr.o)
    0x10062594   0x10062594   0x00000034   Code   RO         6685    i.smp_Keys_Distribution_Complete  libbluenrg1_stack.a(smp_common.o)
    0x100625c8   0x100625c8   0x0000011c   Code   RO         6617    i.smp_Keys_Distribution_Send  libbluenrg1_stack.a(securitymgr.o)
    0x100626e4   0x100626e4   0x00000004   Code   RO         6620    i.smp_MI_Start_Encryption_ucfg  libbluenrg1_stack.a(securitymgr.o)
    0x100626e8   0x100626e8   0x00000004   Code   RO         6622    i.smp_Process_Rx_Packet_Exception_Cases_sc_excerpt_ucfg  libbluenrg1_stack.a(securitymgr.o)
    0x100626ec   0x100626ec   0x000000f4   Code   RO         6623    i.smp_Process_Rx_Packet_wrt_Current_State  libbluenrg1_stack.a(securitymgr.o)
    0x100627e0   0x100627e0   0x00000004   Code   RO         6625    i.smp_Process_Rx_Packet_wrt_Current_State_MI_excerpt_ucfg  libbluenrg1_stack.a(securitymgr.o)
    0x100627e4   0x100627e4   0x00000004   Code   RO         6627    i.smp_Process_Rx_Packet_wrt_Current_State_sc_excerpt_ucfg  libbluenrg1_stack.a(securitymgr.o)
    0x100627e8   0x100627e8   0x00000020   Code   RO         6628    i.smp_Reset_Timer   libbluenrg1_stack.a(securitymgr.o)
    0x10062808   0x10062808   0x00000174   Code   RO         6629    i.smp_SR_Compute_c1_Confirm_Value  libbluenrg1_stack.a(securitymgr.o)
    0x1006297c   0x1006297c   0x00000078   Code   RO         6630    i.smp_Set_Key_Association_Method  libbluenrg1_stack.a(securitymgr.o)
    0x100629f4   0x100629f4   0x00000010   Code   RO         6686    i.smp____PairingFailed_Receive  libbluenrg1_stack.a(smp_common.o)
    0x10062a04   0x10062a04   0x00000074   Code   RO         6687    i.smp____Pairing_Process_Abort  libbluenrg1_stack.a(smp_common.o)
    0x10062a78   0x10062a78   0x0000007c   Code   RO         6636    i.smp____SR_PairingConfirm_Receive  libbluenrg1_stack.a(securitymgr.o)
    0x10062af4   0x10062af4   0x00000130   Code   RO         6637    i.smp____SR_PairingRandom_Receive  libbluenrg1_stack.a(securitymgr.o)
    0x10062c24   0x10062c24   0x000001c0   Code   RO         6638    i.smp____SR_PairingRequest_Receive  libbluenrg1_stack.a(securitymgr.o)
    0x10062de4   0x10062de4   0x0000014c   Code   RO         6688    i.smp_add_to_sdb    libbluenrg1_stack.a(smp_common.o)
    0x10062f30   0x10062f30   0x00000040   Code   RO         6689    i.smp_find_remote_device_index  libbluenrg1_stack.a(smp_common.o)
    0x10062f70   0x10062f70   0x0000001e   Code   RO         6690    i.smp_get_CSRK      libbluenrg1_stack.a(smp_common.o)
    0x10062f8e   0x10062f8e   0x00000002   PAD
    0x10062f90   0x10062f90   0x00000040   Code   RO         6691    i.smp_get_local_identity_address  libbluenrg1_stack.a(smp_common.o)
    0x10062fd0   0x10062fd0   0x00000036   Code   RO         6693    i.smp_keys_distribution_start  libbluenrg1_stack.a(smp_common.o)
    0x10063006   0x10063006   0x000000d6   Code   RO         6694    i.smp_keys_receiving  libbluenrg1_stack.a(smp_common.o)
    0x100630dc   0x100630dc   0x0000003c   Code   RO         6695    i.smp_oob_check_is_remote_data_present  libbluenrg1_stack.a(smp_common.o)
    0x10063118   0x10063118   0x00000036   Code   RO         6697    i.smp_pairing_2octets_packet_send  libbluenrg1_stack.a(smp_common.o)
    0x1006314e   0x1006314e   0x00000002   PAD
    0x10063150   0x10063150   0x00000090   Code   RO         6698    i.smp_pairing_completed  libbluenrg1_stack.a(smp_common.o)
    0x100631e0   0x100631e0   0x0000002a   Code   RO         6699    i.smp_pairing_failed_send  libbluenrg1_stack.a(smp_common.o)
    0x1006320a   0x1006320a   0x00000002   Code   RO         6650    i.smp_sc_SR_PairingConfirm_Receive_sc_excerpt_ucfg  libbluenrg1_stack.a(securitymgr.o)
    0x1006320c   0x1006320c   0x00000002   Code   RO         6652    i.smp_sc_SR_PairingRandom_Receive_sc_excerpt_ucfg  libbluenrg1_stack.a(securitymgr.o)
    0x1006320e   0x1006320e   0x00000002   Code   RO         6654    i.smp_sc_SR_Pairing_Phase_2AS1_Start_sc_excerpt_ucfg  libbluenrg1_stack.a(securitymgr.o)
    0x10063210   0x10063210   0x00000002   Code   RO         6806    i.smp_sc_check_for_ecc_pk_generation_request_ucfg  libbluenrg1_stack.a(smp_scv42_caf.o)
    0x10063212   0x10063212   0x00000004   Code   RO         6808    i.smp_sc_continue_on_exclusive_sc_pairing_ucfg  libbluenrg1_stack.a(smp_scv42_caf.o)
    0x10063216   0x10063216   0x00000002   Code   RO         6709    i.smp_sc_hci_le_generate_dhkey_complete_evt_hndl_ucfg  libbluenrg1_stack.a(smp_scv42_sap.o)
    0x10063218   0x10063218   0x00000002   Code   RO         6711    i.smp_sc_hci_le_read_local_p256_public_key_complete_evt_hndl_ucfg  libbluenrg1_stack.a(smp_scv42_sap.o)
    0x1006321a   0x1006321a   0x00000002   Code   RO         6813    i.smp_sc_init_ucfg  libbluenrg1_stack.a(smp_scv42_caf.o)
    0x1006321c   0x1006321c   0x00000038   Code   RO         6814    i.smp_sc_is_any_other_sc_pairing_ongoing  libbluenrg1_stack.a(smp_scv42_caf.o)
    0x10063254   0x10063254   0x00000002   Code   RO         6823    i.smp_sc_update_statistics_on_pairing_complete_ucfg  libbluenrg1_stack.a(smp_scv42_caf.o)
    0x10063256   0x10063256   0x0000001e   Code   RO         6655    i.smp_send_packet   libbluenrg1_stack.a(securitymgr.o)
    0x10063274   0x10063274   0x000000bc   Code   RO         6397    i.start_timebase    libbluenrg1_stack.a(multi_master_time.o)
    0x10063330   0x10063330   0x00000002   Code   RO         5902    i.state_func_call_init_csr_ucfg  libbluenrg1_stack.a(ll_isr.o)
    0x10063332   0x10063332   0x0000001e   Code   RO         6231    i.store_data        libbluenrg1_stack.a(gatt_server.o)
    0x10063350   0x10063350   0x0000013c   Code   RO         6565    i.swap_slaves       libbluenrg1_stack.a(routines_support.o)
    0x1006348c   0x1006348c   0x0000000a   Code   RO         6398    i.swap_u16          libbluenrg1_stack.a(multi_master_time.o)
    0x10063496   0x10063496   0x0000000a   Code   RO         6566    i.swap_u16          libbluenrg1_stack.a(routines_support.o)
    0x100634a0   0x100634a0   0x0000000a   Code   RO         6567    i.swap_u32          libbluenrg1_stack.a(routines_support.o)
    0x100634aa   0x100634aa   0x0000000a   Code   RO         6568    i.swap_u8           libbluenrg1_stack.a(routines_support.o)
    0x100634b4   0x100634b4   0x00000010   Code   RO         6551    i.system_time_trans  libbluenrg1_stack.a(rom_ll_timehandling.o)
    0x100634c4   0x100634c4   0x00000030   Code   RO         6552    i.system_time_trans_ext  libbluenrg1_stack.a(rom_ll_timehandling.o)
    0x100634f4   0x100634f4   0x0000000e   Code   RO         6553    i.time_offset1      libbluenrg1_stack.a(rom_ll_timehandling.o)
    0x10063502   0x10063502   0x00000002   PAD
    0x10063504   0x10063504   0x00000010   Code   RO         6554    i.time_offset2      libbluenrg1_stack.a(rom_ll_timehandling.o)
    0x10063514   0x10063514   0x0000003c   Code   RO         6399    i.timebase_start_connect  libbluenrg1_stack.a(multi_master_time.o)
    0x10063550   0x10063550   0x0000002e   Code   RO         6487    i.unpack_channel_map  libbluenrg1_stack.a(rom_ll_isr_routines.o)
    0x1006357e   0x1006357e   0x00000048   Code   RO         6488    i.unpack_update_request  libbluenrg1_stack.a(rom_ll_isr_routines.o)
    0x100635c6   0x100635c6   0x00000024   Code   RO         6474    i.wait_for_aes_ready  libbluenrg1_stack.a(rom_ll_isr_postproc.o)
    0x100635ea   0x100635ea   0x00000002   PAD
    0x100635ec   0x100635ec   0x00000034   Data   RO         5365    .constdata          ble_chat_main.o
    0x10063620   0x10063620   0x0000001a   Data   RO         5903    .constdata          libbluenrg1_stack.a(ll_isr.o)
    0x1006363a   0x1006363a   0x00000002   PAD
    0x1006363c   0x1006363c   0x0000011c   Data   RO         6042    .constdata          libbluenrg1_stack.a(aci_events.o)
    0x10063758   0x10063758   0x00000010   Data   RO         6555    .constdata          libbluenrg1_stack.a(rom_ll_timehandling.o)
    0x10063768   0x10063768   0x00000019   Data   RO         6656    .constdata          libbluenrg1_stack.a(securitymgr.o)
    0x10063781   0x10063781   0x00000010   Data   RO         6744    .constdata          libbluenrg1_stack.a(att.o)
    0x10063791   0x10063791   0x00000003   PAD
    0x10063794   0x10063794   0x00000090   Data   RO         7207    Region$$Table       anon$$obj.o


    Execution Region BLOCK_STACKLIB_FLASH_DATA (Exec base: 0x1007f000, Load base: 0x10063824, Size: 0x00000838, Max: 0x00001000, ABSOLUTE, UNINIT)

    Exec Addr    Load Addr    Size         Type   Attr      Idx    E Section Name        Object

    0x1007f000        -       0x00000800   Zero   RW         5367    .noinit.stacklib_flash_data  ble_chat_main.o
    0x1007f800        -       0x00000038   Zero   RW         5368    .noinit.stacklib_stored_device_id_data  ble_chat_main.o


    Execution Region ota_sw_activation_block (Exec base: 0x20000004, Load base: 0x10063824, Size: 0x00000004, Max: 0x00000004, ABSOLUTE, UNINIT)

    Exec Addr    Load Addr    Size         Type   Attr      Idx    E Section Name        Object

    0x20000004        -       0x00000004   Zero   RW         5177    .ota_sw_activation  system_bluenrg1.o


    Execution Region savedMSP_block (Exec base: 0x20000008, Load base: 0x10063824, Size: 0x00000004, Max: 0x00000004, ABSOLUTE)

    Exec Addr    Load Addr    Size         Type   Attr      Idx    E Section Name        Object

    0x20000008   0x10063824   0x00000004   Data   RW         5179    .savedMSP           system_bluenrg1.o


    Execution Region wakeupFromSleepFlag_block (Exec base: 0x2000000c, Load base: 0x10063828, Size: 0x00000004, Max: 0x00000004, ABSOLUTE)

    Exec Addr    Load Addr    Size         Type   Attr      Idx    E Section Name        Object

    0x2000000c   0x10063828   0x00000001   Data   RW         5180    .wakeupFromSleepFlag  system_bluenrg1.o


    Execution Region app_base_block (Exec base: 0x20000010, Load base: 0x1006382c, Size: 0x00000004, Max: 0x00000004, ABSOLUTE)

    Exec Addr    Load Addr    Size         Type   Attr      Idx    E Section Name        Object

    0x20000010   0x1006382c   0x00000004   Data   RW         5168    .app_base           system_bluenrg1.o


    Execution Region flash_sw_lock_block (Exec base: 0x20000014, Load base: 0x10063830, Size: 0x00000004, Max: 0x00000004, ABSOLUTE)

    Exec Addr    Load Addr    Size         Type   Attr      Idx    E Section Name        Object

    0x20000014   0x10063830   0x00000004   Data   RW         5175    .flash_sw_lock      system_bluenrg1.o


    Execution Region rfTimeout_block (Exec base: 0x20000018, Load base: 0x10063834, Size: 0x00000004, Max: 0x00000004, ABSOLUTE)

    Exec Addr    Load Addr    Size         Type   Attr      Idx    E Section Name        Object

    0x20000018   0x10063834   0x00000004   Data   RW         5178    .rfTimeout          system_bluenrg1.o


    Execution Region Blue_Flag_Ram_block (Exec base: 0x20000030, Load base: 0x10063838, Size: 0x00000004, Max: 0x00000004, ABSOLUTE)

    Exec Addr    Load Addr    Size         Type   Attr      Idx    E Section Name        Object

    0x20000030   0x10063838   0x00000004   Data   RW         5167    .__blueflag_RAM     system_bluenrg1.o


    Execution Region Crash_Info_block (Exec base: 0x20000034, Load base: 0x1006383c, Size: 0x00000000, Max: 0x00000028, ABSOLUTE, UNINIT)

    **** No section assigned to this execution region ****


    Execution Region BLUE (Exec base: 0x200000c0, Load base: 0x1006383c, Size: 0x0000020c, Max: 0x0000020c, ABSOLUTE, COMPRESSED[0x00000008])

    Exec Addr    Load Addr    Size         Type   Attr      Idx    E Section Name        Object

    0x200000c0   COMPRESSED   0x0000020c   Data   RW         5170    .bss.__blue_RAM     system_bluenrg1.o


    Execution Region REGION_RAM2 (Exec base: 0x200002cc, Load base: 0x10063844, Size: 0x0000038c, Max: 0x00005d34, ABSOLUTE)

    Exec Addr    Load Addr    Size         Type   Attr      Idx    E Section Name        Object

    0x200002cc   0x10063844   0x00000004   Data   RW           10    .data               clock.o
    0x200002d0   0x10063848   0x00000008   Data   RW          795    .data               bluenrg1_i2c.o
    0x200002d8   0x10063850   0x0000000c   Data   RW         1930    .data               sdk_eval_com.o
    0x200002e4   0x1006385c   0x00000004   Data   RW         1931    .data               sdk_eval_com.o
    0x200002e8   0x10063860   0x00000001   Data   RW         2028    .data               sdk_eval_config.o
    0x200002e9   0x10063861   0x00000003   PAD
    0x200002ec   0x10063864   0x00000004   Data   RW         5171    .data               system_bluenrg1.o
    0x200002f0   0x10063868   0x00000004   Data   RW         5172    .data               system_bluenrg1.o
    0x200002f4   0x1006386c   0x00000004   Data   RW         5173    .data               system_bluenrg1.o
    0x200002f8   0x10063870   0x00000007   Data   RW         5174    .data               system_bluenrg1.o
    0x200002ff   0x10063877   0x00000001   PAD
    0x20000300   0x10063878   0x00000020   Data   RW         5515    .data               chat.o
    0x20000320   0x10063898   0x0000000e   Data   RW         5627    .data               gatt_db.o
    0x2000032e   0x100638a6   0x00000002   PAD
    0x20000330   0x100638a8   0x00000048   Data   RW         5904    .data               libbluenrg1_stack.a(ll_isr.o)
    0x20000378   0x100638f0   0x00000004   Data   RW         6356    .data               libbluenrg1_stack.a(mem_alloc.o)
    0x2000037c        -       0x00000020   Zero   RW         5169    .bss                system_bluenrg1.o
    0x2000039c        -       0x00000254   Zero   RW         5509    .bss                chat.o
    0x200005f0        -       0x00000034   Zero   RW         5626    .bss                gatt_db.o
    0x20000624        -       0x00000034   Zero   RW         6355    .bss                libbluenrg1_stack.a(mem_alloc.o)


    Execution Region REGION_RAM3 (Exec base: 0x20000658, Load base: 0x100638f4, Size: 0x00002290, Max: 0x00005d34, ABSOLUTE, UNINIT)

    Exec Addr    Load Addr    Size         Type   Attr      Idx    E Section Name        Object

    0x20000658        -       0x00002290   Zero   RW         5366    .noinit.data        ble_chat_main.o


    Execution Region ARM_LIB_STACKHEAP (Exec base: 0x20005400, Load base: 0x100638f4, Size: 0x00000c00, Max: 0x00000c00, ABSOLUTE)

    Exec Addr    Load Addr    Size         Type   Attr      Idx    E Section Name        Object

    0x20005400        -       0x00000c00   Zero   RW            2    ARM_LIB_STACKHEAP.bss  anon$$obj.o


==============================================================================

Image component sizes


      Code (inc. data)   RO Data    RW Data    ZI Data      Debug   Object Name

       438        192         52          0      10952       3476   ble_chat_main.o
       116         34          0          0          0       2350   bluenrg1_flash.o
       364         12          0          0          0       5155   bluenrg1_gpio.o
       294         22          0          8          0       7192   bluenrg1_i2c.o
        38          0          0          0          0       3227   bluenrg1_it.o
        20          0          0          0          0        532   bluenrg1_pka.o
       180         20          0          0          0       1708   bluenrg1_sysctrl.o
       464         46          0          0          0       5742   bluenrg1_uart.o
      2528       1124          0         32        596      56623   chat.o
        80         24          0          4          0      55765   clock.o
       160         36          0          0          0        528   context_switch.o
      1204        462          0         14         52       5510   gatt_db.o
       360        170          0          0          0       8364   hts221.o
        88          0          0          0          0       6530   lis2mdl.o
       172          0          0          0          0       8277   lps22hh.o
       940          0          0          0          0      54666   lsm6dso.o
       136         12          0          0          0       6996   misc.o
       108         14          0          0          0      10254   miscutil.o
        24          0          0          0          0       1946   osal.o
        44         18          0          0          0       7002   ota_btl.o
       112          0          0          0          0       2495   sdk_eval_button.o
       254         10          0         16          0       7654   sdk_eval_com.o
        12          4          0          1          0       1380   sdk_eval_config.o
       440         30          0          0          0       3312   sdk_eval_i2c.o
       102          0          0          0          0       2927   sdk_eval_led.o
      1024        120        192        564         36      20905   system_bluenrg1.o

    ----------------------------------------------------------------------
      9726       2350        388        648      16756     290516   Object Totals
         0          0        144          0       5120          0   (incl. Generated)
        24          0          0          9          0          0   (incl. Padding)

    ----------------------------------------------------------------------

      Code (inc. data)   RO Data    RW Data    ZI Data      Debug   Library Member Name

      3112        270        284          0          0          0   aci_events.o
       468         38          0          0          0          0   acl.o
       268          0          0          0          0          0   acl_list.o
      1596         40          0          0          0          0   advance_wakeup_time.o
      5784         66         16          0          0          0   att.o
       206         10          0          0          0          0   bluenrg_gap_aci.o
       216          0          0          0          0          0   bluenrg_gatt_aci.o
        16          0          0          0          0          0   bluenrg_hal_aci.o
      1020        102          0          0          0          0   bluenrg_main_func.o
        88         10          0          0          0          0   bluenrg_main_func_speed.o
       296         18          0          0          0          0   device_id_data.o
      1978         80          0          0          0          0   gap.o
        60          4          0          0          0          0   gatt_client.o
      7970        224          0          0          0          0   gatt_server.o
       750         42          0          0          0          0   hal.o
       496         30          0          0          0          0   hci.o
       962        124          0          0          0          0   host_timer.o
       500         32          0          0          0          0   isr_postproc.o
       344         18          0          0          0          0   isr_routines.o
      1782         62          0          0          0          0   l2cap.o
      3958        186         26         72          0          0   ll_isr.o
       452         42          0          0          0          0   ll_privacy.o
       374         26          0          0          0          0   ll_routines.o
      1964         38          0          0          0          0   ll_routines_master.o
       316         34          0          0          0          0   ll_routines_support.o
       796         20          0          4         52          0   mem_alloc.o
      1122          0          0          0          0          0   mem_buff.o
      2972        158          0          0          0          0   multi_master_time.o
        76         16          0          0          0          0   nvm.o
       690         42          0          0          0          0   pm.o
       344          0          0          0          0          0   rom_att.o
       700         36          0          0          0          0   rom_gap.o
       148         16          0          0          0          0   rom_gap_rom.o
       146          4          0          0          0          0   rom_gatt_server.o
       114          0          0          0          0          0   rom_list.o
       330          8          0          0          0          0   rom_ll_isr_postproc.o
      1168         54          0          0          0          0   rom_ll_isr_routines.o
      3032        184          0          0          0          0   rom_ll_ll_routines.o
       124         22          0          0          0          0   rom_ll_routines_support.o
       316         44         16          0          0          0   rom_ll_timehandling.o
      1278         52          0          0          0          0   routines_support.o
      2536         64          0          0          0          0   sdb.o
      3680        104         25          0          0          0   securitymgr.o
       832         26          0          0          0          0   smp_algo_sap.o
      3134         86          0          0          0          0   smp_common.o
        66          4          0          0          0          0   smp_scv42_caf.o
        40          0          0          0          0          0   smp_scv42_sap.o
        44          0          0          0          0          0   utils.o
        86          0          0          0          0          0   __dczerorl2.o
         0          0          0          0          0          0   entry.o
         0          0          0          0          0          0   entry10a.o
         0          0          0          0          0          0   entry11a.o
         8          4          0          0          0          0   entry3.o
         4          0          0          0          0          0   entry5.o
         0          0          0          0          0          0   entry7b.o
         0          0          0          0          0          0   entry8b.o
         8          4          0          0          0          0   entry9a.o
        30          0          0          0          0          0   handlers.o
        40          0          0          0          0         72   idiv.o
        36          8          0          0          0         68   init.o
         0          0          0          0          0          0   iusefp.o
        32          0          0          0          0         68   llshl.o
        38          0          0          0          0         68   llsshr.o
        34          0          0          0          0         68   llushr.o
        26          0          0          0          0         72   memcmp.o
        66          0          0          0          0         68   memmove.o
        36          0          0          0          0        100   memseta.o
      2252         98          0          0          0        412   printfa.o
        30          0          0          0          0         72   strncmp.o
        44          0          0          0          0         72   uidiv.o
        96          0          0          0          0         84   uldiv.o
        20          0          0          0          0         60   uread4.o
        40          2          0          0          0         68   cdrcmple.o
       356          4          0          0          0        140   dadd.o
       240          6          0          0          0         84   ddiv.o
       236          0          0          0          0        216   depilogue.o
        64         10          0          0          0         68   dfixul.o
       208          6          0          0          0         88   dmul.o
        40          0          0          0          0         60   f2d.o
       124          0          0          0          0         72   fdiv.o
       130          0          0          0          0        144   fepilogue.o
        50          0          0          0          0         60   ffixi.o
        22          0          0          0          0         68   fflti.o
       122          0          0          0          0         72   fmul.o

    ----------------------------------------------------------------------
     63278       2578        372         76         52       2424   Library Totals
        96          0          5          0          0          0   (incl. Padding)

    ----------------------------------------------------------------------

      Code (inc. data)   RO Data    RW Data    ZI Data      Debug   Library Name

     58664       2436        367         76         52          0   libbluenrg1_stack.a
      2886        114          0          0          0       1284   mc_p.l
      1632         28          0          0          0       1140   mf_p.l

    ----------------------------------------------------------------------
     63278       2578        372         76         52       2424   Library Totals

    ----------------------------------------------------------------------

==============================================================================


      Code (inc. data)   RO Data    RW Data    ZI Data      Debug   

     73004       4928        760        724      16808     285720   Grand Totals
     73004       4928        760        208      16808     285720   ELF Image Totals (compressed)
     73004       4928        760        208          0          0   ROM Totals

==============================================================================

    Total RO  Size (Code + RO Data)                73764 (  72.04kB)
    Total RW  Size (RW Data + ZI Data)             17532 (  17.12kB)
    Total ROM Size (Code + RO Data + RW Data)      73972 (  72.24kB)

==============================================================================

